Archive member included because of file (symbol)

contiki-z1.a(er-coap.o)       er-example-client-temperature.co (coap_init_message)
contiki-z1.a(er-coap-engine.)
                              er-example-client-temperature.co (coap_init_engine)
contiki-z1.a(er-coap-transac)
                              contiki-z1.a(er-coap-engine.) (coap_register_as_transaction_handler)
contiki-z1.a(er-coap-observe)
                              contiki-z1.a(er-coap-transac) (coap_remove_observer_by_client)
contiki-z1.a(er-coap-separat)
                              obj_z1/res-separate.o (coap_separate_reject)
contiki-z1.a(er-coap-res-wel)
                              contiki-z1.a(er-coap-engine.) (res_well_known_core)
contiki-z1.a(er-coap-block1.)
                              obj_z1/res-b1-sep-b2.o (coap_block1_handler)
contiki-z1.a(er-coap-observe)
                              contiki-z1.a(er-coap-engine.) (coap_handle_notification)
contiki-z1.a(rest-engine.o)   contiki-z1.a(er-coap-engine.) (rest_activate_resource)
contiki-z1.a(contiki-z1-plat)
                              obj_z1/contiki-z1-main.o (init_platform)
contiki-z1.a(msp430.o)        obj_z1/contiki-z1-main.o (splhigh_)
contiki-z1.a(leds.o)          obj_z1/contiki-z1-main.o (leds_init)
contiki-z1.a(watchdog.o)      obj_z1/contiki-z1-main.o (watchdog_start)
contiki-z1.a(xmem.o)          obj_z1/contiki-z1-main.o (xmem_init)
contiki-z1.a(spi.o)           contiki-z1.a(xmem.o) (spi_init)
contiki-z1.a(cc2420.o)        obj_z1/contiki-z1-main.o (cc2420_set_pan_addr)
contiki-z1.a(cc2420-arch.o)   contiki-z1.a(cc2420.o) (cc2420_arch_init)
contiki-z1.a(node-id.o)       obj_z1/contiki-z1-main.o (node_id_restore)
contiki-z1.a(sensors.o)       er-example-client-temperature.co (sensors_event)
contiki-z1.a(button-sensor.o)
                              er-example-client-temperature.co (button_sensor)
contiki-z1.a(radio-sensor.o)  obj_z1/res-radio.o (radio_sensor)
contiki-z1.a(uart0.o)         obj_z1/contiki-z1-main.o (uart0_active)
contiki-z1.a(uart0-putchar.o)
                              obj_z1/res-b1-sep-b2.o (putchar)
contiki-z1.a(z1-phidgets.o)   obj_z1/res-motion.o (phidgets)
contiki-z1.a(battery-sensor.)
                              obj_z1/res-battery.o (battery_sensor)
contiki-z1.a(sky-sensors.o)   contiki-z1.a(battery-sensor.) (sky_sensors_status)
contiki-z1.a(relay-phidget.o)
                              obj_z1/res-light-bulb.o (relay_toggle)
contiki-z1.a(adxl345.o)       obj_z1/contiki-z1-main.o (accm_init)
contiki-z1.a(clock.o)         obj_z1/contiki-z1-main.o (clock_init)
contiki-z1.a(leds-arch.o)     contiki-z1.a(leds.o) (leds_arch_init)
contiki-z1.a(rtimer-arch.o)   obj_z1/contiki-z1-main.o (rtimer_arch_now)
contiki-z1.a(autostart.o)     obj_z1/contiki-z1-main.o (autostart_start)
contiki-z1.a(ctimer.o)        obj_z1/contiki-z1-main.o (ctimer_init)
contiki-z1.a(energest.o)      obj_z1/contiki-z1-main.o (energest_init)
contiki-z1.a(etimer.o)        contiki-z1.a(clock.o) (etimer_request_poll)
contiki-z1.a(process.o)       contiki-z1.a(er-coap-engine.) (process_current)
contiki-z1.a(rtimer.o)        obj_z1/contiki-z1-main.o (rtimer_init)
contiki-z1.a(timer.o)         contiki-z1.a(button-sensor.o) (timer_set)
contiki-z1.a(list.o)          contiki-z1.a(rest-engine.o) (list_init)
contiki-z1.a(memb.o)          contiki-z1.a(er-coap-transac) (memb_alloc)
contiki-z1.a(random.o)        contiki-z1.a(er-coap.o) (random_rand)
contiki-z1.a(sicslowpan.o)    obj_z1/contiki-z1-main.o (sicslowpan_driver)
contiki-z1.a(uip6.o)          contiki-z1.a(er-coap-engine.) (uip_aligned_buf)
contiki-z1.a(uip-ds6.o)       contiki-z1.a(uip6.o) (uip_ds6_is_addr_onlink)
contiki-z1.a(uip-ds6-nbr.o)   contiki-z1.a(uip-ds6.o) (uip_ds6_neighbors_init)
contiki-z1.a(uip-ds6-route.o)
                              contiki-z1.a(uip-ds6.o) (uip_ds6_route_init)
contiki-z1.a(uip-icmp6.o)     contiki-z1.a(uip6.o) (uip_icmp6_input)
contiki-z1.a(uip-nd6.o)       contiki-z1.a(uip-ds6-nbr.o) (uip_nd6_ns_output)
contiki-z1.a(ip64-addr.o)     er-example-client-temperature.co (ip64_addr_4to6)
contiki-z1.a(tcpip.o)         contiki-z1.a(sicslowpan.o) (tcpip_set_outputfunc)
contiki-z1.a(uip-debug.o)     contiki-z1.a(uip-ds6-route.o) (uip_debug_ipaddr_print)
contiki-z1.a(uip-nameserver.)
                              er-example-client-temperature.co (uip_nameserver_update)
contiki-z1.a(uip-udp-packet.)
                              contiki-z1.a(er-coap.o) (uip_udp_packet_send)
contiki-z1.a(rpl.o)           contiki-z1.a(uip-ds6-nbr.o) (rpl_link_neighbor_callback)
contiki-z1.a(rpl-dag.o)       contiki-z1.a(rpl.o) (default_instance)
contiki-z1.a(rpl-ext-header.)
                              contiki-z1.a(uip6.o) (rpl_verify_header)
contiki-z1.a(rpl-icmp6.o)     contiki-z1.a(rpl.o) (dao_output_target)
contiki-z1.a(rpl-mrhof.o)     contiki-z1.a(rpl.o) (rpl_mrhof)
contiki-z1.a(rpl-timers.o)    contiki-z1.a(rpl.o) (rpl_reset_periodic_timer)
contiki-z1.a(linkaddr.o)      obj_z1/contiki-z1-main.o (linkaddr_copy)
[...]
Memory Configuration

Name             Origin             Length             Attributes
sfr              0x00000000         0x00000010
peripheral_8bit  0x00000010         0x000000f0
peripheral_16bit 0x00000100         0x00000100
ram_mirror       0x00000200         0x00000800         xw
infomem          0x00001000         0x00000100
infod            0x00001000         0x00000040
infoc            0x00001040         0x00000040
infob            0x00001080         0x00000040
infoa            0x000010c0         0x00000040
ram              0x00001100         0x00002000         xw
rom              0x00003100         0x0000cebe         xr
vectors          0x0000ffc0         0x00000040
far_rom          0x00010000         0x0000a000
bsl              0x00000000         0x00000000
ram2             0x00000000         0x00000000         xw
usbram           0x00000000         0x00000000         xw
*default*        0x00000000         0xffffffff

Linker script and memory map

LOAD /usr/local/msp430/bin/../lib/gcc/msp430/4.7.0/mcpu-430x/mmpy-16/msr20/mc20/crt0ivtbl32.o
                0x00000041                __P1SEL2 = 0x41
                0x00000045                __P5SEL2 = 0x45
LOAD er-example-client-temperature.co
LOAD obj_z1/res-push.o
LOAD obj_z1/res-sub.o
LOAD obj_z1/res-sht11.o
LOAD obj_z1/res-event.o
LOAD obj_z1/res-light-bulb.o
LOAD obj_z1/res-alarm.o
LOAD obj_z1/res-motion.o
LOAD obj_z1/res-battery.o
LOAD obj_z1/res-b1-sep-b2.o
LOAD obj_z1/res-radio.o
LOAD obj_z1/res-mirror.o
LOAD obj_z1/res-leds.o
LOAD obj_z1/res-chunks.o
LOAD obj_z1/res-light.o
LOAD obj_z1/res-hello.o
LOAD obj_z1/res-toggle.o
LOAD obj_z1/res-separate.o
LOAD obj_z1/contiki-z1-main.o
LOAD contiki-z1.a
LOAD /usr/local/msp430/bin/../lib/gcc/msp430/4.7.0/mcpu-430x/mmpy-16/msr20/mc20/libgcc.a
LOAD /usr/local/msp430/bin/../lib/gcc/msp430/4.7.0/../../../../msp430/lib/mcpu-430x/mmpy-16/msr20/mc20/libc.a
LOAD /usr/local/msp430/bin/../lib/gcc/msp430/4.7.0/mcpu-430x/mmpy-16/msr20/mc20/libgcc.a
LOAD /usr/local/msp430/bin/../lib/gcc/msp430/4.7.0/mcpu-430x/mmpy-16/msr20/mc20/libcrt0.a
                0x00000040                PROVIDE (__info_segment_size, 0x40)
                0x00001000                PROVIDE (__infod, 0x1000)
                0x00001040                PROVIDE (__infoc, 0x1040)
                0x00001080                PROVIDE (__infob, 0x1080)
                0x000010c0                PROVIDE (__infoa, 0x10c0)
                0x00000000                __IE1 = 0x0
                0x00000002                __IFG1 = 0x2
                0x00000001                __IE2 = 0x1
                0x00000003                __IFG2 = 0x3
                0x00000006                __UC1IE = 0x6
                0x00000007                __UC1IFG = 0x7
                0x000001a0                __ADC12CTL0 = 0x1a0
                0x000001a2                __ADC12CTL1 = 0x1a2
                0x000001a4                __ADC12IFG = 0x1a4
                0x000001a6                __ADC12IE = 0x1a6
                0x000001a8                __ADC12IV = 0x1a8
                0x00000140                __ADC12MEM0 = 0x140
                0x00000142                __ADC12MEM1 = 0x142
                0x00000144                __ADC12MEM2 = 0x144
                0x00000146                __ADC12MEM3 = 0x146
                0x00000148                __ADC12MEM4 = 0x148
                0x0000014a                __ADC12MEM5 = 0x14a
                0x0000014c                __ADC12MEM6 = 0x14c
                0x0000014e                __ADC12MEM7 = 0x14e
                0x00000150                __ADC12MEM8 = 0x150
                0x00000152                __ADC12MEM9 = 0x152
                0x00000154                __ADC12MEM10 = 0x154
                0x00000156                __ADC12MEM11 = 0x156
                0x00000158                __ADC12MEM12 = 0x158
                0x0000015a                __ADC12MEM13 = 0x15a
                0x0000015c                __ADC12MEM14 = 0x15c
                0x0000015e                __ADC12MEM15 = 0x15e
                0x00000080                __ADC12MCTL0 = 0x80
                0x00000081                __ADC12MCTL1 = 0x81
                0x00000082                __ADC12MCTL2 = 0x82
                0x00000083                __ADC12MCTL3 = 0x83
                0x00000084                __ADC12MCTL4 = 0x84
                0x00000085                __ADC12MCTL5 = 0x85
                0x00000086                __ADC12MCTL6 = 0x86
                0x00000087                __ADC12MCTL7 = 0x87
                0x00000088                __ADC12MCTL8 = 0x88
                0x00000089                __ADC12MCTL9 = 0x89
                0x0000008a                __ADC12MCTL10 = 0x8a
                0x0000008b                __ADC12MCTL11 = 0x8b
                0x0000008c                __ADC12MCTL12 = 0x8c
                0x0000008d                __ADC12MCTL13 = 0x8d
                0x0000008e                __ADC12MCTL14 = 0x8e
                0x0000008f                __ADC12MCTL15 = 0x8f
                0x00000056                __DCOCTL = 0x56
                0x00000057                __BCSCTL1 = 0x57
                0x00000058                __BCSCTL2 = 0x58
                0x00000053                __BCSCTL3 = 0x53
                0x00000059                __CACTL1 = 0x59
                0x0000005a                __CACTL2 = 0x5a
                0x0000005b                __CAPD = 0x5b
                0x000001c0                __DAC12_0CTL = 0x1c0
                0x000001c2                __DAC12_1CTL = 0x1c2
                0x000001c8                __DAC12_0DAT = 0x1c8
                0x000001ca                __DAC12_1DAT = 0x1ca
                0x00000122                __DMACTL0 = 0x122
                0x00000124                __DMACTL1 = 0x124
                0x00000126                __DMAIV = 0x126
                0x000001d0                __DMA0CTL = 0x1d0
                0x000001dc                __DMA1CTL = 0x1dc
                0x000001e8                __DMA2CTL = 0x1e8
                0x000001d2                __DMA0SA = 0x1d2
                0x000001d2                __DMA0SAL = 0x1d2
                0x000001d6                __DMA0DA = 0x1d6
                0x000001d6                __DMA0DAL = 0x1d6
                0x000001da                __DMA0SZ = 0x1da
                0x000001de                __DMA1SA = 0x1de
                0x000001de                __DMA1SAL = 0x1de
                0x000001e2                __DMA1DA = 0x1e2
                0x000001e2                __DMA1DAL = 0x1e2
                0x000001e6                __DMA1SZ = 0x1e6
                0x000001ea                __DMA2SA = 0x1ea
                0x000001ea                __DMA2SAL = 0x1ea
                0x000001ee                __DMA2DA = 0x1ee
                0x000001ee                __DMA2DAL = 0x1ee
                0x000001f2                __DMA2SZ = 0x1f2
                0x00000128                __FCTL1 = 0x128
                0x0000012a                __FCTL2 = 0x12a
                0x0000012c                __FCTL3 = 0x12c
                0x000001be                __FCTL4 = 0x1be
                0x00000130                __MPY = 0x130
                0x00000132                __MPYS = 0x132
                0x00000134                __MAC = 0x134
                0x00000136                __MACS = 0x136
                0x00000138                __OP2 = 0x138
                0x0000013a                __RESLO = 0x13a
                0x0000013c                __RESHI = 0x13c
                0x0000013e                __SUMEXT = 0x13e
                0x00000020                __P1IN = 0x20
                0x00000021                __P1OUT = 0x21
                0x00000022                __P1DIR = 0x22
                0x00000023                __P1IFG = 0x23
                0x00000024                __P1IES = 0x24
                0x00000025                __P1IE = 0x25
                0x00000026                __P1SEL = 0x26
                0x00000027                __P1REN = 0x27
                0x00000028                __P2IN = 0x28
                0x00000029                __P2OUT = 0x29
                0x0000002a                __P2DIR = 0x2a
                0x0000002b                __P2IFG = 0x2b
                0x0000002c                __P2IES = 0x2c
                0x0000002d                __P2IE = 0x2d
                0x0000002e                __P2SEL = 0x2e
                0x0000002f                __P2REN = 0x2f
                0x00000018                __P3IN = 0x18
                0x00000019                __P3OUT = 0x19
                0x0000001a                __P3DIR = 0x1a
                0x0000001b                __P3SEL = 0x1b
                0x00000010                __P3REN = 0x10
                0x0000001c                __P4IN = 0x1c
                0x0000001d                __P4OUT = 0x1d
                0x0000001e                __P4DIR = 0x1e
                0x0000001f                __P4SEL = 0x1f
                0x00000011                __P4REN = 0x11
                0x00000030                __P5IN = 0x30
                0x00000031                __P5OUT = 0x31
                0x00000032                __P5DIR = 0x32
                0x00000033                __P5SEL = 0x33
                0x00000012                __P5REN = 0x12
                0x00000034                __P6IN = 0x34
                0x00000035                __P6OUT = 0x35
                0x00000036                __P6DIR = 0x36
                0x00000037                __P6SEL = 0x37
                0x00000013                __P6REN = 0x13
                0x00000038                __P7IN = 0x38
                0x0000003a                __P7OUT = 0x3a
                0x0000003c                __P7DIR = 0x3c
                0x0000003e                __P7SEL = 0x3e
                0x00000014                __P7REN = 0x14
                0x00000039                __P8IN = 0x39
                0x0000003b                __P8OUT = 0x3b
                0x0000003d                __P8DIR = 0x3d
                0x0000003f                __P8SEL = 0x3f
                0x00000015                __P8REN = 0x15
                0x00000038                __PAIN = 0x38
                0x0000003a                __PAOUT = 0x3a
                0x0000003c                __PADIR = 0x3c
                0x0000003e                __PASEL = 0x3e
                0x00000014                __PAREN = 0x14
                0x00000055                __SVSCTL = 0x55
                0x0000012e                __TAIV = 0x12e
                0x00000160                __TACTL = 0x160
                0x00000162                __TACCTL0 = 0x162
                0x00000164                __TACCTL1 = 0x164
                0x00000166                __TACCTL2 = 0x166
                0x00000170                __TAR = 0x170
                0x00000172                __TACCR0 = 0x172
                0x00000174                __TACCR1 = 0x174
                0x00000176                __TACCR2 = 0x176
                0x0000011e                __TBIV = 0x11e
                0x00000180                __TBCTL = 0x180
                0x00000182                __TBCCTL0 = 0x182
                0x00000184                __TBCCTL1 = 0x184
                0x00000186                __TBCCTL2 = 0x186
                0x00000188                __TBCCTL3 = 0x188
                0x0000018a                __TBCCTL4 = 0x18a
                0x0000018c                __TBCCTL5 = 0x18c
                0x0000018e                __TBCCTL6 = 0x18e
                0x00000190                __TBR = 0x190
                0x00000192                __TBCCR0 = 0x192
                0x00000194                __TBCCR1 = 0x194
                0x00000196                __TBCCR2 = 0x196
                0x00000198                __TBCCR3 = 0x198
                0x0000019a                __TBCCR4 = 0x19a
                0x0000019c                __TBCCR5 = 0x19c
                0x0000019e                __TBCCR6 = 0x19e
                0x00000060                __UCA0CTL0 = 0x60
                0x00000061                __UCA0CTL1 = 0x61
                0x00000062                __UCA0BR0 = 0x62
                0x00000063                __UCA0BR1 = 0x63
                0x00000064                __UCA0MCTL = 0x64
                0x00000065                __UCA0STAT = 0x65
                0x00000066                __UCA0RXBUF = 0x66
                0x00000067                __UCA0TXBUF = 0x67
                0x0000005d                __UCA0ABCTL = 0x5d
                0x0000005e                __UCA0IRTCTL = 0x5e
                0x0000005f                __UCA0IRRCTL = 0x5f
                0x00000068                __UCB0CTL0 = 0x68
                0x00000069                __UCB0CTL1 = 0x69
                0x0000006a                __UCB0BR0 = 0x6a
                0x0000006b                __UCB0BR1 = 0x6b
                0x0000006c                __UCB0I2CIE = 0x6c
                0x0000006d                __UCB0STAT = 0x6d
                0x0000006e                __UCB0RXBUF = 0x6e
                0x0000006f                __UCB0TXBUF = 0x6f
                0x00000118                __UCB0I2COA = 0x118
                0x0000011a                __UCB0I2CSA = 0x11a
                0x000000d0                __UCA1CTL0 = 0xd0
                0x000000d1                __UCA1CTL1 = 0xd1
                0x000000d2                __UCA1BR0 = 0xd2
                0x000000d3                __UCA1BR1 = 0xd3
                0x000000d4                __UCA1MCTL = 0xd4
                0x000000d5                __UCA1STAT = 0xd5
                0x000000d6                __UCA1RXBUF = 0xd6
                0x000000d7                __UCA1TXBUF = 0xd7
                0x000000cd                __UCA1ABCTL = 0xcd
                0x000000ce                __UCA1IRTCTL = 0xce
                0x000000cf                __UCA1IRRCTL = 0xcf
                0x000000d8                __UCB1CTL0 = 0xd8
                0x000000d9                __UCB1CTL1 = 0xd9
                0x000000da                __UCB1BR0 = 0xda
                0x000000db                __UCB1BR1 = 0xdb
                0x000000dc                __UCB1I2CIE = 0xdc
                0x000000dd                __UCB1STAT = 0xdd
                0x000000de                __UCB1RXBUF = 0xde
                0x000000df                __UCB1TXBUF = 0xdf
                0x0000017c                __UCB1I2COA = 0x17c
                0x0000017e                __UCB1I2CSA = 0x17e
                0x00000120                __WDTCTL = 0x120
                0x000010c0                __TLV_CHECKSUM = 0x10c0
                0x000010f6                __TLV_DCO_30_TAG = 0x10f6
                0x000010f7                __TLV_DCO_30_LEN = 0x10f7
                0x000010da                __TLV_ADC12_1_TAG = 0x10da
                0x000010db                __TLV_ADC12_1_LEN = 0x10db
                0x000010f8                __CALDCO_16MHZ = 0x10f8
                0x000010f9                __CALBC1_16MHZ = 0x10f9
                0x000010fa                __CALDCO_12MHZ = 0x10fa
                0x000010fb                __CALBC1_12MHZ = 0x10fb
                0x000010fc                __CALDCO_8MHZ = 0x10fc
                0x000010fd                __CALBC1_8MHZ = 0x10fd
                0x000010fe                __CALDCO_1MHZ = 0x10fe
                0x000010ff                __CALBC1_1MHZ = 0x10ff

.hash
 *(.hash)

.dynsym
 *(.dynsym)

.dynstr
 *(.dynstr)

.gnu.version
 *(.gnu.version)

.gnu.version_d
 *(.gnu.version_d)

.gnu.version_r
 *(.gnu.version_r)

.rel.init
 *(.rel.init)

.rela.init
 *(.rela.init)

.rel.fini
 *(.rel.fini)

.rela.fini
 *(.rela.fini)

.rel.text
 *(.rel.text .rel.text.* .rel.gnu.linkonce.t.*)

.rela.text
 *(.rela.text .rela.text.* .rela.gnu.linkonce.t.*)

.rel.rodata
 *(.rel.rodata .rel.rodata.* .rel.gnu.linkonce.r.*)

.rela.rodata
 *(.rela.rodata .rela.rodata.* .rela.gnu.linkonce.r.*)

.rel.data
 *(.rel.data .rel.data.* .rel.gnu.linkonce.d.*)

.rela.data
 *(.rela.data .rela.data.* .rela.gnu.linkonce.d.*)

.rel.bss
 *(.rel.bss .rel.bss.* .rel.gnu.linkonce.b.*)

.rela.bss
 *(.rela.bss .rela.bss.* .rela.gnu.linkonce.b.*)

.rel.ctors
 *(.rel.ctors)

.rela.ctors
 *(.rela.ctors)

.rel.dtors
 *(.rel.dtors)

.rela.dtors
 *(.rela.dtors)

.rel.got
 *(.rel.got)

.rela.got
 *(.rela.got)

.rel.plt
 *(.rel.plt)

.rela.plt
 *(.rela.plt)

.text           0x00003100     0xb42e
                0x00003100                . = ALIGN (0x2)
 *(.init .init.*)
 *(.init0)
 .init0         0x00003100        0x0 /usr/local/msp430/bin/../lib/gcc/msp430/4.7.0/mcpu-430x/mmpy-16/msr20/mc20/libcrt0.a(_reset_vector__.o)
                0x00003100                _reset_vector__
 *(.init1)
 .init1         0x00003100        0xc /usr/local/msp430/bin/../lib/gcc/msp430/4.7.0/mcpu-430x/mmpy-16/msr20/mc20/libcrt0.a(__watchdog_support.o)
                0x00003100                __watchdog_support
 *(.init2)
 .init2         0x0000310c        0x4 /usr/local/msp430/bin/../lib/gcc/msp430/4.7.0/mcpu-430x/mmpy-16/msr20/mc20/libcrt0.a(__init_stack.o)
                0x0000310c                __init_stack
 *(.init3)
 .init3         0x00003110        0x0 /usr/local/msp430/bin/../lib/gcc/msp430/4.7.0/mcpu-430x/mmpy-16/msr20/mc20/libcrt0.a(__low_level_init.o)
                0x00003110                __low_level_init
 *(.init4)
 .init4         0x00003110       0x18 /usr/local/msp430/bin/../lib/gcc/msp430/4.7.0/mcpu-430x/mmpy-16/msr20/mc20/libcrt0.a(_copy_data.o)
                0x00003110                __do_copy_data
 .init4         0x00003128       0x16 /usr/local/msp430/bin/../lib/gcc/msp430/4.7.0/mcpu-430x/mmpy-16/msr20/mc20/libcrt0.a(_clear_bss.o)
                0x00003128                __do_clear_bss
 *(.init5)
 *(.init6)
 *(.init7)
 *(.init8)
 *(.init9)
 .init9         0x0000313e      0x35c obj_z1/contiki-z1-main.o
                0x0000313e                main
 *(.fini9)
 .fini9         0x0000349a        0x0 /usr/local/msp430/bin/../lib/gcc/msp430/4.7.0/mcpu-430x/mmpy-16/msr20/mc20/libcrt0.a(__stop_progExec__.o)
                0x0000349a                __stop_progExec__
 *(.fini8)
 *(.fini7)
 *(.fini6)
 *(.fini5)
 *(.fini4)
 *(.fini3)
 *(.fini2)
 *(.fini1)
 *(.fini0)
 .fini0         0x0000349a        0x6 /usr/local/msp430/bin/../lib/gcc/msp430/4.7.0/mcpu-430x/mmpy-16/msr20/mc20/libcrt0.a(_endless_loop__.o)
                0x0000349a                _endless_loop__
 *(.fini .fini.*)
                0x000034a0                . = ALIGN (0x2)
                0x000034a0                __ctors_start = .
 *(.ctors)
                0x000034a0                __ctors_end = .
                0x000034a0                __dtors_start = .
 *(.dtors)
                0x000034a0                __dtors_end = .
                0x000034a0                . = ALIGN (0x2)
 *(.text .text.* .gnu.linkonce.t.*)
 .text          0x000034a0        0x4 /usr/local/msp430/bin/../lib/gcc/msp430/4.7.0/mcpu-430x/mmpy-16/msr20/mc20/crt0ivtbl32.o
                0x000034a0                __isr_14
                0x000034a0                __isr_4
                0x000034a0                __isr_29
                0x000034a0                __isr_11
                0x000034a0                __isr_5
                0x000034a0                __isr_2
                0x000034a0                __isr_10
                0x000034a0                __isr_7
                0x000034a0                __isr_0
                0x000034a0                __isr_28
                0x000034a0                __isr_8
                0x000034a0                __isr_20
                0x000034a0                __isr_3
                0x000034a0                __isr_12
                0x000034a0                __isr_13
                0x000034a0                __isr_27
                0x000034a0                __isr_9
                0x000034a0                __isr_30
                0x000034a0                __isr_6
                0x000034a0                __isr_22
                0x000034a0                __isr_1
                0x000034a0                __isr_15
                0x000034a0                __isr_21
 .text.libgcc   0x000034a4       0x26 /usr/local/msp430/bin/../lib/gcc/msp430/4.7.0/mcpu-430x/mmpy-16/msr20/mc20/libgcc.a(_mulsi3.o)
                0x000034a4                __mulsi3
 .text.libgcc   0x000034ca       0x22 /usr/local/msp430/bin/../lib/gcc/msp430/4.7.0/mcpu-430x/mmpy-16/msr20/mc20/libgcc.a(_udivmod16.o)
                0x000034ca                __udivhi3
                0x000034ca                __ext_udivmod16
                0x000034e4                __umodhi3
 .text.libgcc   0x000034ec       0x3a /usr/local/msp430/bin/../lib/gcc/msp430/4.7.0/mcpu-430x/mmpy-16/msr20/mc20/libgcc.a(_divmod16.o)
                0x000034ec                __ext_divmod16
                0x000034ec                __divhi3
                0x0000351e                __modhi3
 .text.libgcc   0x00003526       0x38 /usr/local/msp430/bin/../lib/gcc/msp430/4.7.0/mcpu-430x/mmpy-16/msr20/mc20/libgcc.a(_udivmod32.o)
                0x00003526                __udivsi3
                0x00003526                __ext_udivmod32
                0x00003554                __umodsi3
 .text.printf   0x0000355e       0x10 /usr/local/msp430/bin/../lib/gcc/msp430/4.7.0/../../../../msp430/lib/mcpu-430x/mmpy-16/msr20/mc20/libc.a(printf.o)
                0x0000355e                printf
 .text.append   0x0000356e       0x22 /usr/local/msp430/bin/../lib/gcc/msp430/4.7.0/../../../../msp430/lib/mcpu-430x/mmpy-16/msr20/mc20/libc.a(sprintf.o)
 .text.call_vuprintf
                0x00003590       0x36 /usr/local/msp430/bin/../lib/gcc/msp430/4.7.0/../../../../msp430/lib/mcpu-430x/mmpy-16/msr20/mc20/libc.a(sprintf.o)
 .text.snprintf
                0x000035c6       0x1c /usr/local/msp430/bin/../lib/gcc/msp430/4.7.0/../../../../msp430/lib/mcpu-430x/mmpy-16/msr20/mc20/libc.a(sprintf.o)
                0x000035c6                snprintf
 .text.print_field
                0x000035e2      0x176 /usr/local/msp430/bin/../lib/gcc/msp430/4.7.0/../../../../msp430/lib/mcpu-430x/mmpy-16/msr20/mc20/libc.a(vuprintf.o)
 .text.vuprintf
                0x00003758      0x74c /usr/local/msp430/bin/../lib/gcc/msp430/4.7.0/../../../../msp430/lib/mcpu-430x/mmpy-16/msr20/mc20/libc.a(vuprintf.o)
                0x00003758                vuprintf
 .text.puts     0x00003ea4       0x2c /usr/local/msp430/bin/../lib/gcc/msp430/4.7.0/../../../../msp430/lib/mcpu-430x/mmpy-16/msr20/mc20/libc.a(puts.o)
                0x00003ea4                puts
 .text.rand     0x00003ed0       0x26 /usr/local/msp430/bin/../lib/gcc/msp430/4.7.0/../../../../msp430/lib/mcpu-430x/mmpy-16/msr20/mc20/libc.a(rand.o)
                0x00003ed0                rand
 .text.memcmp   0x00003ef6       0x2c /usr/local/msp430/bin/../lib/gcc/msp430/4.7.0/../../../../msp430/lib/mcpu-430x/mmpy-16/msr20/mc20/libc.a(memcmp.o)
                0x00003ef6                memcmp
 .text.memcpy   0x00003f22       0xe8 /usr/local/msp430/bin/../lib/gcc/msp430/4.7.0/../../../../msp430/lib/mcpu-430x/mmpy-16/msr20/mc20/libc.a(memcpy.o)
                0x00003f22                memcpy
 .text.memmove  0x0000400a       0xe8 /usr/local/msp430/bin/../lib/gcc/msp430/4.7.0/../../../../msp430/lib/mcpu-430x/mmpy-16/msr20/mc20/libc.a(memmove.o)
                0x0000400a                memmove
 .text.memset   0x000040f2       0x5c /usr/local/msp430/bin/../lib/gcc/msp430/4.7.0/../../../../msp430/lib/mcpu-430x/mmpy-16/msr20/mc20/libc.a(memset.o)
                0x000040f2                memset
 .text.libgcc   0x0000414e       0xbc /usr/local/msp430/bin/../lib/gcc/msp430/4.7.0/mcpu-430x/mmpy-16/msr20/mc20/libgcc.a(_udivmod64.o)
                0x0000414e                __xabi_udivmod64
                0x000041a0                __udivdi3
                0x000041ba                __umoddi3
                0x000041dc                __udivmoddi4
 .text.crt0     0x0000420a        0x2 /usr/local/msp430/bin/../lib/gcc/msp430/4.7.0/mcpu-430x/mmpy-16/msr20/mc20/libcrt0.a(_unexpected_.o)
                0x0000420a                _unexpected_
 *(.near.text .near.text.*)
 .near.text.watchdog_interrupt
                0x0000420c        0x6 contiki-z1.a(watchdog.o)
                0x0000420c                __isr_26
                0x0000420c                watchdog_interrupt
 .near.text.irq_p2
                0x00004212       0x76 contiki-z1.a(button-sensor.o)
                0x00004212                irq_p2
                0x00004212                __isr_19
 .near.text.uart0_rx_interrupt
                0x00004288       0x64 contiki-z1.a(uart0.o)
                0x00004288                __isr_23
                0x00004288                uart0_rx_interrupt
 .near.text.port1_isr
                0x000042ec       0xbe contiki-z1.a(adxl345.o)
                0x000042ec                port1_isr
                0x000042ec                __isr_18
 .near.text.timera1
                0x000043aa      0x10a contiki-z1.a(clock.o)
                0x000043aa                __isr_24
                0x000043aa                timera1
 .near.text.timera0
                0x000044b4       0x5c contiki-z1.a(rtimer-arch.o)
                0x000044b4                __isr_25
                0x000044b4                timera0
 .near.text.i2c_tx_interrupt
                0x00004510       0x84 contiki-z1.a(i2cmaster.o)
                0x00004510                __isr_16
                0x00004510                i2c_tx_interrupt
 .near.text.i2c_rx_interrupt
                0x00004594       0x14 contiki-z1.a(i2cmaster.o)
                0x00004594                i2c_rx_interrupt
                0x00004594                __isr_17
 .any.text.process_thread_time_service_client
                0x000045a8       0x44 er-example-client-temperature.co
 .any.text.process_thread_er_example_temperature_client
                0x000045ec      0x1c0 er-example-client-temperature.co
 .any.text.client_chunk_temperature_handler
                0x000047ac       0x30 er-example-client-temperature.co
                0x000047ac                client_chunk_temperature_handler
 .any.text.coap_parse_int_option
                0x000047dc       0x36 contiki-z1.a(er-coap.o)
 .any.text.coap_merge_multi_option
                0x00004812       0x3a contiki-z1.a(er-coap.o)
 .any.text.coap_set_option_header
                0x0000484c       0x98 contiki-z1.a(er-coap.o)
 .any.text.coap_serialize_int_option
                0x000048e4       0xbe contiki-z1.a(er-coap.o)
 .any.text.coap_serialize_array_option.part.0
                0x000049a2       0x28 contiki-z1.a(er-coap.o)
 .any.text.coap_serialize_array_option
                0x000049ca       0x82 contiki-z1.a(er-coap.o)
 .any.text.coap_init_connection
                0x00004a4c       0x22 contiki-z1.a(er-coap.o)
                0x00004a4c                coap_init_connection
 .any.text.coap_get_mid
                0x00004a6e        0xc contiki-z1.a(er-coap.o)
                0x00004a6e                coap_get_mid
 .any.text.coap_init_message
                0x00004a7a       0x24 contiki-z1.a(er-coap.o)
                0x00004a7a                coap_init_message
 .any.text.coap_serialize_message
                0x00004a9e      0x3ba contiki-z1.a(er-coap.o)
                0x00004a9e                coap_serialize_message
 .any.text.coap_send_message
                0x00004e58       0x3e contiki-z1.a(er-coap.o)
                0x00004e58                coap_send_message
 .any.text.coap_parse_message
                0x00004e96      0x468 contiki-z1.a(er-coap.o)
                0x00004e96                coap_parse_message
 .any.text.coap_set_status_code
                0x000052fe       0x12 contiki-z1.a(er-coap.o)
                0x000052fe                coap_set_status_code
 .any.text.coap_set_token
                0x00005310       0x24 contiki-z1.a(er-coap.o)
                0x00005310                coap_set_token
 .any.text.coap_set_header_content_format
                0x00005334        0xe contiki-z1.a(er-coap.o)
                0x00005334                coap_set_header_content_format
 .any.text.coap_set_header_uri_path
                0x00005342       0x2a contiki-z1.a(er-coap.o)
                0x00005342                coap_set_header_uri_path
 .any.text.coap_get_header_observe
                0x0000536c       0x1c contiki-z1.a(er-coap.o)
                0x0000536c                coap_get_header_observe
 .any.text.coap_get_header_block2
                0x00005388       0x4c contiki-z1.a(er-coap.o)
                0x00005388                coap_get_header_block2
 .any.text.coap_set_header_block2
                0x000053d4       0x42 contiki-z1.a(er-coap.o)
                0x000053d4                coap_set_header_block2
 .any.text.coap_get_payload
                0x00005416       0x1a contiki-z1.a(er-coap.o)
                0x00005416                coap_get_payload
 .any.text.coap_set_payload
                0x00005430       0x16 contiki-z1.a(er-coap.o)
                0x00005430                coap_set_payload
 .any.text.process_thread_coap_engine
                0x00005446      0x43e contiki-z1.a(er-coap-engine.)
 .any.text.coap_blocking_request_callback
                0x00005884        0xe contiki-z1.a(er-coap-engine.)
                0x00005884                coap_blocking_request_callback
 .any.text.coap_init_engine
                0x00005892        0xc contiki-z1.a(er-coap-engine.)
                0x00005892                coap_init_engine
 .any.text.coap_blocking_request
                0x0000589e      0x118 contiki-z1.a(er-coap-engine.)
                0x0000589e                coap_blocking_request
 .any.text.coap_register_as_transaction_handler
                0x000059b6        0x8 contiki-z1.a(er-coap-transac)
                0x000059b6                coap_register_as_transaction_handler
 .any.text.coap_new_transaction
                0x000059be       0x46 contiki-z1.a(er-coap-transac)
                0x000059be                coap_new_transaction
 .any.text.coap_clear_transaction
                0x00005a04       0x26 contiki-z1.a(er-coap-transac)
                0x00005a04                coap_clear_transaction
 .any.text.coap_send_transaction
                0x00005a2a       0xac contiki-z1.a(er-coap-transac)
                0x00005a2a                coap_send_transaction
 .any.text.coap_get_transaction_by_mid
                0x00005ad6       0x1e contiki-z1.a(er-coap-transac)
                0x00005ad6                coap_get_transaction_by_mid
 .any.text.coap_check_transactions
                0x00005af4       0x2e contiki-z1.a(er-coap-transac)
                0x00005af4                coap_check_transactions
 .any.text.coap_remove_observer
                0x00005b22       0x1c contiki-z1.a(er-coap-observe)
                0x00005b22                coap_remove_observer
 .any.text.coap_remove_observer_by_client
                0x00005b3e       0x40 contiki-z1.a(er-coap-observe)
                0x00005b3e                coap_remove_observer_by_client
 .any.text.coap_remove_observer_by_mid
                0x00005b7e       0x48 contiki-z1.a(er-coap-observe)
                0x00005b7e                coap_remove_observer_by_mid
 .any.text.well_known_core_get_handler
                0x00005bc6      0x25a contiki-z1.a(er-coap-res-wel)
                0x00005bc6                well_known_core_get_handler
 .any.text.simple_reply
                0x00005e20       0x34 contiki-z1.a(er-coap-observe)
 .any.text.classify_notification
                0x00005e54       0x5a contiki-z1.a(er-coap-observe)
 .any.text.coap_get_obs_subject_by_token
                0x00005eae       0x4e contiki-z1.a(er-coap-observe)
                0x00005eae                coap_get_obs_subject_by_token
 .any.text.coap_handle_notification
                0x00005efc       0xbe contiki-z1.a(er-coap-observe)
                0x00005efc                coap_handle_notification
 .any.text.rest_activate_resource
                0x00005fba       0x3e contiki-z1.a(rest-engine.o)
                0x00005fba                rest_activate_resource
 .any.text.rest_get_resources
                0x00005ff8        0x6 contiki-z1.a(rest-engine.o)
                0x00005ff8                rest_get_resources
 .any.text.init_platform
                0x00005ffe        0xc contiki-z1.a(contiki-z1-plat)
                0x00005ffe                init_platform
 .any.text.msp430_init_dco
                0x0000600a       0x28 contiki-z1.a(msp430.o)
                0x0000600a                msp430_init_dco
 .any.text.splhigh_
                0x00006032        0x8 contiki-z1.a(msp430.o)
                0x00006032                splhigh_
 .any.text.msp430_sync_dco
                0x0000603a       0x6e contiki-z1.a(msp430.o)
                0x0000603a                msp430_sync_dco
 .any.text.msp430_cpu_init
                0x000060a8       0x2a contiki-z1.a(msp430.o)
                0x000060a8                msp430_cpu_init
 .any.text.show_leds
                0x000060d2       0xe8 contiki-z1.a(leds.o)
 .any.text.leds_init
                0x000061ba        0xa contiki-z1.a(leds.o)
                0x000061ba                leds_init
 .any.text.leds_on
                0x000061c4        0xa contiki-z1.a(leds.o)
                0x000061c4                leds_on
 .any.text.leds_off
                0x000061ce        0xe contiki-z1.a(leds.o)
                0x000061ce                leds_off
 .any.text.watchdog_start
                0x000061dc       0x14 contiki-z1.a(watchdog.o)
                0x000061dc                watchdog_start
 .any.text.watchdog_periodic
                0x000061f0       0x12 contiki-z1.a(watchdog.o)
                0x000061f0                watchdog_periodic
 .any.text.watchdog_stop
                0x00006202       0x16 contiki-z1.a(watchdog.o)
                0x00006202                watchdog_stop
 .any.text.watchdog_init
                0x00006218       0x12 contiki-z1.a(watchdog.o)
                0x00006218                watchdog_init
 .any.text.wait_ready
                0x0000622a       0x46 contiki-z1.a(xmem.o)
 .any.text.xmem_init
                0x00006270       0x1e contiki-z1.a(xmem.o)
                0x00006270                xmem_init
 .any.text.xmem_pread
                0x0000628e       0xc2 contiki-z1.a(xmem.o)
                0x0000628e                xmem_pread
 .any.text.spi_init
                0x00006350       0x32 contiki-z1.a(spi.o)
                0x00006350                spi_init
 .any.text.get_object
                0x00006382        0x4 contiki-z1.a(cc2420.o)
 .any.text.set_object
                0x00006386        0x4 contiki-z1.a(cc2420.o)
 .any.text.strobe
                0x0000638a       0x1a contiki-z1.a(cc2420.o)
 .any.text.getreg
                0x000063a4       0x46 contiki-z1.a(cc2420.o)
 .any.text.setreg
                0x000063ea       0x44 contiki-z1.a(cc2420.o)
 .any.text.write_ram
                0x0000642e       0x72 contiki-z1.a(cc2420.o)
 .any.text.write_fifo_buf
                0x000064a0       0x38 contiki-z1.a(cc2420.o)
 .any.text.get_status
                0x000064d8       0x1e contiki-z1.a(cc2420.o)
 .any.text.set_txpower
                0x000064f6       0x24 contiki-z1.a(cc2420.o)
 .any.text.cc2420_receiving_packet
                0x0000651a        0xa contiki-z1.a(cc2420.o)
 .any.text.pending_packet
                0x00006524        0xa contiki-z1.a(cc2420.o)
 .any.text.on   0x0000652e       0x1e contiki-z1.a(cc2420.o)
 .any.text.wait_for_transmission
                0x0000654c       0x22 contiki-z1.a(cc2420.o)
 .any.text.wait_for_status
                0x0000656e       0x24 contiki-z1.a(cc2420.o)
 .any.text.getrxdata
                0x00006592       0x4c contiki-z1.a(cc2420.o)
 .any.text.flushrx
                0x000065de       0x1a contiki-z1.a(cc2420.o)
 .any.text.off  0x000065f8       0x52 contiki-z1.a(cc2420.o)
 .any.text.RELEASE_LOCK
                0x0000664a       0x28 contiki-z1.a(cc2420.o)
 .any.text.cc2420_prepare
                0x00006672       0x38 contiki-z1.a(cc2420.o)
 .any.text.cc2420_on
                0x000066aa       0x22 contiki-z1.a(cc2420.o)
                0x000066aa                cc2420_on
 .any.text.cc2420_off
                0x000066cc       0x30 contiki-z1.a(cc2420.o)
                0x000066cc                cc2420_off
 .any.text.cc2420_cca
                0x000066fc       0x54 contiki-z1.a(cc2420.o)
 .any.text.cc2420_read
                0x00006750       0xa8 contiki-z1.a(cc2420.o)
 .any.text.process_thread_cc2420_process
                0x000067f8       0x54 contiki-z1.a(cc2420.o)
 .any.text.cc2420_set_channel
                0x0000684c       0x3a contiki-z1.a(cc2420.o)
                0x0000684c                cc2420_set_channel
 .any.text.cc2420_set_pan_addr
                0x00006886       0x4c contiki-z1.a(cc2420.o)
                0x00006886                cc2420_set_pan_addr
 .any.text.cc2420_interrupt
                0x000068d2       0x16 contiki-z1.a(cc2420.o)
                0x000068d2                cc2420_interrupt
 .any.text.cc2420_set_txpower
                0x000068e8        0xe contiki-z1.a(cc2420.o)
                0x000068e8                cc2420_set_txpower
 .any.text.cc2420_get_txpower
                0x000068f6       0x1e contiki-z1.a(cc2420.o)
                0x000068f6                cc2420_get_txpower
 .any.text.cc2420_transmit
                0x00006914      0x124 contiki-z1.a(cc2420.o)
 .any.text.cc2420_send
                0x00006a38       0x12 contiki-z1.a(cc2420.o)
 .any.text.cc2420_rssi
                0x00006a4a       0x48 contiki-z1.a(cc2420.o)
                0x00006a4a                cc2420_rssi
 .any.text.get_value
                0x00006a92       0xa8 contiki-z1.a(cc2420.o)
 .any.text.cc2420_set_cca_threshold
                0x00006b3a       0x16 contiki-z1.a(cc2420.o)
                0x00006b3a                cc2420_set_cca_threshold
 .any.text.set_value
                0x00006b50       0x80 contiki-z1.a(cc2420.o)
 .any.text.cc2420_init
                0x00006bd0       0xd8 contiki-z1.a(cc2420.o)
                0x00006bd0                cc2420_init
 .any.text.cc2420_arch_init
                0x00006ca8       0x1a contiki-z1.a(cc2420-arch.o)
                0x00006ca8                cc2420_arch_init
 .any.text.node_id_restore
                0x00006cc2       0x4c contiki-z1.a(node-id.o)
                0x00006cc2                node_id_restore
 .any.text.process_thread_sensors_process
                0x00006d0e       0xc2 contiki-z1.a(sensors.o)
 .any.text.sensors_changed
                0x00006dd0       0x2a contiki-z1.a(sensors.o)
                0x00006dd0                sensors_changed
 .any.text.status
                0x00006dfa       0x18 contiki-z1.a(button-sensor.o)
 .any.text.value
                0x00006e12       0x20 contiki-z1.a(button-sensor.o)
 .any.text.configure
                0x00006e32       0x4e contiki-z1.a(button-sensor.o)
 .any.text.uart0_active
                0x00006e80        0xe contiki-z1.a(uart0.o)
                0x00006e80                uart0_active
 .any.text.uart0_writeb
                0x00006e8e       0x16 contiki-z1.a(uart0.o)
                0x00006e8e                uart0_writeb
 .any.text.uart0_init
                0x00006ea4       0x40 contiki-z1.a(uart0.o)
                0x00006ea4                uart0_init
 .any.text.putchar
                0x00006ee4       0x10 contiki-z1.a(uart0-putchar.o)
                0x00006ee4                putchar
 .any.text.accm_write_reg
                0x00006ef4       0x2e contiki-z1.a(adxl345.o)
                0x00006ef4                accm_write_reg
 .any.text.accm_write_stream
                0x00006f22       0x2a contiki-z1.a(adxl345.o)
                0x00006f22                accm_write_stream
 .any.text.accm_read_reg
                0x00006f4c       0x54 contiki-z1.a(adxl345.o)
                0x00006f4c                accm_read_reg
 .any.text.process_thread_accmeter_process
                0x00006fa0       0x56 contiki-z1.a(adxl345.o)
 .any.text.accm_init
                0x00006ff6       0x8c contiki-z1.a(adxl345.o)
                0x00006ff6                accm_init
 .any.text.clock_time
                0x00007082       0x1a contiki-z1.a(clock.o)
                0x00007082                clock_time
 .any.text.clock_init
                0x0000709c       0x28 contiki-z1.a(clock.o)
                0x0000709c                clock_init
 .any.text.clock_delay
                0x000070c4        0xc contiki-z1.a(clock.o)
                0x000070c4                clock_delay
 .any.text.clock_wait
                0x000070d0       0x24 contiki-z1.a(clock.o)
                0x000070d0                clock_wait
 .any.text.clock_seconds
                0x000070f4       0x1a contiki-z1.a(clock.o)
                0x000070f4                clock_seconds
 .any.text.leds_arch_init
                0x0000710e        0xe contiki-z1.a(leds-arch.o)
                0x0000710e                leds_arch_init
 .any.text.leds_arch_set
                0x0000711c       0x38 contiki-z1.a(leds-arch.o)
                0x0000711c                leds_arch_set
 .any.text.rtimer_arch_init
                0x00007154        0xe contiki-z1.a(rtimer-arch.o)
                0x00007154                rtimer_arch_init
 .any.text.rtimer_arch_now
                0x00007162        0xe contiki-z1.a(rtimer-arch.o)
                0x00007162                rtimer_arch_now
 .any.text.rtimer_arch_schedule
                0x00007170        0x6 contiki-z1.a(rtimer-arch.o)
                0x00007170                rtimer_arch_schedule
 .any.text.autostart_start
                0x00007176       0x16 contiki-z1.a(autostart.o)
                0x00007176                autostart_start
 .any.text.process_thread_ctimer_process
                0x0000718c       0xa0 contiki-z1.a(ctimer.o)
 .any.text.ctimer_init
                0x0000722c       0x18 contiki-z1.a(ctimer.o)
                0x0000722c                ctimer_init
 .any.text.ctimer_set
                0x00007244       0x48 contiki-z1.a(ctimer.o)
                0x00007244                ctimer_set
 .any.text.ctimer_reset
                0x0000728c       0x2c contiki-z1.a(ctimer.o)
                0x0000728c                ctimer_reset
 .any.text.ctimer_stop
                0x000072b8       0x28 contiki-z1.a(ctimer.o)
                0x000072b8                ctimer_stop
 .any.text.energest_init
                0x000072e0       0x24 contiki-z1.a(energest.o)
                0x000072e0                energest_init
 .any.text.energest_type_time
                0x00007304       0x3c contiki-z1.a(energest.o)
                0x00007304                energest_type_time
 .any.text.energest_type_set
                0x00007340        0xc contiki-z1.a(energest.o)
                0x00007340                energest_type_set
 .any.text.energest_flush
                0x0000734c       0x38 contiki-z1.a(energest.o)
                0x0000734c                energest_flush
 .any.text.update_time
                0x00007384       0x70 contiki-z1.a(etimer.o)
 .any.text.etimer_request_poll
                0x000073f4        0xa contiki-z1.a(etimer.o)
                0x000073f4                etimer_request_poll
 .any.text.process_thread_etimer_process
                0x000073fe       0xc4 contiki-z1.a(etimer.o)
 .any.text.add_timer
                0x000074c2       0x40 contiki-z1.a(etimer.o)
 .any.text.etimer_set
                0x00007502       0x12 contiki-z1.a(etimer.o)
                0x00007502                etimer_set
 .any.text.etimer_reset
                0x00007514       0x12 contiki-z1.a(etimer.o)
                0x00007514                etimer_reset
 .any.text.etimer_restart
                0x00007526       0x12 contiki-z1.a(etimer.o)
                0x00007526                etimer_restart
 .any.text.etimer_expired
                0x00007538        0xe contiki-z1.a(etimer.o)
                0x00007538                etimer_expired
 .any.text.etimer_expiration_time
                0x00007546       0x14 contiki-z1.a(etimer.o)
                0x00007546                etimer_expiration_time
 .any.text.etimer_pending
                0x0000755a        0xc contiki-z1.a(etimer.o)
                0x0000755a                etimer_pending
 .any.text.etimer_next_expiration_time
                0x00007566       0x16 contiki-z1.a(etimer.o)
                0x00007566                etimer_next_expiration_time
 .any.text.etimer_stop
                0x0000757c       0x3e contiki-z1.a(etimer.o)
                0x0000757c                etimer_stop
 .any.text.call_process
                0x000075ba       0x40 contiki-z1.a(process.o)
 .any.text.exit_process
                0x000075fa       0x88 contiki-z1.a(process.o)
 .any.text.do_poll
                0x00007682       0x30 contiki-z1.a(process.o)
 .any.text.process_alloc_event
                0x000076b2        0xe contiki-z1.a(process.o)
                0x000076b2                process_alloc_event
 .any.text.process_init
                0x000076c0       0x1c contiki-z1.a(process.o)
                0x000076c0                process_init
 .any.text.process_run
                0x000076dc       0xa4 contiki-z1.a(process.o)
                0x000076dc                process_run
 .any.text.process_nevents
                0x00007780        0xe contiki-z1.a(process.o)
                0x00007780                process_nevents
 .any.text.process_post
                0x0000778e       0x50 contiki-z1.a(process.o)
                0x0000778e                process_post
 .any.text.process_post_synch
                0x000077de       0x12 contiki-z1.a(process.o)
                0x000077de                process_post_synch
 .any.text.process_start
                0x000077f0       0x36 contiki-z1.a(process.o)
                0x000077f0                process_start
 .any.text.process_poll
                0x00007826       0x18 contiki-z1.a(process.o)
                0x00007826                process_poll
 .any.text.rtimer_init
                0x0000783e        0x6 contiki-z1.a(rtimer.o)
                0x0000783e                rtimer_init
 .any.text.rtimer_run_next
                0x00007844       0x26 contiki-z1.a(rtimer.o)
                0x00007844                rtimer_run_next
 .any.text.timer_set
                0x0000786a       0x1c contiki-z1.a(timer.o)
                0x0000786a                timer_set
 .any.text.timer_reset
                0x00007886        0xe contiki-z1.a(timer.o)
                0x00007886                timer_reset
 .any.text.timer_restart
                0x00007894       0x14 contiki-z1.a(timer.o)
                0x00007894                timer_restart
 .any.text.timer_expired
                0x000078a8       0x2a contiki-z1.a(timer.o)
                0x000078a8                timer_expired
 .any.text.list_init
                0x000078d2        0x6 contiki-z1.a(list.o)
                0x000078d2                list_init
 .any.text.list_head
                0x000078d8        0x4 contiki-z1.a(list.o)
                0x000078d8                list_head
 .any.text.list_tail
                0x000078dc       0x12 contiki-z1.a(list.o)
                0x000078dc                list_tail
 .any.text.list_remove
                0x000078ee       0x34 contiki-z1.a(list.o)
                0x000078ee                list_remove
 .any.text.list_push
                0x00007922       0x16 contiki-z1.a(list.o)
                0x00007922                list_push
 .any.text.list_add
                0x00007938       0x26 contiki-z1.a(list.o)
                0x00007938                list_add
 .any.text.list_length
                0x0000795e       0x10 contiki-z1.a(list.o)
                0x0000795e                list_length
 .any.text.list_item_next
                0x0000796e        0xc contiki-z1.a(list.o)
                0x0000796e                list_item_next
 .any.text.memb_init
                0x0000797a       0x36 contiki-z1.a(memb.o)
                0x0000797a                memb_init
 .any.text.memb_alloc
                0x000079b0       0x3e contiki-z1.a(memb.o)
                0x000079b0                memb_alloc
 .any.text.memb_free
                0x000079ee       0x3a contiki-z1.a(memb.o)
                0x000079ee                memb_free
 .any.text.memb_inmemb
                0x00007a28       0x2a contiki-z1.a(memb.o)
                0x00007a28                memb_inmemb
 .any.text.memb_numfree
                0x00007a52       0x26 contiki-z1.a(memb.o)
                0x00007a52                memb_numfree
 .any.text.random_rand
                0x00007a78        0x6 contiki-z1.a(random.o)
                0x00007a78                random_rand
 .any.text.set_packet_attrs
                0x00007a7e       0x46 contiki-z1.a(sicslowpan.o)
 .any.text.addr_context_lookup_by_number
                0x00007ac4       0x30 contiki-z1.a(sicslowpan.o)
 .any.text.compress_addr_64
                0x00007af4       0x9a contiki-z1.a(sicslowpan.o)
 .any.text.uncompress_addr
                0x00007b8e       0x96 contiki-z1.a(sicslowpan.o)
 .any.text.input
                0x00007c24      0x5e2 contiki-z1.a(sicslowpan.o)
 .any.text.sicslowpan_init
                0x00008206       0x26 contiki-z1.a(sicslowpan.o)
                0x00008206                sicslowpan_init
 .any.text.addr_context_lookup_by_prefix
                0x0000822c       0x4a contiki-z1.a(sicslowpan.o)
 .any.text.packet_sent
                0x00008276       0x22 contiki-z1.a(sicslowpan.o)
 .any.text.send_packet
                0x00008298       0x1a contiki-z1.a(sicslowpan.o)
 .any.text.output
                0x000082b2      0x6aa contiki-z1.a(sicslowpan.o)
 .any.text.chksum
                0x0000895c       0x32 contiki-z1.a(uip6.o)
 .any.text.upper_layer_chksum
                0x0000898e       0x56 contiki-z1.a(uip6.o)
 .any.text.ext_hdr_options_process
                0x000089e4       0xc2 contiki-z1.a(uip6.o)
 .any.text.uip_add32
                0x00008aa6       0x60 contiki-z1.a(uip6.o)
                0x00008aa6                uip_add32
 .any.text.uip_add_rcv_nxt
                0x00008b06       0x2e contiki-z1.a(uip6.o)
 .any.text.uip_icmp6chksum
                0x00008b34        0xa contiki-z1.a(uip6.o)
                0x00008b34                uip_icmp6chksum
 .any.text.uip_tcpchksum
                0x00008b3e        0xa contiki-z1.a(uip6.o)
                0x00008b3e                uip_tcpchksum
 .any.text.uip_udpchksum
                0x00008b48        0xa contiki-z1.a(uip6.o)
                0x00008b48                uip_udpchksum
 .any.text.uip_init
                0x00008b52       0x62 contiki-z1.a(uip6.o)
                0x00008b52                uip_init
 .any.text.remove_ext_hdr
                0x00008bb4       0x54 contiki-z1.a(uip6.o)
                0x00008bb4                remove_ext_hdr
 .any.text.uip_udp_new
                0x00008c08       0xb8 contiki-z1.a(uip6.o)
                0x00008c08                uip_udp_new
 .any.text.uip_unlisten
                0x00008cc0       0x2a contiki-z1.a(uip6.o)
                0x00008cc0                uip_unlisten
 .any.text.uip_process
                0x00008cea      0xdfe contiki-z1.a(uip6.o)
                0x00008cea                uip_process
 .any.text.uip_htonl
                0x00009ae8       0x2a contiki-z1.a(uip6.o)
                0x00009ae8                uip_htonl
 .any.text.uip_ds6_list_loop
                0x00009b12       0x66 contiki-z1.a(uip-ds6.o)
                0x00009b12                uip_ds6_list_loop
 .any.text.uip_ds6_prefix_add
                0x00009b78       0x70 contiki-z1.a(uip-ds6.o)
                0x00009b78                uip_ds6_prefix_add
 .any.text.uip_ds6_is_addr_onlink
                0x00009be8       0x42 contiki-z1.a(uip-ds6.o)
                0x00009be8                uip_ds6_is_addr_onlink
 .any.text.uip_ds6_addr_lookup
                0x00009c2a       0x2a contiki-z1.a(uip-ds6.o)
                0x00009c2a                uip_ds6_addr_lookup
 .any.text.uip_ds6_get_link_local
                0x00009c54       0x3e contiki-z1.a(uip-ds6.o)
                0x00009c54                uip_ds6_get_link_local
 .any.text.uip_ds6_maddr_add
                0x00009c92       0x48 contiki-z1.a(uip-ds6.o)
                0x00009c92                uip_ds6_maddr_add
 .any.text.uip_ds6_addr_add
                0x00009cda       0xb4 contiki-z1.a(uip-ds6.o)
                0x00009cda                uip_ds6_addr_add
 .any.text.uip_ds6_maddr_rm
                0x00009d8e        0xa contiki-z1.a(uip-ds6.o)
                0x00009d8e                uip_ds6_maddr_rm
 .any.text.uip_ds6_maddr_lookup
                0x00009d98       0x2a contiki-z1.a(uip-ds6.o)
                0x00009d98                uip_ds6_maddr_lookup
 .any.text.uip_ds6_addr_rm
                0x00009dc2       0x54 contiki-z1.a(uip-ds6.o)
                0x00009dc2                uip_ds6_addr_rm
 .any.text.uip_ds6_periodic
                0x00009e16       0x4a contiki-z1.a(uip-ds6.o)
                0x00009e16                uip_ds6_periodic
 .any.text.uip_ds6_set_addr_iid
                0x00009e60       0x14 contiki-z1.a(uip-ds6.o)
                0x00009e60                uip_ds6_set_addr_iid
 .any.text.get_match_length
                0x00009e74       0x3c contiki-z1.a(uip-ds6.o)
                0x00009e74                get_match_length
 .any.text.uip_ds6_select_src
                0x00009eb0       0x9a contiki-z1.a(uip-ds6.o)
                0x00009eb0                uip_ds6_select_src
 .any.text.uip_ds6_compute_reachable_time
                0x00009f4a       0x36 contiki-z1.a(uip-ds6.o)
                0x00009f4a                uip_ds6_compute_reachable_time
 .any.text.uip_ds6_init
                0x00009f80      0x138 contiki-z1.a(uip-ds6.o)
                0x00009f80                uip_ds6_init
 .any.text.uip_ds6_nbr_rm
                0x0000a0b8       0x1a contiki-z1.a(uip-ds6-nbr.o)
                0x0000a0b8                uip_ds6_nbr_rm
 .any.text.uip_ds6_neighbors_init
                0x0000a0d2        0xe contiki-z1.a(uip-ds6-nbr.o)
                0x0000a0d2                uip_ds6_neighbors_init
 .any.text.uip_ds6_nbr_add
                0x0000a0e0       0x54 contiki-z1.a(uip-ds6-nbr.o)
                0x0000a0e0                uip_ds6_nbr_add
 .any.text.uip_ds6_nbr_get_ll
                0x0000a134        0xc contiki-z1.a(uip-ds6-nbr.o)
                0x0000a134                uip_ds6_nbr_get_ll
 .any.text.uip_ds6_nbr_lookup
                0x0000a140       0x3e contiki-z1.a(uip-ds6-nbr.o)
                0x0000a140                uip_ds6_nbr_lookup
 .any.text.uip_ds6_nbr_ll_lookup
                0x0000a17e        0xc contiki-z1.a(uip-ds6-nbr.o)
                0x0000a17e                uip_ds6_nbr_ll_lookup
 .any.text.uip_ds6_nbr_ipaddr_from_lladdr
                0x0000a18a        0x6 contiki-z1.a(uip-ds6-nbr.o)
                0x0000a18a                uip_ds6_nbr_ipaddr_from_lladdr
 .any.text.uip_ds6_nbr_lladdr_from_ipaddr
                0x0000a190       0x12 contiki-z1.a(uip-ds6-nbr.o)
                0x0000a190                uip_ds6_nbr_lladdr_from_ipaddr
 .any.text.uip_ds6_link_neighbor_callback
                0x0000a1a2       0x26 contiki-z1.a(uip-ds6-nbr.o)
                0x0000a1a2                uip_ds6_link_neighbor_callback
 .any.text.uip_ds6_neighbor_periodic
                0x0000a1c8      0x11e contiki-z1.a(uip-ds6-nbr.o)
                0x0000a1c8                uip_ds6_neighbor_periodic
 .any.text.call_route_callback
                0x0000a2e6       0x40 contiki-z1.a(uip-ds6-route.o)
 .any.text.uip_ds6_route_init
                0x0000a326       0x36 contiki-z1.a(uip-ds6-route.o)
                0x0000a326                uip_ds6_route_init
 .any.text.uip_ds6_route_nexthop
                0x0000a35c       0x1a contiki-z1.a(uip-ds6-route.o)
                0x0000a35c                uip_ds6_route_nexthop
 .any.text.uip_ds6_route_head
                0x0000a376        0xa contiki-z1.a(uip-ds6-route.o)
                0x0000a376                uip_ds6_route_head
 .any.text.uip_ds6_route_next
                0x0000a380        0xe contiki-z1.a(uip-ds6-route.o)
                0x0000a380                uip_ds6_route_next
 .any.text.uip_ds6_route_lookup
                0x0000a38e       0x6e contiki-z1.a(uip-ds6-route.o)
                0x0000a38e                uip_ds6_route_lookup
 .any.text.uip_ds6_route_rm
                0x0000a3fc       0xa2 contiki-z1.a(uip-ds6-route.o)
                0x0000a3fc                uip_ds6_route_rm
 .any.text.rm_routelist
                0x0000a49e       0x34 contiki-z1.a(uip-ds6-route.o)
 .any.text.rm_routelist_callback
                0x0000a4d2        0x6 contiki-z1.a(uip-ds6-route.o)
 .any.text.uip_ds6_route_add
                0x0000a4d8       0xf8 contiki-z1.a(uip-ds6-route.o)
                0x0000a4d8                uip_ds6_route_add
 .any.text.uip_ds6_defrt_rm
                0x0000a5d0       0x44 contiki-z1.a(uip-ds6-route.o)
                0x0000a5d0                uip_ds6_defrt_rm
 .any.text.uip_ds6_defrt_lookup
                0x0000a614       0x32 contiki-z1.a(uip-ds6-route.o)
                0x0000a614                uip_ds6_defrt_lookup
 .any.text.uip_ds6_defrt_add
                0x0000a646       0x68 contiki-z1.a(uip-ds6-route.o)
                0x0000a646                uip_ds6_defrt_add
 .any.text.uip_ds6_defrt_choose
                0x0000a6ae       0x36 contiki-z1.a(uip-ds6-route.o)
                0x0000a6ae                uip_ds6_defrt_choose
 .any.text.uip_ds6_defrt_periodic
                0x0000a6e4       0x38 contiki-z1.a(uip-ds6-route.o)
                0x0000a6e4                uip_ds6_defrt_periodic
 .any.text.echo_reply_input
                0x0000a71c      0x108 contiki-z1.a(uip-icmp6.o)
 .any.text.echo_request_input
                0x0000a824      0x128 contiki-z1.a(uip-icmp6.o)
 .any.text.uip_icmp6_input
                0x0000a94c       0x44 contiki-z1.a(uip-icmp6.o)
                0x0000a94c                uip_icmp6_input
 .any.text.uip_icmp6_register_input_handler
                0x0000a990        0xc contiki-z1.a(uip-icmp6.o)
                0x0000a990                uip_icmp6_register_input_handler
 .any.text.uip_icmp6_error_output
                0x0000a99c      0x16c contiki-z1.a(uip-icmp6.o)
                0x0000a99c                uip_icmp6_error_output
 .any.text.uip_icmp6_send
                0x0000ab08       0x84 contiki-z1.a(uip-icmp6.o)
                0x0000ab08                uip_icmp6_send
 .any.text.uip_icmp6_init
                0x0000ab8c       0x12 contiki-z1.a(uip-icmp6.o)
                0x0000ab8c                uip_icmp6_init
 .any.text.na_input
                0x0000ab9e      0x1a0 contiki-z1.a(uip-nd6.o)
 .any.text.ns_input
                0x0000ad3e      0x246 contiki-z1.a(uip-nd6.o)
 .any.text.uip_nd6_ns_output
                0x0000af84      0x176 contiki-z1.a(uip-nd6.o)
                0x0000af84                uip_nd6_ns_output
 .any.text.uip_nd6_init
                0x0000b0fa       0x12 contiki-z1.a(uip-nd6.o)
                0x0000b0fa                uip_nd6_init
 .any.text.ip64_addr_4to6
                0x0000b10c       0x4a contiki-z1.a(ip64-addr.o)
                0x0000b10c                ip64_addr_4to6
 .any.text.start_periodic_tcp_timer
                0x0000b156       0x16 contiki-z1.a(tcpip.o)
 .any.text.tcpip_output
                0x0000b16c       0x10 contiki-z1.a(tcpip.o)
                0x0000b16c                tcpip_output
 .any.text.tcpip_set_outputfunc
                0x0000b17c        0x6 contiki-z1.a(tcpip.o)
                0x0000b17c                tcpip_set_outputfunc
 .any.text.udp_new
                0x0000b182       0x1a contiki-z1.a(tcpip.o)
                0x0000b182                udp_new
 .any.text.tcpip_input
                0x0000b19c       0x16 contiki-z1.a(tcpip.o)
                0x0000b19c                tcpip_input
 .any.text.tcpip_ipv6_output
                0x0000b1b2      0x14e contiki-z1.a(tcpip.o)
                0x0000b1b2                tcpip_ipv6_output
 .any.text.process_thread_tcpip_process
                0x0000b300      0x1ba contiki-z1.a(tcpip.o)
 .any.text.tcpip_uipcall
                0x0000b4ba       0x70 contiki-z1.a(tcpip.o)
                0x0000b4ba                tcpip_uipcall
 .any.text.uip_debug_ipaddr_print
                0x0000b52a       0x72 contiki-z1.a(uip-debug.o)
                0x0000b52a                uip_debug_ipaddr_print
 .any.text.uip_nameserver_update
                0x0000b59c       0x20 contiki-z1.a(uip-nameserver.)
                0x0000b59c                uip_nameserver_update
 .any.text.uip_udp_packet_send
                0x0000b5bc       0x2e contiki-z1.a(uip-udp-packet.)
                0x0000b5bc                uip_udp_packet_send
 .any.text.rpl_get_mode
                0x0000b5ea        0x6 contiki-z1.a(rpl.o)
                0x0000b5ea                rpl_get_mode
 .any.text.rpl_purge_routes
                0x0000b5f0       0x96 contiki-z1.a(rpl.o)
                0x0000b5f0                rpl_purge_routes
 .any.text.rpl_remove_routes
                0x0000b686       0x22 contiki-z1.a(rpl.o)
                0x0000b686                rpl_remove_routes
 .any.text.rpl_remove_routes_by_nexthop
                0x0000b6a8       0x3e contiki-z1.a(rpl.o)
                0x0000b6a8                rpl_remove_routes_by_nexthop
 .any.text.rpl_add_route
                0x0000b6e6       0x48 contiki-z1.a(rpl.o)
                0x0000b6e6                rpl_add_route
 .any.text.rpl_link_neighbor_callback
                0x0000b72e       0x74 contiki-z1.a(rpl.o)
                0x0000b72e                rpl_link_neighbor_callback
 .any.text.rpl_ipv6_neighbor_callback
                0x0000b7a2       0x1e contiki-z1.a(rpl.o)
                0x0000b7a2                rpl_ipv6_neighbor_callback
 .any.text.rpl_init
                0x0000b7c0       0x4a contiki-z1.a(rpl.o)
                0x0000b7c0                rpl_init
 .any.text.lollipop_greater_than
                0x0000b80a       0x3c contiki-z1.a(rpl-dag.o)
 .any.text.find_parent_any_dag_any_instance
                0x0000b846       0x14 contiki-z1.a(rpl-dag.o)
 .any.text.rpl_set_preferred_parent
                0x0000b85a       0x2c contiki-z1.a(rpl-dag.o)
 .any.text.set_ip_from_prefix
                0x0000b886       0x30 contiki-z1.a(rpl-dag.o)
 .any.text.check_prefix
                0x0000b8b6       0x70 contiki-z1.a(rpl-dag.o)
 .any.text.rpl_get_nbr
                0x0000b926       0x1e contiki-z1.a(rpl-dag.o)
                0x0000b926                rpl_get_nbr
 .any.text.rpl_dag_init
                0x0000b944        0xe contiki-z1.a(rpl-dag.o)
                0x0000b944                rpl_dag_init
 .any.text.rpl_get_parent
                0x0000b952        0xc contiki-z1.a(rpl-dag.o)
                0x0000b952                rpl_get_parent
 .any.text.rpl_get_parent_ipaddr
                0x0000b95e       0x10 contiki-z1.a(rpl-dag.o)
                0x0000b95e                rpl_get_parent_ipaddr
 .any.text.rpl_set_prefix
                0x0000b96e       0x74 contiki-z1.a(rpl-dag.o)
                0x0000b96e                rpl_set_prefix
 .any.text.rpl_set_default_route
                0x0000b9e2       0x60 contiki-z1.a(rpl-dag.o)
                0x0000b9e2                rpl_set_default_route
 .any.text.rpl_alloc_instance
                0x0000ba42       0x34 contiki-z1.a(rpl-dag.o)
                0x0000ba42                rpl_alloc_instance
 .any.text.rpl_add_parent
                0x0000ba76       0x4e contiki-z1.a(rpl-dag.o)
                0x0000ba76                rpl_add_parent
 .any.text.rpl_find_parent
                0x0000bac4       0x1c contiki-z1.a(rpl-dag.o)
                0x0000bac4                rpl_find_parent
 .any.text.rpl_find_parent_any_dag
                0x0000bae0       0x24 contiki-z1.a(rpl-dag.o)
                0x0000bae0                rpl_find_parent_any_dag
 .any.text.rpl_select_parent
                0x0000bb04       0x76 contiki-z1.a(rpl-dag.o)
                0x0000bb04                rpl_select_parent
 .any.text.rpl_select_dag
                0x0000bb7a      0x196 contiki-z1.a(rpl-dag.o)
                0x0000bb7a                rpl_select_dag
 .any.text.rpl_nullify_parent
                0x0000bd10       0x50 contiki-z1.a(rpl-dag.o)
                0x0000bd10                rpl_nullify_parent
 .any.text.rpl_remove_parent
                0x0000bd60       0x16 contiki-z1.a(rpl-dag.o)
                0x0000bd60                rpl_remove_parent
 .any.text.nbr_callback
                0x0000bd76        0x6 contiki-z1.a(rpl-dag.o)
 .any.text.remove_parents.constprop.5
                0x0000bd7c       0x2e contiki-z1.a(rpl-dag.o)
 .any.text.rpl_move_parent
                0x0000bdaa       0x52 contiki-z1.a(rpl-dag.o)
                0x0000bdaa                rpl_move_parent
 .any.text.rpl_get_any_dag
                0x0000bdfc       0x16 contiki-z1.a(rpl-dag.o)
                0x0000bdfc                rpl_get_any_dag
 .any.text.rpl_get_instance
                0x0000be12       0x16 contiki-z1.a(rpl-dag.o)
                0x0000be12                rpl_get_instance
 .any.text.rpl_alloc_dag
                0x0000be28       0x60 contiki-z1.a(rpl-dag.o)
                0x0000be28                rpl_alloc_dag
 .any.text.rpl_repair_root
                0x0000be88       0x4c contiki-z1.a(rpl-dag.o)
                0x0000be88                rpl_repair_root
 .any.text.rpl_find_of
                0x0000bed4       0x10 contiki-z1.a(rpl-dag.o)
                0x0000bed4                rpl_find_of
 .any.text.rpl_join_instance
                0x0000bee4      0x128 contiki-z1.a(rpl-dag.o)
                0x0000bee4                rpl_join_instance
 .any.text.rpl_local_repair
                0x0000c00c       0x68 contiki-z1.a(rpl-dag.o)
                0x0000c00c                rpl_local_repair
 .any.text.rpl_process_parent_event
                0x0000c074       0x6c contiki-z1.a(rpl-dag.o)
                0x0000c074                rpl_process_parent_event
 .any.text.rpl_recalculate_ranks
                0x0000c0e0       0x46 contiki-z1.a(rpl-dag.o)
                0x0000c0e0                rpl_recalculate_ranks
 .any.text.rpl_add_dag
                0x0000c126      0x102 contiki-z1.a(rpl-dag.o)
                0x0000c126                rpl_add_dag
 .any.text.rpl_process_dio
                0x0000c228      0x2e0 contiki-z1.a(rpl-dag.o)
                0x0000c228                rpl_process_dio
 .any.text.rpl_lock_parent
                0x0000c508        0xc contiki-z1.a(rpl-dag.o)
                0x0000c508                rpl_lock_parent
 .any.text.rpl_verify_header
                0x0000c514       0xae contiki-z1.a(rpl-ext-header.)
                0x0000c514                rpl_verify_header
 .any.text.rpl_update_header_empty
                0x0000c5c2      0x12a contiki-z1.a(rpl-ext-header.)
                0x0000c5c2                rpl_update_header_empty
 .any.text.rpl_update_header_final
                0x0000c6ec       0x90 contiki-z1.a(rpl-ext-header.)
                0x0000c6ec                rpl_update_header_final
 .any.text.rpl_invert_header
                0x0000c77c       0x74 contiki-z1.a(rpl-ext-header.)
                0x0000c77c                rpl_invert_header
 .any.text.rpl_insert_header
                0x0000c7f0       0x12 contiki-z1.a(rpl-ext-header.)
                0x0000c7f0                rpl_insert_header
 .any.text.get32
                0x0000c802       0x3e contiki-z1.a(rpl-icmp6.o)
 .any.text.set32
                0x0000c840       0x2a contiki-z1.a(rpl-icmp6.o)
 .any.text.get16
                0x0000c86a        0xe contiki-z1.a(rpl-icmp6.o)
 .any.text.set16
                0x0000c878       0x10 contiki-z1.a(rpl-icmp6.o)
 .any.text.dao_ack_input
                0x0000c888        0x6 contiki-z1.a(rpl-icmp6.o)
 .any.text.dio_input
                0x0000c88e      0x2b0 contiki-z1.a(rpl-icmp6.o)
 .any.text.dis_output
                0x0000cb3e       0x50 contiki-z1.a(rpl-icmp6.o)
                0x0000cb3e                dis_output
 .any.text.dio_output
                0x0000cb8e      0x242 contiki-z1.a(rpl-icmp6.o)
                0x0000cb8e                dio_output
 .any.text.dis_input
                0x0000cdd0       0x28 contiki-z1.a(rpl-icmp6.o)
 .any.text.dao_output_target
                0x0000cdf8       0xd0 contiki-z1.a(rpl-icmp6.o)
                0x0000cdf8                dao_output_target
 .any.text.dao_output
                0x0000cec8       0x68 contiki-z1.a(rpl-icmp6.o)
                0x0000cec8                dao_output
 .any.text.dao_ack_output
                0x0000cf30       0x32 contiki-z1.a(rpl-icmp6.o)
                0x0000cf30                dao_ack_output
 .any.text.dao_input
                0x0000cf62      0x288 contiki-z1.a(rpl-icmp6.o)
 .any.text.rpl_icmp6_register_handlers
                0x0000d1ea       0x22 contiki-z1.a(rpl-icmp6.o)
                0x0000d1ea                rpl_icmp6_register_handlers
 .any.text.reset
                0x0000d20c        0x2 contiki-z1.a(rpl-mrhof.o)
 .any.text.update_metric_container
                0x0000d20e        0x6 contiki-z1.a(rpl-mrhof.o)
 .any.text.calculate_rank
                0x0000d214       0x3e contiki-z1.a(rpl-mrhof.o)
 .any.text.neighbor_link_callback
                0x0000d252       0x8c contiki-z1.a(rpl-mrhof.o)
 .any.text.best_dag
                0x0000d2de       0x2e contiki-z1.a(rpl-mrhof.o)
 .any.text.best_parent
                0x0000d30c       0x68 contiki-z1.a(rpl-mrhof.o)
 .any.text.new_dio_interval
                0x0000d374       0x8a contiki-z1.a(rpl-timers.o)
 .any.text.set_dao_lifetime_timer
                0x0000d3fe       0x66 contiki-z1.a(rpl-timers.o)
 .any.text.handle_periodic_timer
                0x0000d464       0x2e contiki-z1.a(rpl-timers.o)
 .any.text.schedule_dao
                0x0000d492       0x72 contiki-z1.a(rpl-timers.o)
 .any.text.handle_dio_timer
                0x0000d504       0x88 contiki-z1.a(rpl-timers.o)
 .any.text.handle_dao_timer
                0x0000d58c       0x64 contiki-z1.a(rpl-timers.o)
 .any.text.rpl_reset_periodic_timer
                0x0000d5f0       0x54 contiki-z1.a(rpl-timers.o)
                0x0000d5f0                rpl_reset_periodic_timer
 .any.text.rpl_reset_dio_timer
                0x0000d644       0x18 contiki-z1.a(rpl-timers.o)
                0x0000d644                rpl_reset_dio_timer
 .any.text.rpl_schedule_dao
                0x0000d65c        0xc contiki-z1.a(rpl-timers.o)
                0x0000d65c                rpl_schedule_dao
 .any.text.rpl_schedule_probing
                0x0000d668       0x34 contiki-z1.a(rpl-timers.o)
                0x0000d668                rpl_schedule_probing
 .any.text.handle_probing_timer
                0x0000d69c      0x112 contiki-z1.a(rpl-timers.o)
 .any.text.linkaddr_copy
                0x0000d7ae        0x8 contiki-z1.a(linkaddr.o)
                0x0000d7ae                linkaddr_copy
 .any.text.linkaddr_cmp
                0x0000d7b6       0x12 contiki-z1.a(linkaddr.o)
                0x0000d7b6                linkaddr_cmp
 .any.text.linkaddr_set_node_addr
                0x0000d7c8        0xc contiki-z1.a(linkaddr.o)
                0x0000d7c8                linkaddr_set_node_addr
 .any.text.item_from_index
                0x0000d7d4       0x2a contiki-z1.a(nbr-table.o)
 .any.text.index_from_key
                0x0000d7fe       0x26 contiki-z1.a(nbr-table.o)
 .any.text.index_from_item
                0x0000d824       0x1e contiki-z1.a(nbr-table.o)
 .any.text.nbr_set_bit
                0x0000d842       0x50 contiki-z1.a(nbr-table.o)
 .any.text.index_from_lladdr
                0x0000d892       0x3e contiki-z1.a(nbr-table.o)
 .any.text.nbr_get_bit.constprop.0
                0x0000d8d0       0x2c contiki-z1.a(nbr-table.o)
 .any.text.nbr_table_register
                0x0000d8fc       0x26 contiki-z1.a(nbr-table.o)
                0x0000d8fc                nbr_table_register
 .any.text.nbr_table_next
                0x0000d922       0x4c contiki-z1.a(nbr-table.o)
                0x0000d922                nbr_table_next
 .any.text.nbr_table_head
                0x0000d96e       0x36 contiki-z1.a(nbr-table.o)
                0x0000d96e                nbr_table_head
 .any.text.nbr_table_add_lladdr
                0x0000d9a4      0x110 contiki-z1.a(nbr-table.o)
                0x0000d9a4                nbr_table_add_lladdr
 .any.text.nbr_table_get_from_lladdr
                0x0000dab4       0x28 contiki-z1.a(nbr-table.o)
                0x0000dab4                nbr_table_get_from_lladdr
 .any.text.nbr_table_remove
                0x0000dadc       0x2a contiki-z1.a(nbr-table.o)
                0x0000dadc                nbr_table_remove
 .any.text.nbr_table_lock
                0x0000db06       0x10 contiki-z1.a(nbr-table.o)
                0x0000db06                nbr_table_lock
 .any.text.nbr_table_unlock
                0x0000db16       0x10 contiki-z1.a(nbr-table.o)
                0x0000db16                nbr_table_unlock
 .any.text.nbr_table_get_lladdr
                0x0000db26       0x20 contiki-z1.a(nbr-table.o)
                0x0000db26                nbr_table_get_lladdr
 .any.text.packetbuf_compact
                0x0000db46       0x2e contiki-z1.a(packetbuf.o)
                0x0000db46                packetbuf_compact
 .any.text.packetbuf_copyto
                0x0000db74       0x46 contiki-z1.a(packetbuf.o)
                0x0000db74                packetbuf_copyto
 .any.text.packetbuf_hdrreduce
                0x0000dbba       0x1a contiki-z1.a(packetbuf.o)
                0x0000dbba                packetbuf_hdrreduce
 .any.text.packetbuf_set_datalen
                0x0000dbd4        0x6 contiki-z1.a(packetbuf.o)
                0x0000dbd4                packetbuf_set_datalen
 .any.text.packetbuf_dataptr
                0x0000dbda        0xe contiki-z1.a(packetbuf.o)
                0x0000dbda                packetbuf_dataptr
 .any.text.packetbuf_hdrptr
                0x0000dbe8        0xa contiki-z1.a(packetbuf.o)
                0x0000dbe8                packetbuf_hdrptr
 .any.text.packetbuf_datalen
                0x0000dbf2        0x6 contiki-z1.a(packetbuf.o)
                0x0000dbf2                packetbuf_datalen
 .any.text.packetbuf_hdrlen
                0x0000dbf8       0x10 contiki-z1.a(packetbuf.o)
                0x0000dbf8                packetbuf_hdrlen
 .any.text.packetbuf_totlen
                0x0000dc08        0xc contiki-z1.a(packetbuf.o)
                0x0000dc08                packetbuf_totlen
 .any.text.packetbuf_hdralloc
                0x0000dc14       0x2a contiki-z1.a(packetbuf.o)
                0x0000dc14                packetbuf_hdralloc
 .any.text.packetbuf_attr_clear
                0x0000dc3e       0x2c contiki-z1.a(packetbuf.o)
                0x0000dc3e                packetbuf_attr_clear
 .any.text.packetbuf_clear
                0x0000dc6a       0x1a contiki-z1.a(packetbuf.o)
                0x0000dc6a                packetbuf_clear
 .any.text.packetbuf_copyfrom
                0x0000dc84       0x2a contiki-z1.a(packetbuf.o)
                0x0000dc84                packetbuf_copyfrom
 .any.text.packetbuf_attr_copyto
                0x0000dcae       0x22 contiki-z1.a(packetbuf.o)
                0x0000dcae                packetbuf_attr_copyto
 .any.text.packetbuf_attr_copyfrom
                0x0000dcd0       0x24 contiki-z1.a(packetbuf.o)
                0x0000dcd0                packetbuf_attr_copyfrom
 .any.text.packetbuf_holds_broadcast
                0x0000dcf4        0xe contiki-z1.a(packetbuf.o)
                0x0000dcf4                packetbuf_holds_broadcast
 .any.text.queuebuf_init
                0x0000dd02       0x12 contiki-z1.a(queuebuf.o)
                0x0000dd02                queuebuf_init
 .any.text.queuebuf_numfree
                0x0000dd14        0xa contiki-z1.a(queuebuf.o)
                0x0000dd14                queuebuf_numfree
 .any.text.queuebuf_new_from_packetbuf
                0x0000dd1e       0x4e contiki-z1.a(queuebuf.o)
                0x0000dd1e                queuebuf_new_from_packetbuf
 .any.text.queuebuf_free
                0x0000dd6c       0x2a contiki-z1.a(queuebuf.o)
                0x0000dd6c                queuebuf_free
 .any.text.queuebuf_to_packetbuf
                0x0000dd96       0x32 contiki-z1.a(queuebuf.o)
                0x0000dd96                queuebuf_to_packetbuf
 .any.text.create_frame.isra.0
                0x0000ddc8      0x104 contiki-z1.a(framer-802154.o)
 .any.text.create
                0x0000decc        0x8 contiki-z1.a(framer-802154.o)
 .any.text.hdr_length
                0x0000ded4        0x8 contiki-z1.a(framer-802154.o)
 .any.text.parse
                0x0000dedc       0xa4 contiki-z1.a(framer-802154.o)
 .any.text.framer_canonical_create_and_secure
                0x0000df80       0x20 contiki-z1.a(framer.o)
                0x0000df80                framer_canonical_create_and_secure
 .any.text.send_packet
                0x0000dfa0        0x6 contiki-z1.a(nullmac.o)
 .any.text.packet_input
                0x0000dfa6        0x6 contiki-z1.a(nullmac.o)
 .any.text.on   0x0000dfac        0x6 contiki-z1.a(nullmac.o)
 .any.text.off  0x0000dfb2        0x6 contiki-z1.a(nullmac.o)
 .any.text.channel_check_interval
                0x0000dfb8        0x4 contiki-z1.a(nullmac.o)
 .any.text.init
                0x0000dfbc        0x2 contiki-z1.a(nullmac.o)
 .any.text.on   0x0000dfbe        0x6 contiki-z1.a(nullrdc.o)
 .any.text.channel_check_interval
                0x0000dfc4        0x4 contiki-z1.a(nullrdc.o)
 .any.text.init
                0x0000dfc8        0x6 contiki-z1.a(nullrdc.o)
 .any.text.off  0x0000dfce       0x10 contiki-z1.a(nullrdc.o)
 .any.text.packet_input
                0x0000dfde       0x28 contiki-z1.a(nullrdc.o)
 .any.text.send_one_packet
                0x0000e006       0x62 contiki-z1.a(nullrdc.o)
 .any.text.send_list
                0x0000e068       0x28 contiki-z1.a(nullrdc.o)
 .any.text.send_packet
                0x0000e090        0x6 contiki-z1.a(nullrdc.o)
 .any.text.bootstrap
                0x0000e096        0x4 contiki-z1.a(nullsec.o)
 .any.text.send
                0x0000e09a        0xa contiki-z1.a(nullsec.o)
 .any.text.on_frame_created
                0x0000e0a4        0x4 contiki-z1.a(nullsec.o)
 .any.text.input
                0x0000e0a8        0x6 contiki-z1.a(nullsec.o)
 .any.text.get_overhead
                0x0000e0ae        0x4 contiki-z1.a(nullsec.o)
 .any.text.i2c_receiveinit
                0x0000e0b2       0x36 contiki-z1.a(i2cmaster.o)
                0x0000e0b2                i2c_receiveinit
 .any.text.i2c_transmitinit
                0x0000e0e8       0x30 contiki-z1.a(i2cmaster.o)
                0x0000e0e8                i2c_transmitinit
 .any.text.i2c_receive_n
                0x0000e118       0x3e contiki-z1.a(i2cmaster.o)
                0x0000e118                i2c_receive_n
 .any.text.i2c_busy
                0x0000e156        0xa contiki-z1.a(i2cmaster.o)
                0x0000e156                i2c_busy
 .any.text.i2c_enable
                0x0000e160       0x22 contiki-z1.a(i2cmaster.o)
                0x0000e160                i2c_enable
 .any.text.i2c_transmit_n
                0x0000e182       0x14 contiki-z1.a(i2cmaster.o)
                0x0000e182                i2c_transmit_n
 .any.text.stimer_set
                0x0000e196       0x1c contiki-z1.a(stimer.o)
                0x0000e196                stimer_set
 .any.text.stimer_expired
                0x0000e1b2       0x30 contiki-z1.a(stimer.o)
                0x0000e1b2                stimer_expired
 .any.text.field_len
                0x0000e1e2       0x8c contiki-z1.a(frame802154.o)
 .any.text.frame802154_hdrlen
                0x0000e26e       0x2e contiki-z1.a(frame802154.o)
                0x0000e26e                frame802154_hdrlen
 .any.text.frame802154_create
                0x0000e29c      0x112 contiki-z1.a(frame802154.o)
                0x0000e29c                frame802154_create
 .any.text.frame802154_parse
                0x0000e3ae      0x16c contiki-z1.a(frame802154.o)
                0x0000e3ae                frame802154_parse
 .any.text.mac_call_sent_callback
                0x0000e51a       0x14 contiki-z1.a(mac.o)
                0x0000e51a                mac_call_sent_callback

.rodata         0x0000e530      0x689
                0x0000e530                . = ALIGN (0x2)
 *(.rodata .rodata.* .gnu.linkonce.r.*)
 .rodata.process_thread_er_example_temperature_client
                0x0000e530       0x54 er-example-client-temperature.co
 .rodata.client_chunk_temperature_handler
                0x0000e584       0x14 er-example-client-temperature.co
 .rodata        0x0000e598       0xc8 er-example-client-temperature.co
 .rodata.autostart_processes
                0x0000e660        0x4 er-example-client-temperature.co
                0x0000e660                autostart_processes
 .rodata        0x0000e664      0x112 obj_z1/contiki-z1-main.o
 .rodata.coap_serialize_message
                0x0000e776       0x2f contiki-z1.a(er-coap.o)
 .rodata.coap_parse_message
                0x0000e7a5       0x5a contiki-z1.a(er-coap.o)
 .rodata        0x0000e7ff        0x1 contiki-z1.a(er-coap.o)
 .rodata.process_thread_coap_engine
                0x0000e800       0x52 contiki-z1.a(er-coap-engine.)
 .rodata        0x0000e852       0x14 contiki-z1.a(er-coap-engine.)
 .rodata.well_known_core_get_handler
                0x0000e866       0x13 contiki-z1.a(er-coap-res-wel)
 .rodata        0x0000e879        0x6 contiki-z1.a(er-coap-res-wel)
 .rodata.classify_notification
                0x0000e87f       0x4f contiki-z1.a(er-coap-observe)
 .rodata.coap_get_obs_subject_by_token
                0x0000e8ce       0x1e contiki-z1.a(er-coap-observe)
 .rodata.coap_handle_notification
                0x0000e8ec       0xe0 contiki-z1.a(er-coap-observe)
 .rodata.get_value
                0x0000e9cc       0x38 contiki-z1.a(cc2420.o)
 .rodata.cc2420_driver
                0x0000ea04       0x38 contiki-z1.a(cc2420.o)
                0x0000ea04                cc2420_driver
 .rodata        0x0000ea3c        0xe contiki-z1.a(cc2420.o)
 .rodata.output_power
                0x0000ea4a       0x10 contiki-z1.a(cc2420.o)
 .rodata        0x0000ea5a        0x8 contiki-z1.a(sensors.o)
 .rodata        0x0000ea62        0x7 contiki-z1.a(button-sensor.o)
 *fill*         0x0000ea69        0x1 00
 .rodata.button_sensor
                0x0000ea6a        0xe contiki-z1.a(button-sensor.o)
                0x0000ea6a                button_sensor
 .rodata        0x0000ea78       0x16 contiki-z1.a(adxl345.o)
 .rodata        0x0000ea8e        0xf contiki-z1.a(ctimer.o)
 .rodata        0x0000ea9d        0xc contiki-z1.a(etimer.o)
 .rodata        0x0000eaa9        0xb contiki-z1.a(sicslowpan.o)
 .rodata.sicslowpan_driver
                0x0000eab4        0xa contiki-z1.a(sicslowpan.o)
                0x0000eab4                sicslowpan_driver
 .rodata.llprefix
                0x0000eabe        0x2 contiki-z1.a(sicslowpan.o)
                0x0000eabe                llprefix
 .rodata.unc_mxconf
                0x0000eac0        0x4 contiki-z1.a(sicslowpan.o)
                0x0000eac0                unc_mxconf
 .rodata.unc_ctxconf
                0x0000eac4        0x4 contiki-z1.a(sicslowpan.o)
                0x0000eac4                unc_ctxconf
 .rodata.unc_llconf
                0x0000eac8        0x4 contiki-z1.a(sicslowpan.o)
                0x0000eac8                unc_llconf
 .rodata.ttl_values
                0x0000eacc        0x4 contiki-z1.a(sicslowpan.o)
 .rodata.uip_process
                0x0000ead0       0x40 contiki-z1.a(uip6.o)
 .rodata        0x0000eb10        0xd contiki-z1.a(tcpip.o)
 .rodata.uip_debug_ipaddr_print
                0x0000eb1d       0x15 contiki-z1.a(uip-debug.o)
 .rodata.linkaddr_null
                0x0000eb32        0x8 contiki-z1.a(linkaddr.o)
                0x0000eb32                linkaddr_null
 .rodata.framer_802154
                0x0000eb3a       0x10 contiki-z1.a(framer-802154.o)
                0x0000eb3a                framer_802154
 .rodata        0x0000eb4a        0x8 contiki-z1.a(nullmac.o)
 .rodata.nullmac_driver
                0x0000eb52       0x1a contiki-z1.a(nullmac.o)
                0x0000eb52                nullmac_driver
 .rodata        0x0000eb6c        0x8 contiki-z1.a(nullrdc.o)
 .rodata.nullrdc_driver
                0x0000eb74       0x1e contiki-z1.a(nullrdc.o)
                0x0000eb74                nullrdc_driver
 .rodata        0x0000eb92        0x8 contiki-z1.a(nullsec.o)
 .rodata.nullsec_driver
                0x0000eb9a       0x16 contiki-z1.a(nullsec.o)
                0x0000eb9a                nullsec_driver
 .rodata.CSWTCH.5
                0x0000ebb0        0x2 contiki-z1.a(frame802154.o)
 .rodata.vuprintf
                0x0000ebb2        0x7 /usr/local/msp430/bin/../lib/gcc/msp430/4.7.0/../../../../msp430/lib/mcpu-430x/mmpy-16/msr20/mc20/libc.a(vuprintf.o)
 *(.near.rodata .near.rodata.*)
                0x0000ebba                . = ALIGN (0x2)
                0x0000ebba                _etext = .

.data           0x00001100      0x174 load address 0x0000ebba
                0x00001100                . = ALIGN (0x2)
                0x00001100                __data_start = .
 *(.data .data.* .gnu.linkonce.d.*)
 .data.service_temperature_urls
                0x00001100        0x8 er-example-client-temperature.co
                0x00001100                service_temperature_urls
 .data.time_service_client
                0x00001108        0xc er-example-client-temperature.co
                0x00001108                time_service_client
 .data.er_example_temperature_client
                0x00001114        0xc er-example-client-temperature.co
                0x00001114                er_example_temperature_client
 .data.uri_switch
                0x00001120        0x2 er-example-client-temperature.co
 .data.sensors  0x00001122        0x4 obj_z1/contiki-z1-main.o
                0x00001122                sensors
 .data.coap_error_message
                0x00001126        0x2 contiki-z1.a(er-coap.o)
                0x00001126                coap_error_message
 .data.coap_engine
                0x00001128        0xc contiki-z1.a(er-coap-engine.)
                0x00001128                coap_engine
 .data.transactions_memb
                0x00001134        0x8 contiki-z1.a(er-coap-transac)
 .data.observers_memb
                0x0000113c        0x8 contiki-z1.a(er-coap-observe)
 .data.res_well_known_core
                0x00001144       0x1c contiki-z1.a(er-coap-res-wel)
                0x00001144                res_well_known_core
 .data.cur_break
                0x00001160        0x2 contiki-z1.a(msp430.o)
 .data.cc2420_process
                0x00001162        0xc contiki-z1.a(cc2420.o)
                0x00001162                cc2420_process
 .data.sensors_process
                0x0000116e        0xc contiki-z1.a(sensors.o)
                0x0000116e                sensors_process
 .data.accmeter_process
                0x0000117a        0xc contiki-z1.a(adxl345.o)
                0x0000117a                accmeter_process
 .data.adxl345_default_settings
                0x00001186       0x16 contiki-z1.a(adxl345.o)
 .data.ctimer_process
                0x0000119c        0xc contiki-z1.a(ctimer.o)
                0x0000119c                ctimer_process
 .data.etimer_process
                0x000011a8        0xc contiki-z1.a(etimer.o)
                0x000011a8                etimer_process
 .data.ds6_neighbors
                0x000011b4        0x2 contiki-z1.a(uip-ds6-nbr.o)
                0x000011b4                ds6_neighbors
 .data.ds6_neighbors_struct
                0x000011b6        0xa contiki-z1.a(uip-ds6-nbr.o)
 .data.routememb
                0x000011c0        0x8 contiki-z1.a(uip-ds6-route.o)
 .data.defaultroutermemb
                0x000011c8        0x8 contiki-z1.a(uip-ds6-route.o)
 .data.nbr_routes_struct
                0x000011d0        0xa contiki-z1.a(uip-ds6-route.o)
 .data.neighborroutememb
                0x000011da        0x8 contiki-z1.a(uip-ds6-route.o)
 .data.echo_request_handler
                0x000011e2        0x8 contiki-z1.a(uip-icmp6.o)
 .data.echo_reply_handler
                0x000011ea        0x8 contiki-z1.a(uip-icmp6.o)
 .data.ns_input_handler
                0x000011f2        0x8 contiki-z1.a(uip-nd6.o)
 .data.na_input_handler
                0x000011fa        0x8 contiki-z1.a(uip-nd6.o)
 .data.tcpip_process
                0x00001202        0xc contiki-z1.a(tcpip.o)
                0x00001202                tcpip_process
 .data.rpl_parents
                0x0000120e        0x2 contiki-z1.a(rpl-dag.o)
                0x0000120e                rpl_parents
 .data.rpl_parents_struct
                0x00001210        0xa contiki-z1.a(rpl-dag.o)
 .data.dao_sequence
                0x0000121a        0x1 contiki-z1.a(rpl-icmp6.o)
 *fill*         0x0000121b        0x1 00
 .data.dis_handler
                0x0000121c        0x8 contiki-z1.a(rpl-icmp6.o)
 .data.dio_handler
                0x00001224        0x8 contiki-z1.a(rpl-icmp6.o)
 .data.dao_handler
                0x0000122c        0x8 contiki-z1.a(rpl-icmp6.o)
 .data.dao_ack_handler
                0x00001234        0x8 contiki-z1.a(rpl-icmp6.o)
 .data.rpl_mrhof
                0x0000123c       0x1a contiki-z1.a(rpl-mrhof.o)
                0x0000123c                rpl_mrhof
 .data.neighbor_addr_mem
                0x00001256        0x8 contiki-z1.a(nbr-table.o)
 .data.buframmem
                0x0000125e        0x8 contiki-z1.a(queuebuf.o)
 .data.bufmem   0x00001266        0x8 contiki-z1.a(queuebuf.o)
 .data.prescale_lsb
                0x0000126e        0x1 contiki-z1.a(i2cmaster.o)
                0x0000126e                prescale_lsb
 *fill*         0x0000126f        0x1 00
 .data.next     0x00001270        0x4 /usr/local/msp430/bin/../lib/gcc/msp430/4.7.0/../../../../msp430/lib/mcpu-430x/mmpy-16/msr20/mc20/libc.a(rand.o)
 *(.near.data .near.data.*)
                0x00001274                . = ALIGN (0x2)
                0x00001274                _edata = .
                0x0000ebba                __data_load_start = LOADADDR (.data)
                0x00000174                __data_size = SIZEOF (.data)

.bss            0x00001274     0x1a20 load address 0x0000ed2e
                0x00001274                __bss_start = .
 *(.bss .bss.*)
 .bss.et        0x00001274        0xc er-example-client-temperature.co
 .bss.request.5024
                0x00001280       0x80 er-example-client-temperature.co
 .bss.request_state.5027
                0x00001300        0xc er-example-client-temperature.co
 .bss.request_state.5029
                0x0000130c        0xc er-example-client-temperature.co
 .bss.irq_energest.4228
                0x00001318        0x4 obj_z1/contiki-z1-main.o
 .bss.erbium_status_code
                0x0000131c        0x2 contiki-z1.a(er-coap.o)
                0x0000131c                erbium_status_code
 .bss.udp_conn  0x0000131e        0x2 contiki-z1.a(er-coap.o)
 .bss.current_mid
                0x00001320        0x2 contiki-z1.a(er-coap.o)
 .bss.message.4896
                0x00001322       0x80 contiki-z1.a(er-coap-engine.)
 .bss.transaction.4898
                0x000013a2        0x2 contiki-z1.a(er-coap-engine.)
 .bss.response.4897
                0x000013a4       0x80 contiki-z1.a(er-coap-engine.)
 .bss.service_cbk
                0x00001424        0x4 contiki-z1.a(er-coap-engine.)
 .bss.more.4940
                0x00001428        0x1 contiki-z1.a(er-coap-engine.)
 *fill*         0x00001429        0x1 00
 .bss.res_block.4941
                0x0000142a        0x4 contiki-z1.a(er-coap-engine.)
 .bss.block_error.4942
                0x0000142e        0x1 contiki-z1.a(er-coap-engine.)
 *fill*         0x0000142f        0x1 00
 .bss.transaction_handler_process
                0x00001430        0x2 contiki-z1.a(er-coap-transac)
 .bss.transactions_list_list
                0x00001432        0x2 contiki-z1.a(er-coap-transac)
 .bss.transactions_memb_memb_count
                0x00001434        0x8 contiki-z1.a(er-coap-transac)
 .bss.transactions_memb_memb_mem
                0x0000143c      0x470 contiki-z1.a(er-coap-transac)
 .bss.observers_list_list
                0x000018ac        0x2 contiki-z1.a(er-coap-observe)
 .bss.observers_memb_memb_count
                0x000018ae        0x2 contiki-z1.a(er-coap-observe)
 .bss.observers_memb_memb_mem
                0x000018b0       0x68 contiki-z1.a(er-coap-observe)
 .bss.obs_subjects_list_list
                0x00001918        0x2 contiki-z1.a(er-coap-observe)
 .bss.response.4783
                0x0000191a       0x80 contiki-z1.a(er-coap-observe)
 .bss.restful_services_list
                0x0000199a        0x2 contiki-z1.a(rest-engine.o)
 .bss.restful_periodic_services_list
                0x0000199c        0x2 contiki-z1.a(rest-engine.o)
 .bss.leds      0x0000199e        0x1 contiki-z1.a(leds.o)
 *fill*         0x0000199f        0x1 00
 .bss.counter   0x000019a0        0x2 contiki-z1.a(watchdog.o)
 .bss.last_packet_timestamp
                0x000019a2        0x2 contiki-z1.a(cc2420.o)
 .bss.receive_on
                0x000019a4        0x1 contiki-z1.a(cc2420.o)
 .bss.locked    0x000019a5        0x1 contiki-z1.a(cc2420.o)
 .bss.lock_off  0x000019a6        0x1 contiki-z1.a(cc2420.o)
 .bss.lock_on   0x000019a7        0x1 contiki-z1.a(cc2420.o)
 .bss.channel   0x000019a8        0x2 contiki-z1.a(cc2420.o)
 .bss.node_id   0x000019aa        0x2 contiki-z1.a(node-id.o)
                0x000019aa                node_id
 .bss.num_sensors
                0x000019ac        0x1 contiki-z1.a(sensors.o)
 *fill*         0x000019ad        0x1 00
 .bss.i.2078    0x000019ae        0x2 contiki-z1.a(sensors.o)
 .bss.events.2079
                0x000019b0        0x2 contiki-z1.a(sensors.o)
 .bss.debouncetimer
                0x000019b2        0x8 contiki-z1.a(button-sensor.o)
 .bss.transmitting
                0x000019ba        0x1 contiki-z1.a(uart0.o)
 *fill*         0x000019bb        0x1 00
 .bss.uart0_input_handler
                0x000019bc        0x4 contiki-z1.a(uart0.o)
 .bss.int1_mask
                0x000019c0        0x2 contiki-z1.a(adxl345.o)
 .bss.int2_mask
                0x000019c2        0x2 contiki-z1.a(adxl345.o)
 .bss._ADXL345_STATUS
                0x000019c4        0x2 contiki-z1.a(adxl345.o)
 .bss.suppressTimer1
                0x000019c6        0x8 contiki-z1.a(adxl345.o)