Archive member included because of file (symbol)

contiki-z1.a(er-coap.o)       obj_z1/res-b1-sep-b2.o (coap_serialize_message)
contiki-z1.a(er-coap-engine.)
                              obj_z1/res-push.o (coap_rest_implementation)
contiki-z1.a(er-coap-transac)
                              contiki-z1.a(er-coap-engine.) (coap_register_as_transaction_handler)
contiki-z1.a(er-coap-observe)
                              contiki-z1.a(er-coap-transac) (coap_remove_observer_by_client)
contiki-z1.a(er-coap-separat)
                              obj_z1/res-separate.o (coap_separate_reject)
contiki-z1.a(er-coap-res-wel)
                              contiki-z1.a(er-coap-engine.) (res_well_known_core)
contiki-z1.a(er-coap-block1.)
                              obj_z1/res-b1-sep-b2.o (coap_block1_handler)
contiki-z1.a(er-coap-observe)
                              contiki-z1.a(er-coap-engine.) (coap_handle_notification)
contiki-z1.a(rest-engine.o)   er-example-server.co (rest_init_engine)
contiki-z1.a(contiki-z1-plat)
                              obj_z1/contiki-z1-main.o (init_platform)
contiki-z1.a(msp430.o)        obj_z1/contiki-z1-main.o (splhigh_)
contiki-z1.a(leds.o)          obj_z1/contiki-z1-main.o (leds_init)
contiki-z1.a(watchdog.o)      obj_z1/contiki-z1-main.o (watchdog_start)
contiki-z1.a(xmem.o)          obj_z1/contiki-z1-main.o (xmem_init)
contiki-z1.a(spi.o)           contiki-z1.a(xmem.o) (spi_init)
contiki-z1.a(cc2420.o)        obj_z1/contiki-z1-main.o (cc2420_set_pan_addr)
contiki-z1.a(cc2420-arch.o)   contiki-z1.a(cc2420.o) (cc2420_arch_init)
contiki-z1.a(node-id.o)       obj_z1/contiki-z1-main.o (node_id_restore)
contiki-z1.a(sensors.o)       er-example-server.co (sensors_event)
contiki-z1.a(button-sensor.o)
                              er-example-server.co (button_sensor)
contiki-z1.a(radio-sensor.o)  obj_z1/res-radio.o (radio_sensor)
contiki-z1.a(uart0.o)         obj_z1/contiki-z1-main.o (uart0_active)
contiki-z1.a(uart0-putchar.o)
                              obj_z1/res-b1-sep-b2.o (putchar)
contiki-z1.a(z1-phidgets.o)   er-example-server.co (phidgets)
contiki-z1.a(sht11-sensor.o)  er-example-server.co (sht11_sensor)
contiki-z1.a(battery-sensor.)
                              obj_z1/res-battery.o (battery_sensor)
contiki-z1.a(sky-sensors.o)   contiki-z1.a(battery-sensor.) (sky_sensors_status)
contiki-z1.a(relay-phidget.o)
                              er-example-server.co (relay_enable)
contiki-z1.a(adxl345.o)       obj_z1/contiki-z1-main.o (accm_init)
contiki-z1.a(clock.o)         obj_z1/contiki-z1-main.o (clock_init)
contiki-z1.a(leds-arch.o)     contiki-z1.a(leds.o) (leds_arch_init)
contiki-z1.a(rtimer-arch.o)   obj_z1/contiki-z1-main.o (rtimer_arch_now)
contiki-z1.a(uip.o)           contiki-z1.a(er-coap-engine.) (uip_aligned_buf)
contiki-z1.a(uip-neighbor.o)  contiki-z1.a(uip.o) (uip_neighbor_add)
contiki-z1.a(sicslowpan.o)    obj_z1/contiki-z1-main.o (sicslowpan_driver)
contiki-z1.a(uip6.o)          contiki-z1.a(er-coap-engine.) (uip_ext_len)
contiki-z1.a(uip-ds6.o)       contiki-z1.a(uip6.o) (uip_ds6_is_addr_onlink)
contiki-z1.a(uip-ds6-nbr.o)   contiki-z1.a(uip-ds6.o) (uip_ds6_neighbors_init)
contiki-z1.a(uip-ds6-route.o)
                              contiki-z1.a(uip-ds6.o) (uip_ds6_route_init)
contiki-z1.a(uip-icmp6.o)     contiki-z1.a(uip6.o) (uip_icmp6_input)
contiki-z1.a(uip-nd6.o)       contiki-z1.a(uip-ds6-nbr.o) (uip_nd6_ns_output)
contiki-z1.a(tcpip.o)         contiki-z1.a(sicslowpan.o) (tcpip_set_outputfunc)
contiki-z1.a(uip-debug.o)     contiki-z1.a(uip-ds6-route.o) (uip_debug_ipaddr_print)
contiki-z1.a(uip-udp-packet.)
                              contiki-z1.a(er-coap.o) (uip_udp_packet_send)
contiki-z1.a(framer-802154.o)
                              contiki-z1.a(sicslowpan.o) (framer_802154)
contiki-z1.a(framer.o)        contiki-z1.a(framer-802154.o) (framer_canonical_create_and_secure)
contiki-z1.a(nullmac.o)       obj_z1/contiki-z1-main.o (nullmac_driver)
contiki-z1.a(nullrdc.o)       obj_z1/contiki-z1-main.o (nullrdc_driver)
contiki-z1.a(linkaddr.o)      obj_z1/contiki-z1-main.o (linkaddr_copy)
contiki-z1.a(nbr-table.o)     contiki-z1.a(uip-ds6-nbr.o) (nbr_table_register)
contiki-z1.a(packetbuf.o)     contiki-z1.a(framer.o) (packetbuf_compact)
contiki-z1.a(queuebuf.o)      obj_z1/contiki-z1-main.o (queuebuf_init)
contiki-z1.a(rpl.o)           contiki-z1.a(uip-ds6-nbr.o) (rpl_link_neighbor_callback)
contiki-z1.a(rpl-dag.o)       contiki-z1.a(rpl.o) (default_instance)
contiki-z1.a(rpl-ext-header.)
                              contiki-z1.a(uip6.o) (rpl_verify_header)
contiki-z1.a(rpl-icmp6.o)     contiki-z1.a(rpl.o) (dao_output_target)
contiki-z1.a(rpl-mrhof.o)     contiki-z1.a(rpl.o) (rpl_mrhof)
contiki-z1.a(rpl-timers.o)    contiki-z1.a(rpl.o) (rpl_reset_periodic_timer)
contiki-z1.a(autostart.o)     obj_z1/contiki-z1-main.o (autostart_start)
contiki-z1.a(ctimer.o)        obj_z1/contiki-z1-main.o (ctimer_init)
[...]
Memory Configuration

Name             Origin             Length             Attributes
sfr              0x00000000         0x00000010
peripheral_8bit  0x00000010         0x000000f0
peripheral_16bit 0x00000100         0x00000100
ram_mirror       0x00000200         0x00000800         xw
infomem          0x00001000         0x00000100
infod            0x00001000         0x00000040
infoc            0x00001040         0x00000040
infob            0x00001080         0x00000040
infoa            0x000010c0         0x00000040
ram              0x00001100         0x00002000         xw
rom              0x00003100         0x0000cebe         xr
vectors          0x0000ffc0         0x00000040
far_rom          0x00010000         0x0000a000
bsl              0x00000000         0x00000000
ram2             0x00000000         0x00000000         xw
usbram           0x00000000         0x00000000         xw
*default*        0x00000000         0xffffffff

Linker script and memory map

LOAD /usr/local/msp430/bin/../lib/gcc/msp430/4.7.0/mcpu-430x/mmpy-16/msr20/mc20/crt0ivtbl32.o
                0x00000041                __P1SEL2 = 0x41
                0x00000045                __P5SEL2 = 0x45
LOAD er-example-server.co
LOAD obj_z1/res-push.o
LOAD obj_z1/res-sub.o
LOAD obj_z1/res-sht11.o
LOAD obj_z1/res-event.o
LOAD obj_z1/res-light-bulb.o
LOAD obj_z1/res-alarm.o
LOAD obj_z1/res-motion.o
LOAD obj_z1/res-battery.o
LOAD obj_z1/res-b1-sep-b2.o
LOAD obj_z1/res-radio.o
LOAD obj_z1/res-mirror.o
LOAD obj_z1/res-leds.o
LOAD obj_z1/res-chunks.o
LOAD obj_z1/res-light.o
LOAD obj_z1/res-hello.o
LOAD obj_z1/res-toggle.o
LOAD obj_z1/res-separate.o
LOAD obj_z1/contiki-z1-main.o
LOAD contiki-z1.a
LOAD /usr/local/msp430/bin/../lib/gcc/msp430/4.7.0/mcpu-430x/mmpy-16/msr20/mc20/libgcc.a
LOAD /usr/local/msp430/bin/../lib/gcc/msp430/4.7.0/../../../../msp430/lib/mcpu-430x/mmpy-16/msr20/mc20/libc.a
LOAD /usr/local/msp430/bin/../lib/gcc/msp430/4.7.0/mcpu-430x/mmpy-16/msr20/mc20/libgcc.a
LOAD /usr/local/msp430/bin/../lib/gcc/msp430/4.7.0/mcpu-430x/mmpy-16/msr20/mc20/libcrt0.a
                0x00000040                PROVIDE (__info_segment_size, 0x40)
                0x00001000                PROVIDE (__infod, 0x1000)
                0x00001040                PROVIDE (__infoc, 0x1040)
                0x00001080                PROVIDE (__infob, 0x1080)
                0x000010c0                PROVIDE (__infoa, 0x10c0)
                0x00000000                __IE1 = 0x0
                0x00000002                __IFG1 = 0x2
                0x00000001                __IE2 = 0x1
                0x00000003                __IFG2 = 0x3
                0x00000006                __UC1IE = 0x6
                0x00000007                __UC1IFG = 0x7
                0x000001a0                __ADC12CTL0 = 0x1a0
                0x000001a2                __ADC12CTL1 = 0x1a2
                0x000001a4                __ADC12IFG = 0x1a4
                0x000001a6                __ADC12IE = 0x1a6
                0x000001a8                __ADC12IV = 0x1a8
                0x00000140                __ADC12MEM0 = 0x140
                0x00000142                __ADC12MEM1 = 0x142
                0x00000144                __ADC12MEM2 = 0x144
                0x00000146                __ADC12MEM3 = 0x146
                0x00000148                __ADC12MEM4 = 0x148
                0x0000014a                __ADC12MEM5 = 0x14a
                0x0000014c                __ADC12MEM6 = 0x14c
                0x0000014e                __ADC12MEM7 = 0x14e
                0x00000150                __ADC12MEM8 = 0x150
                0x00000152                __ADC12MEM9 = 0x152
                0x00000154                __ADC12MEM10 = 0x154
                0x00000156                __ADC12MEM11 = 0x156
                0x00000158                __ADC12MEM12 = 0x158
                0x0000015a                __ADC12MEM13 = 0x15a
                0x0000015c                __ADC12MEM14 = 0x15c
                0x0000015e                __ADC12MEM15 = 0x15e
                0x00000080                __ADC12MCTL0 = 0x80
                0x00000081                __ADC12MCTL1 = 0x81
                0x00000082                __ADC12MCTL2 = 0x82
                0x00000083                __ADC12MCTL3 = 0x83
                0x00000084                __ADC12MCTL4 = 0x84
                0x00000085                __ADC12MCTL5 = 0x85
                0x00000086                __ADC12MCTL6 = 0x86
                0x00000087                __ADC12MCTL7 = 0x87
                0x00000088                __ADC12MCTL8 = 0x88
                0x00000089                __ADC12MCTL9 = 0x89
                0x0000008a                __ADC12MCTL10 = 0x8a
                0x0000008b                __ADC12MCTL11 = 0x8b
                0x0000008c                __ADC12MCTL12 = 0x8c
                0x0000008d                __ADC12MCTL13 = 0x8d
                0x0000008e                __ADC12MCTL14 = 0x8e
                0x0000008f                __ADC12MCTL15 = 0x8f
                0x00000056                __DCOCTL = 0x56
                0x00000057                __BCSCTL1 = 0x57
                0x00000058                __BCSCTL2 = 0x58
                0x00000053                __BCSCTL3 = 0x53
                0x00000059                __CACTL1 = 0x59
                0x0000005a                __CACTL2 = 0x5a
                0x0000005b                __CAPD = 0x5b
                0x000001c0                __DAC12_0CTL = 0x1c0
                0x000001c2                __DAC12_1CTL = 0x1c2
                0x000001c8                __DAC12_0DAT = 0x1c8
                0x000001ca                __DAC12_1DAT = 0x1ca
                0x00000122                __DMACTL0 = 0x122
                0x00000124                __DMACTL1 = 0x124
                0x00000126                __DMAIV = 0x126
                0x000001d0                __DMA0CTL = 0x1d0
                0x000001dc                __DMA1CTL = 0x1dc
                0x000001e8                __DMA2CTL = 0x1e8
                0x000001d2                __DMA0SA = 0x1d2
                0x000001d2                __DMA0SAL = 0x1d2
                0x000001d6                __DMA0DA = 0x1d6
                0x000001d6                __DMA0DAL = 0x1d6
                0x000001da                __DMA0SZ = 0x1da
                0x000001de                __DMA1SA = 0x1de
                0x000001de                __DMA1SAL = 0x1de
                0x000001e2                __DMA1DA = 0x1e2
                0x000001e2                __DMA1DAL = 0x1e2
                0x000001e6                __DMA1SZ = 0x1e6
                0x000001ea                __DMA2SA = 0x1ea
                0x000001ea                __DMA2SAL = 0x1ea
                0x000001ee                __DMA2DA = 0x1ee
                0x000001ee                __DMA2DAL = 0x1ee
                0x000001f2                __DMA2SZ = 0x1f2
                0x00000128                __FCTL1 = 0x128
                0x0000012a                __FCTL2 = 0x12a
                0x0000012c                __FCTL3 = 0x12c
                0x000001be                __FCTL4 = 0x1be
                0x00000130                __MPY = 0x130
                0x00000132                __MPYS = 0x132
                0x00000134                __MAC = 0x134
                0x00000136                __MACS = 0x136
                0x00000138                __OP2 = 0x138
                0x0000013a                __RESLO = 0x13a
                0x0000013c                __RESHI = 0x13c
                0x0000013e                __SUMEXT = 0x13e
                0x00000020                __P1IN = 0x20
                0x00000021                __P1OUT = 0x21
                0x00000022                __P1DIR = 0x22
                0x00000023                __P1IFG = 0x23
                0x00000024                __P1IES = 0x24
                0x00000025                __P1IE = 0x25
                0x00000026                __P1SEL = 0x26
                0x00000027                __P1REN = 0x27
                0x00000028                __P2IN = 0x28
                0x00000029                __P2OUT = 0x29
                0x0000002a                __P2DIR = 0x2a
                0x0000002b                __P2IFG = 0x2b
                0x0000002c                __P2IES = 0x2c
                0x0000002d                __P2IE = 0x2d
                0x0000002e                __P2SEL = 0x2e
                0x0000002f                __P2REN = 0x2f
                0x00000018                __P3IN = 0x18
                0x00000019                __P3OUT = 0x19
                0x0000001a                __P3DIR = 0x1a
                0x0000001b                __P3SEL = 0x1b
                0x00000010                __P3REN = 0x10
                0x0000001c                __P4IN = 0x1c
                0x0000001d                __P4OUT = 0x1d
                0x0000001e                __P4DIR = 0x1e
                0x0000001f                __P4SEL = 0x1f
                0x00000011                __P4REN = 0x11
                0x00000030                __P5IN = 0x30
                0x00000031                __P5OUT = 0x31
                0x00000032                __P5DIR = 0x32
                0x00000033                __P5SEL = 0x33
                0x00000012                __P5REN = 0x12
                0x00000034                __P6IN = 0x34
                0x00000035                __P6OUT = 0x35
                0x00000036                __P6DIR = 0x36
                0x00000037                __P6SEL = 0x37
                0x00000013                __P6REN = 0x13
                0x00000038                __P7IN = 0x38
                0x0000003a                __P7OUT = 0x3a
                0x0000003c                __P7DIR = 0x3c
                0x0000003e                __P7SEL = 0x3e
                0x00000014                __P7REN = 0x14
                0x00000039                __P8IN = 0x39
                0x0000003b                __P8OUT = 0x3b
                0x0000003d                __P8DIR = 0x3d
                0x0000003f                __P8SEL = 0x3f
                0x00000015                __P8REN = 0x15
                0x00000038                __PAIN = 0x38
                0x0000003a                __PAOUT = 0x3a
                0x0000003c                __PADIR = 0x3c
                0x0000003e                __PASEL = 0x3e
                0x00000014                __PAREN = 0x14
                0x00000055                __SVSCTL = 0x55
                0x0000012e                __TAIV = 0x12e
                0x00000160                __TACTL = 0x160
                0x00000162                __TACCTL0 = 0x162
                0x00000164                __TACCTL1 = 0x164
                0x00000166                __TACCTL2 = 0x166
                0x00000170                __TAR = 0x170
                0x00000172                __TACCR0 = 0x172
                0x00000174                __TACCR1 = 0x174
                0x00000176                __TACCR2 = 0x176
                0x0000011e                __TBIV = 0x11e
                0x00000180                __TBCTL = 0x180
                0x00000182                __TBCCTL0 = 0x182
                0x00000184                __TBCCTL1 = 0x184
                0x00000186                __TBCCTL2 = 0x186
                0x00000188                __TBCCTL3 = 0x188
                0x0000018a                __TBCCTL4 = 0x18a
                0x0000018c                __TBCCTL5 = 0x18c
                0x0000018e                __TBCCTL6 = 0x18e
                0x00000190                __TBR = 0x190
                0x00000192                __TBCCR0 = 0x192
                0x00000194                __TBCCR1 = 0x194
                0x00000196                __TBCCR2 = 0x196
                0x00000198                __TBCCR3 = 0x198
                0x0000019a                __TBCCR4 = 0x19a
                0x0000019c                __TBCCR5 = 0x19c
                0x0000019e                __TBCCR6 = 0x19e
                0x00000060                __UCA0CTL0 = 0x60
                0x00000061                __UCA0CTL1 = 0x61
                0x00000062                __UCA0BR0 = 0x62
                0x00000063                __UCA0BR1 = 0x63
                0x00000064                __UCA0MCTL = 0x64
                0x00000065                __UCA0STAT = 0x65
                0x00000066                __UCA0RXBUF = 0x66
                0x00000067                __UCA0TXBUF = 0x67
                0x0000005d                __UCA0ABCTL = 0x5d
                0x0000005e                __UCA0IRTCTL = 0x5e
                0x0000005f                __UCA0IRRCTL = 0x5f
                0x00000068                __UCB0CTL0 = 0x68
                0x00000069                __UCB0CTL1 = 0x69
                0x0000006a                __UCB0BR0 = 0x6a
                0x0000006b                __UCB0BR1 = 0x6b
                0x0000006c                __UCB0I2CIE = 0x6c
                0x0000006d                __UCB0STAT = 0x6d
                0x0000006e                __UCB0RXBUF = 0x6e
                0x0000006f                __UCB0TXBUF = 0x6f
                0x00000118                __UCB0I2COA = 0x118
                0x0000011a                __UCB0I2CSA = 0x11a
                0x000000d0                __UCA1CTL0 = 0xd0
                0x000000d1                __UCA1CTL1 = 0xd1
                0x000000d2                __UCA1BR0 = 0xd2
                0x000000d3                __UCA1BR1 = 0xd3
                0x000000d4                __UCA1MCTL = 0xd4
                0x000000d5                __UCA1STAT = 0xd5
                0x000000d6                __UCA1RXBUF = 0xd6
                0x000000d7                __UCA1TXBUF = 0xd7
                0x000000cd                __UCA1ABCTL = 0xcd
                0x000000ce                __UCA1IRTCTL = 0xce
                0x000000cf                __UCA1IRRCTL = 0xcf
                0x000000d8                __UCB1CTL0 = 0xd8
                0x000000d9                __UCB1CTL1 = 0xd9
                0x000000da                __UCB1BR0 = 0xda
                0x000000db                __UCB1BR1 = 0xdb
                0x000000dc                __UCB1I2CIE = 0xdc
                0x000000dd                __UCB1STAT = 0xdd
                0x000000de                __UCB1RXBUF = 0xde
                0x000000df                __UCB1TXBUF = 0xdf
                0x0000017c                __UCB1I2COA = 0x17c
                0x0000017e                __UCB1I2CSA = 0x17e
                0x00000120                __WDTCTL = 0x120
                0x000010c0                __TLV_CHECKSUM = 0x10c0
                0x000010f6                __TLV_DCO_30_TAG = 0x10f6
                0x000010f7                __TLV_DCO_30_LEN = 0x10f7
                0x000010da                __TLV_ADC12_1_TAG = 0x10da
                0x000010db                __TLV_ADC12_1_LEN = 0x10db
                0x000010f8                __CALDCO_16MHZ = 0x10f8
                0x000010f9                __CALBC1_16MHZ = 0x10f9
                0x000010fa                __CALDCO_12MHZ = 0x10fa
                0x000010fb                __CALBC1_12MHZ = 0x10fb
                0x000010fc                __CALDCO_8MHZ = 0x10fc
                0x000010fd                __CALBC1_8MHZ = 0x10fd
                0x000010fe                __CALDCO_1MHZ = 0x10fe
                0x000010ff                __CALBC1_1MHZ = 0x10ff

.hash
 *(.hash)

.dynsym
 *(.dynsym)

.dynstr
 *(.dynstr)

.gnu.version
 *(.gnu.version)

.gnu.version_d
 *(.gnu.version_d)

.gnu.version_r
 *(.gnu.version_r)

.rel.init
 *(.rel.init)

.rela.init
 *(.rela.init)

.rel.fini
 *(.rel.fini)

.rela.fini
 *(.rela.fini)

.rel.text
 *(.rel.text .rel.text.* .rel.gnu.linkonce.t.*)

.rela.text
 *(.rela.text .rela.text.* .rela.gnu.linkonce.t.*)

.rel.rodata
 *(.rel.rodata .rel.rodata.* .rel.gnu.linkonce.r.*)

.rela.rodata
 *(.rela.rodata .rela.rodata.* .rela.gnu.linkonce.r.*)

.rel.data
 *(.rel.data .rel.data.* .rel.gnu.linkonce.d.*)

.rela.data
 *(.rela.data .rela.data.* .rela.gnu.linkonce.d.*)

.rel.bss
 *(.rel.bss .rel.bss.* .rel.gnu.linkonce.b.*)

.rela.bss
 *(.rela.bss .rela.bss.* .rela.gnu.linkonce.b.*)

.rel.ctors
 *(.rel.ctors)

.rela.ctors
 *(.rela.ctors)

.rel.dtors
 *(.rel.dtors)

.rela.dtors
 *(.rela.dtors)

.rel.got
 *(.rel.got)

.rela.got
 *(.rela.got)

.rel.plt
 *(.rel.plt)

.rela.plt
 *(.rela.plt)

.text           0x00003100     0xc138
                0x00003100                . = ALIGN (0x2)
 *(.init .init.*)
 *(.init0)
 .init0         0x00003100        0x0 /usr/local/msp430/bin/../lib/gcc/msp430/4.7.0/mcpu-430x/mmpy-16/msr20/mc20/libcrt0.a(_reset_vector__.o)
                0x00003100                _reset_vector__
 *(.init1)
 .init1         0x00003100        0xc /usr/local/msp430/bin/../lib/gcc/msp430/4.7.0/mcpu-430x/mmpy-16/msr20/mc20/libcrt0.a(__watchdog_support.o)
                0x00003100                __watchdog_support
 *(.init2)
 .init2         0x0000310c        0x4 /usr/local/msp430/bin/../lib/gcc/msp430/4.7.0/mcpu-430x/mmpy-16/msr20/mc20/libcrt0.a(__init_stack.o)
                0x0000310c                __init_stack
 *(.init3)
 .init3         0x00003110        0x0 /usr/local/msp430/bin/../lib/gcc/msp430/4.7.0/mcpu-430x/mmpy-16/msr20/mc20/libcrt0.a(__low_level_init.o)
                0x00003110                __low_level_init
 *(.init4)
 .init4         0x00003110       0x18 /usr/local/msp430/bin/../lib/gcc/msp430/4.7.0/mcpu-430x/mmpy-16/msr20/mc20/libcrt0.a(_copy_data.o)
                0x00003110                __do_copy_data
 .init4         0x00003128       0x16 /usr/local/msp430/bin/../lib/gcc/msp430/4.7.0/mcpu-430x/mmpy-16/msr20/mc20/libcrt0.a(_clear_bss.o)
                0x00003128                __do_clear_bss
 *(.init5)
 *(.init6)
 *(.init7)
 *(.init8)
 *(.init9)
 .init9         0x0000313e      0x32e obj_z1/contiki-z1-main.o
                0x0000313e                main
 *(.fini9)
 .fini9         0x0000346c        0x0 /usr/local/msp430/bin/../lib/gcc/msp430/4.7.0/mcpu-430x/mmpy-16/msr20/mc20/libcrt0.a(__stop_progExec__.o)
                0x0000346c                __stop_progExec__
 *(.fini8)
 *(.fini7)
 *(.fini6)
 *(.fini5)
 *(.fini4)
 *(.fini3)
 *(.fini2)
 *(.fini1)
 *(.fini0)
 .fini0         0x0000346c        0x6 /usr/local/msp430/bin/../lib/gcc/msp430/4.7.0/mcpu-430x/mmpy-16/msr20/mc20/libcrt0.a(_endless_loop__.o)
                0x0000346c                _endless_loop__
 *(.fini .fini.*)
                0x00003472                . = ALIGN (0x2)
                0x00003472                __ctors_start = .
 *(.ctors)
                0x00003472                __ctors_end = .
                0x00003472                __dtors_start = .
 *(.dtors)
                0x00003472                __dtors_end = .
                0x00003472                . = ALIGN (0x2)
 *(.text .text.* .gnu.linkonce.t.*)
 .text          0x00003472        0x4 /usr/local/msp430/bin/../lib/gcc/msp430/4.7.0/mcpu-430x/mmpy-16/msr20/mc20/crt0ivtbl32.o
                0x00003472                __isr_14
                0x00003472                __isr_4
                0x00003472                __isr_29
                0x00003472                __isr_11
                0x00003472                __isr_5
                0x00003472                __isr_2
                0x00003472                __isr_10
                0x00003472                __isr_7
                0x00003472                __isr_0
                0x00003472                __isr_28
                0x00003472                __isr_8
                0x00003472                __isr_20
                0x00003472                __isr_3
                0x00003472                __isr_12
                0x00003472                __isr_13
                0x00003472                __isr_27
                0x00003472                __isr_9
                0x00003472                __isr_30
                0x00003472                __isr_6
                0x00003472                __isr_22
                0x00003472                __isr_1
                0x00003472                __isr_15
                0x00003472                __isr_21
 .text.libgcc   0x00003476       0x26 /usr/local/msp430/bin/../lib/gcc/msp430/4.7.0/mcpu-430x/mmpy-16/msr20/mc20/libgcc.a(_mulsi3.o)
                0x00003476                __mulsi3
 .text.libgcc   0x0000349c       0x22 /usr/local/msp430/bin/../lib/gcc/msp430/4.7.0/mcpu-430x/mmpy-16/msr20/mc20/libgcc.a(_udivmod16.o)
                0x0000349c                __udivhi3
                0x0000349c                __ext_udivmod16
                0x000034b6                __umodhi3
 .text.libgcc   0x000034be       0x3a /usr/local/msp430/bin/../lib/gcc/msp430/4.7.0/mcpu-430x/mmpy-16/msr20/mc20/libgcc.a(_divmod16.o)
                0x000034be                __ext_divmod16
                0x000034be                __divhi3
                0x000034f0                __modhi3
 .text.libgcc   0x000034f8       0x38 /usr/local/msp430/bin/../lib/gcc/msp430/4.7.0/mcpu-430x/mmpy-16/msr20/mc20/libgcc.a(_udivmod32.o)
                0x000034f8                __udivsi3
                0x000034f8                __ext_udivmod32
                0x00003526                __umodsi3
 .text.libgcc   0x00003530       0x4c /usr/local/msp430/bin/../lib/gcc/msp430/4.7.0/mcpu-430x/mmpy-16/msr20/mc20/libgcc.a(_divmod32.o)
                0x00003530                __ext_divmod32
                0x00003530                __divsi3
                0x00003572                __modsi3
 .text          0x0000357c      0x2f0 /usr/local/msp430/bin/../lib/gcc/msp430/4.7.0/mcpu-430x/mmpy-16/msr20/mc20/libgcc.a(_addsub_sf.o)
                0x000037d0                __addsf3
                0x0000381c                __subsf3
 .text          0x0000386c      0x1f2 /usr/local/msp430/bin/../lib/gcc/msp430/4.7.0/mcpu-430x/mmpy-16/msr20/mc20/libgcc.a(_mul_sf.o)
                0x0000386c                __mulsf3
 .text          0x00003a5e      0x142 /usr/local/msp430/bin/../lib/gcc/msp430/4.7.0/mcpu-430x/mmpy-16/msr20/mc20/libgcc.a(_div_sf.o)
                0x00003a5e                __divsf3
 .text          0x00003ba0       0x8c /usr/local/msp430/bin/../lib/gcc/msp430/4.7.0/mcpu-430x/mmpy-16/msr20/mc20/libgcc.a(_sf_to_si.o)
                0x00003ba0                __fixsfsi
 .text          0x00003c2c       0xe4 /usr/local/msp430/bin/../lib/gcc/msp430/4.7.0/mcpu-430x/mmpy-16/msr20/mc20/libgcc.a(_usi_to_sf.o)
                0x00003c2c                __floatunsisf
 .text          0x00003d10       0x6a /usr/local/msp430/bin/../lib/gcc/msp430/4.7.0/mcpu-430x/mmpy-16/msr20/mc20/libgcc.a(_clzsi2.o)
                0x00003d10                __clzsi2
 .text          0x00003d7a      0x1c8 /usr/local/msp430/bin/../lib/gcc/msp430/4.7.0/mcpu-430x/mmpy-16/msr20/mc20/libgcc.a(_pack_sf.o)
                0x00003d7a                __pack_f
 .text          0x00003f42      0x10c /usr/local/msp430/bin/../lib/gcc/msp430/4.7.0/mcpu-430x/mmpy-16/msr20/mc20/libgcc.a(_unpack_sf.o)
                0x00003f42                __unpack_f
 .text.printf   0x0000404e       0x10 /usr/local/msp430/bin/../lib/gcc/msp430/4.7.0/../../../../msp430/lib/mcpu-430x/mmpy-16/msr20/mc20/libc.a(printf.o)
                0x0000404e                printf
 .text.append   0x0000405e       0x22 /usr/local/msp430/bin/../lib/gcc/msp430/4.7.0/../../../../msp430/lib/mcpu-430x/mmpy-16/msr20/mc20/libc.a(sprintf.o)
 .text.call_vuprintf
                0x00004080       0x36 /usr/local/msp430/bin/../lib/gcc/msp430/4.7.0/../../../../msp430/lib/mcpu-430x/mmpy-16/msr20/mc20/libc.a(sprintf.o)
 .text.snprintf
                0x000040b6       0x1c /usr/local/msp430/bin/../lib/gcc/msp430/4.7.0/../../../../msp430/lib/mcpu-430x/mmpy-16/msr20/mc20/libc.a(sprintf.o)
                0x000040b6                snprintf
 .text.print_field
                0x000040d2      0x176 /usr/local/msp430/bin/../lib/gcc/msp430/4.7.0/../../../../msp430/lib/mcpu-430x/mmpy-16/msr20/mc20/libc.a(vuprintf.o)
 .text.vuprintf
                0x00004248      0x74c /usr/local/msp430/bin/../lib/gcc/msp430/4.7.0/../../../../msp430/lib/mcpu-430x/mmpy-16/msr20/mc20/libc.a(vuprintf.o)
                0x00004248                vuprintf
 .text.puts     0x00004994       0x2c /usr/local/msp430/bin/../lib/gcc/msp430/4.7.0/../../../../msp430/lib/mcpu-430x/mmpy-16/msr20/mc20/libc.a(puts.o)
                0x00004994                puts
 .text.rand     0x000049c0       0x26 /usr/local/msp430/bin/../lib/gcc/msp430/4.7.0/../../../../msp430/lib/mcpu-430x/mmpy-16/msr20/mc20/libc.a(rand.o)
                0x000049c0                rand
 .text.strchr   0x000049e6       0x16 /usr/local/msp430/bin/../lib/gcc/msp430/4.7.0/../../../../msp430/lib/mcpu-430x/mmpy-16/msr20/mc20/libc.a(strchr.o)
                0x000049e6                strchr
 .text.memchr   0x000049fc       0x1e /usr/local/msp430/bin/../lib/gcc/msp430/4.7.0/../../../../msp430/lib/mcpu-430x/mmpy-16/msr20/mc20/libc.a(memchr.o)
                0x000049fc                memchr
 .text.strncmp  0x00004a1a       0x2a /usr/local/msp430/bin/../lib/gcc/msp430/4.7.0/../../../../msp430/lib/mcpu-430x/mmpy-16/msr20/mc20/libc.a(strncmp.o)
                0x00004a1a                strncmp
 .text.memcmp   0x00004a44       0x2c /usr/local/msp430/bin/../lib/gcc/msp430/4.7.0/../../../../msp430/lib/mcpu-430x/mmpy-16/msr20/mc20/libc.a(memcmp.o)
                0x00004a44                memcmp
 .text.strcpy   0x00004a70       0x14 /usr/local/msp430/bin/../lib/gcc/msp430/4.7.0/../../../../msp430/lib/mcpu-430x/mmpy-16/msr20/mc20/libc.a(strcpy.o)
                0x00004a70                strcpy
 .text.memcpy   0x00004a84       0xe8 /usr/local/msp430/bin/../lib/gcc/msp430/4.7.0/../../../../msp430/lib/mcpu-430x/mmpy-16/msr20/mc20/libc.a(memcpy.o)
                0x00004a84                memcpy
 .text.memmove  0x00004b6c       0xe8 /usr/local/msp430/bin/../lib/gcc/msp430/4.7.0/../../../../msp430/lib/mcpu-430x/mmpy-16/msr20/mc20/libc.a(memmove.o)
                0x00004b6c                memmove
 .text.memset   0x00004c54       0x5c /usr/local/msp430/bin/../lib/gcc/msp430/4.7.0/../../../../msp430/lib/mcpu-430x/mmpy-16/msr20/mc20/libc.a(memset.o)
                0x00004c54                memset
 .text.libgcc   0x00004cb0       0xbc /usr/local/msp430/bin/../lib/gcc/msp430/4.7.0/mcpu-430x/mmpy-16/msr20/mc20/libgcc.a(_udivmod64.o)
                0x00004cb0                __xabi_udivmod64
                0x00004d02                __udivdi3
                0x00004d1c                __umoddi3
                0x00004d3e                __udivmoddi4
 .text.crt0     0x00004d6c        0x2 /usr/local/msp430/bin/../lib/gcc/msp430/4.7.0/mcpu-430x/mmpy-16/msr20/mc20/libcrt0.a(_unexpected_.o)
                0x00004d6c                _unexpected_
 *(.near.text .near.text.*)
 .near.text.watchdog_interrupt
                0x00004d6e        0x6 contiki-z1.a(watchdog.o)
                0x00004d6e                __isr_26
                0x00004d6e                watchdog_interrupt
 .near.text.irq_p2
                0x00004d74       0x76 contiki-z1.a(button-sensor.o)
                0x00004d74                irq_p2
                0x00004d74                __isr_19
 .near.text.uart0_rx_interrupt
                0x00004dea       0x64 contiki-z1.a(uart0.o)
                0x00004dea                __isr_23
                0x00004dea                uart0_rx_interrupt
 .near.text.port1_isr
                0x00004e4e       0xbe contiki-z1.a(adxl345.o)
                0x00004e4e                port1_isr
                0x00004e4e                __isr_18
 .near.text.timera1
                0x00004f0c      0x10a contiki-z1.a(clock.o)
                0x00004f0c                __isr_24
                0x00004f0c                timera1
 .near.text.timera0
                0x00005016       0x5c contiki-z1.a(rtimer-arch.o)
                0x00005016                __isr_25
                0x00005016                timera0
 .near.text.i2c_tx_interrupt
                0x00005072       0x84 contiki-z1.a(i2cmaster.o)
                0x00005072                __isr_16
                0x00005072                i2c_tx_interrupt
 .near.text.i2c_rx_interrupt
                0x000050f6       0x14 contiki-z1.a(i2cmaster.o)
                0x000050f6                i2c_rx_interrupt
                0x000050f6                __isr_17
 .any.text.process_thread_er_example_server
                0x0000510a       0xbe er-example-server.co
 .any.text.res_put_handler
                0x000051c8       0x7a obj_z1/res-sht11.o
 .any.text.res_get_handler
                0x00005242      0x1a6 obj_z1/res-sht11.o
 .any.text.res_event_handler
                0x000053e8       0x12 obj_z1/res-event.o
 .any.text.res_get_handler
                0x000053fa       0x3c obj_z1/res-event.o
 .any.text.res_post_handler
                0x00005436       0xe2 obj_z1/res-light-bulb.o
 .any.text.res_get_handler
                0x00005518       0xde obj_z1/res-light-bulb.o
 .any.text.res_post_handler
                0x000055f6       0xe2 obj_z1/res-alarm.o
 .any.text.res_get_handler
                0x000056d8       0xde obj_z1/res-alarm.o
 .any.text.res_get_handler
                0x000057b6       0xd6 obj_z1/res-motion.o
 .any.text.res_get_handler
                0x0000588c       0x2a obj_z1/res-separate.o
 .any.text.res_resume_handler
                0x000058b6       0x84 obj_z1/res-separate.o
 .any.text.coap_parse_int_option
                0x0000593a       0x36 contiki-z1.a(er-coap.o)
 .any.text.coap_get_variable
                0x00005970       0x78 contiki-z1.a(er-coap.o)
 .any.text.coap_merge_multi_option
                0x000059e8       0x3a contiki-z1.a(er-coap.o)
 .any.text.coap_set_option_header
                0x00005a22       0x98 contiki-z1.a(er-coap.o)
 .any.text.coap_serialize_int_option
                0x00005aba       0xbe contiki-z1.a(er-coap.o)
 .any.text.coap_serialize_array_option.part.0
                0x00005b78       0x28 contiki-z1.a(er-coap.o)
 .any.text.coap_serialize_array_option
                0x00005ba0       0x82 contiki-z1.a(er-coap.o)
 .any.text.coap_init_connection
                0x00005c22       0x22 contiki-z1.a(er-coap.o)
                0x00005c22                coap_init_connection
 .any.text.coap_get_mid
                0x00005c44        0xc contiki-z1.a(er-coap.o)
                0x00005c44                coap_get_mid
 .any.text.coap_init_message
                0x00005c50       0x24 contiki-z1.a(er-coap.o)
                0x00005c50                coap_init_message
 .any.text.coap_serialize_message
                0x00005c74      0x3ba contiki-z1.a(er-coap.o)
                0x00005c74                coap_serialize_message
 .any.text.coap_send_message
                0x0000602e       0x3e contiki-z1.a(er-coap.o)
                0x0000602e                coap_send_message
 .any.text.coap_parse_message
                0x0000606c      0x468 contiki-z1.a(er-coap.o)
                0x0000606c                coap_parse_message
 .any.text.coap_get_query_variable
                0x000064d4       0x1c contiki-z1.a(er-coap.o)
                0x000064d4                coap_get_query_variable
 .any.text.coap_get_post_variable
                0x000064f0       0x20 contiki-z1.a(er-coap.o)
                0x000064f0                coap_get_post_variable
 .any.text.coap_set_status_code
                0x00006510       0x12 contiki-z1.a(er-coap.o)
                0x00006510                coap_set_status_code
 .any.text.coap_set_token
                0x00006522       0x24 contiki-z1.a(er-coap.o)
                0x00006522                coap_set_token
 .any.text.coap_get_header_content_format
                0x00006546       0x16 contiki-z1.a(er-coap.o)
                0x00006546                coap_get_header_content_format
 .any.text.coap_set_header_content_format
                0x0000655c        0xe contiki-z1.a(er-coap.o)
                0x0000655c                coap_set_header_content_format
 .any.text.coap_get_header_accept
                0x0000656a       0x14 contiki-z1.a(er-coap.o)
                0x0000656a                coap_get_header_accept
 .any.text.coap_get_header_max_age
                0x0000657e       0x24 contiki-z1.a(er-coap.o)
                0x0000657e                coap_get_header_max_age
 .any.text.coap_set_header_max_age
                0x000065a2       0x12 contiki-z1.a(er-coap.o)
                0x000065a2                coap_set_header_max_age
 .any.text.coap_set_header_etag
                0x000065b4       0x2a contiki-z1.a(er-coap.o)
                0x000065b4                coap_set_header_etag
 .any.text.coap_get_header_if_match
                0x000065de       0x1a contiki-z1.a(er-coap.o)
                0x000065de                coap_get_header_if_match
 .any.text.coap_get_header_if_none_match
                0x000065f8        0xc contiki-z1.a(er-coap.o)
                0x000065f8                coap_get_header_if_none_match
 .any.text.coap_get_header_uri_host
                0x00006604       0x16 contiki-z1.a(er-coap.o)
                0x00006604                coap_get_header_uri_host
 .any.text.coap_get_header_uri_path
                0x0000661a       0x16 contiki-z1.a(er-coap.o)
                0x0000661a                coap_get_header_uri_path
 .any.text.coap_get_header_uri_query
                0x00006630       0x16 contiki-z1.a(er-coap.o)
                0x00006630                coap_get_header_uri_query
 .any.text.coap_set_header_location_query
                0x00006646       0x2c contiki-z1.a(er-coap.o)
                0x00006646                coap_set_header_location_query
 .any.text.coap_set_header_location_path
                0x00006672       0x5a contiki-z1.a(er-coap.o)
                0x00006672                coap_set_header_location_path
 .any.text.coap_get_header_observe
                0x000066cc       0x1c contiki-z1.a(er-coap.o)
                0x000066cc                coap_get_header_observe
 .any.text.coap_set_header_observe
                0x000066e8       0x12 contiki-z1.a(er-coap.o)
                0x000066e8                coap_set_header_observe
 .any.text.coap_get_header_block2
                0x000066fa       0x4c contiki-z1.a(er-coap.o)
                0x000066fa                coap_get_header_block2
 .any.text.coap_set_header_block2
                0x00006746       0x42 contiki-z1.a(er-coap.o)
                0x00006746                coap_set_header_block2
 .any.text.coap_set_header_block1
                0x00006788       0x38 contiki-z1.a(er-coap.o)
                0x00006788                coap_set_header_block1
 .any.text.coap_get_header_size2
                0x000067c0       0x1c contiki-z1.a(er-coap.o)
                0x000067c0                coap_get_header_size2
 .any.text.coap_set_header_size2
                0x000067dc       0x12 contiki-z1.a(er-coap.o)
                0x000067dc                coap_set_header_size2
 .any.text.coap_get_payload
                0x000067ee       0x1a contiki-z1.a(er-coap.o)
                0x000067ee                coap_get_payload
 .any.text.coap_set_payload
                0x00006808       0x16 contiki-z1.a(er-coap.o)
                0x00006808                coap_set_payload
 .any.text.coap_set_service_callback
                0x0000681e        0x6 contiki-z1.a(er-coap-engine.)
                0x0000681e                coap_set_service_callback
 .any.text.coap_get_rest_method
                0x00006824       0x16 contiki-z1.a(er-coap-engine.)
                0x00006824                coap_get_rest_method
 .any.text.process_thread_coap_engine
                0x0000683a      0x43e contiki-z1.a(er-coap-engine.)
 .any.text.coap_init_engine
                0x00006c78        0xc contiki-z1.a(er-coap-engine.)
                0x00006c78                coap_init_engine
 .any.text.coap_register_as_transaction_handler
                0x00006c84        0x8 contiki-z1.a(er-coap-transac)
                0x00006c84                coap_register_as_transaction_handler
 .any.text.coap_new_transaction
                0x00006c8c       0x46 contiki-z1.a(er-coap-transac)
                0x00006c8c                coap_new_transaction
 .any.text.coap_clear_transaction
                0x00006cd2       0x26 contiki-z1.a(er-coap-transac)
                0x00006cd2                coap_clear_transaction
 .any.text.coap_send_transaction
                0x00006cf8       0xac contiki-z1.a(er-coap-transac)
                0x00006cf8                coap_send_transaction
 .any.text.coap_get_transaction_by_mid
                0x00006da4       0x1e contiki-z1.a(er-coap-transac)
                0x00006da4                coap_get_transaction_by_mid
 .any.text.coap_check_transactions
                0x00006dc2       0x2e contiki-z1.a(er-coap-transac)
                0x00006dc2                coap_check_transactions
 .any.text.coap_remove_observer
                0x00006df0       0x1c contiki-z1.a(er-coap-observe)
                0x00006df0                coap_remove_observer
 .any.text.coap_remove_observer_by_client
                0x00006e0c       0x40 contiki-z1.a(er-coap-observe)
                0x00006e0c                coap_remove_observer_by_client
 .any.text.coap_remove_observer_by_token
                0x00006e4c       0x5e contiki-z1.a(er-coap-observe)
                0x00006e4c                coap_remove_observer_by_token
 .any.text.coap_remove_observer_by_uri
                0x00006eaa       0x6a contiki-z1.a(er-coap-observe)
                0x00006eaa                coap_remove_observer_by_uri
 .any.text.coap_add_observer
                0x00006f14       0x5c contiki-z1.a(er-coap-observe)
                0x00006f14                coap_add_observer
 .any.text.coap_remove_observer_by_mid
                0x00006f70       0x48 contiki-z1.a(er-coap-observe)
                0x00006f70                coap_remove_observer_by_mid
 .any.text.coap_notify_observers
                0x00006fb8       0xdc contiki-z1.a(er-coap-observe)
                0x00006fb8                coap_notify_observers
 .any.text.coap_observe_handler
                0x00007094       0xb6 contiki-z1.a(er-coap-observe)
                0x00007094                coap_observe_handler
 .any.text.coap_separate_reject
                0x0000714a        0xe contiki-z1.a(er-coap-separat)
                0x0000714a                coap_separate_reject
 .any.text.coap_separate_accept
                0x00007158       0xe0 contiki-z1.a(er-coap-separat)
                0x00007158                coap_separate_accept
 .any.text.coap_separate_resume
                0x00007238       0x48 contiki-z1.a(er-coap-separat)
                0x00007238                coap_separate_resume
 .any.text.well_known_core_get_handler
                0x00007280      0x25a contiki-z1.a(er-coap-res-wel)
                0x00007280                well_known_core_get_handler
 .any.text.simple_reply
                0x000074da       0x34 contiki-z1.a(er-coap-observe)
 .any.text.classify_notification
                0x0000750e       0x5a contiki-z1.a(er-coap-observe)
 .any.text.coap_get_obs_subject_by_token
                0x00007568       0x4e contiki-z1.a(er-coap-observe)
                0x00007568                coap_get_obs_subject_by_token
 .any.text.coap_handle_notification
                0x000075b6       0xbe contiki-z1.a(er-coap-observe)
                0x000075b6                coap_handle_notification
 .any.text.process_thread_rest_engine_process
                0x00007674       0xc0 contiki-z1.a(rest-engine.o)
 .any.text.rest_invoke_restful_service
                0x00007734      0x11c contiki-z1.a(rest-engine.o)
                0x00007734                rest_invoke_restful_service
 .any.text.rest_init_engine
                0x00007850       0x26 contiki-z1.a(rest-engine.o)
                0x00007850                rest_init_engine
 .any.text.rest_activate_resource
                0x00007876       0x3e contiki-z1.a(rest-engine.o)
                0x00007876                rest_activate_resource
 .any.text.rest_get_resources
                0x000078b4        0x6 contiki-z1.a(rest-engine.o)
                0x000078b4                rest_get_resources
 .any.text.init_platform
                0x000078ba        0xc contiki-z1.a(contiki-z1-plat)
                0x000078ba                init_platform
 .any.text.msp430_init_dco
                0x000078c6       0x28 contiki-z1.a(msp430.o)
                0x000078c6                msp430_init_dco
 .any.text.splhigh_
                0x000078ee        0x8 contiki-z1.a(msp430.o)
                0x000078ee                splhigh_
 .any.text.msp430_sync_dco
                0x000078f6       0x6e contiki-z1.a(msp430.o)
                0x000078f6                msp430_sync_dco
 .any.text.msp430_cpu_init
                0x00007964       0x2a contiki-z1.a(msp430.o)
                0x00007964                msp430_cpu_init
 .any.text.show_leds
                0x0000798e       0xe8 contiki-z1.a(leds.o)
 .any.text.leds_init
                0x00007a76        0xa contiki-z1.a(leds.o)
                0x00007a76                leds_init
 .any.text.leds_on
                0x00007a80        0xa contiki-z1.a(leds.o)
                0x00007a80                leds_on
 .any.text.leds_off
                0x00007a8a        0xe contiki-z1.a(leds.o)
                0x00007a8a                leds_off
 .any.text.watchdog_start
                0x00007a98       0x14 contiki-z1.a(watchdog.o)
                0x00007a98                watchdog_start
 .any.text.watchdog_periodic
                0x00007aac       0x12 contiki-z1.a(watchdog.o)
                0x00007aac                watchdog_periodic
 .any.text.watchdog_stop
                0x00007abe       0x16 contiki-z1.a(watchdog.o)
                0x00007abe                watchdog_stop
 .any.text.watchdog_init
                0x00007ad4       0x12 contiki-z1.a(watchdog.o)
                0x00007ad4                watchdog_init
 .any.text.wait_ready
                0x00007ae6       0x46 contiki-z1.a(xmem.o)
 .any.text.xmem_init
                0x00007b2c       0x1e contiki-z1.a(xmem.o)
                0x00007b2c                xmem_init
 .any.text.xmem_pread
                0x00007b4a       0xc2 contiki-z1.a(xmem.o)
                0x00007b4a                xmem_pread
 .any.text.spi_init
                0x00007c0c       0x32 contiki-z1.a(spi.o)
                0x00007c0c                spi_init
 .any.text.get_object
                0x00007c3e        0x4 contiki-z1.a(cc2420.o)
 .any.text.set_object
                0x00007c42        0x4 contiki-z1.a(cc2420.o)
 .any.text.strobe
                0x00007c46       0x1a contiki-z1.a(cc2420.o)
 .any.text.getreg
                0x00007c60       0x46 contiki-z1.a(cc2420.o)
 .any.text.setreg
                0x00007ca6       0x44 contiki-z1.a(cc2420.o)
 .any.text.write_ram
                0x00007cea       0x72 contiki-z1.a(cc2420.o)
 .any.text.write_fifo_buf
                0x00007d5c       0x38 contiki-z1.a(cc2420.o)
 .any.text.get_status
                0x00007d94       0x1e contiki-z1.a(cc2420.o)
 .any.text.set_txpower
                0x00007db2       0x24 contiki-z1.a(cc2420.o)
 .any.text.cc2420_receiving_packet
                0x00007dd6        0xa contiki-z1.a(cc2420.o)
 .any.text.pending_packet
                0x00007de0        0xa contiki-z1.a(cc2420.o)
 .any.text.on   0x00007dea       0x1e contiki-z1.a(cc2420.o)
 .any.text.wait_for_transmission
                0x00007e08       0x22 contiki-z1.a(cc2420.o)
 .any.text.wait_for_status
                0x00007e2a       0x24 contiki-z1.a(cc2420.o)
 .any.text.getrxdata
                0x00007e4e       0x4c contiki-z1.a(cc2420.o)
 .any.text.flushrx
                0x00007e9a       0x1a contiki-z1.a(cc2420.o)
 .any.text.off  0x00007eb4       0x52 contiki-z1.a(cc2420.o)
 .any.text.RELEASE_LOCK
                0x00007f06       0x28 contiki-z1.a(cc2420.o)
 .any.text.cc2420_prepare
                0x00007f2e       0x38 contiki-z1.a(cc2420.o)
 .any.text.cc2420_on
                0x00007f66       0x22 contiki-z1.a(cc2420.o)
                0x00007f66                cc2420_on
 .any.text.cc2420_off
                0x00007f88       0x30 contiki-z1.a(cc2420.o)
                0x00007f88                cc2420_off
 .any.text.cc2420_cca
                0x00007fb8       0x54 contiki-z1.a(cc2420.o)
 .any.text.cc2420_read
                0x0000800c       0xa8 contiki-z1.a(cc2420.o)
 .any.text.process_thread_cc2420_process
                0x000080b4       0x54 contiki-z1.a(cc2420.o)
 .any.text.cc2420_set_channel
                0x00008108       0x3a contiki-z1.a(cc2420.o)
                0x00008108                cc2420_set_channel
 .any.text.cc2420_set_pan_addr
                0x00008142       0x4c contiki-z1.a(cc2420.o)
                0x00008142                cc2420_set_pan_addr
 .any.text.cc2420_interrupt
                0x0000818e       0x16 contiki-z1.a(cc2420.o)
                0x0000818e                cc2420_interrupt
 .any.text.cc2420_set_txpower
                0x000081a4        0xe contiki-z1.a(cc2420.o)
                0x000081a4                cc2420_set_txpower
 .any.text.cc2420_get_txpower
                0x000081b2       0x1e contiki-z1.a(cc2420.o)
                0x000081b2                cc2420_get_txpower
 .any.text.cc2420_transmit
                0x000081d0      0x124 contiki-z1.a(cc2420.o)
 .any.text.cc2420_send
                0x000082f4       0x12 contiki-z1.a(cc2420.o)
 .any.text.cc2420_rssi
                0x00008306       0x48 contiki-z1.a(cc2420.o)
                0x00008306                cc2420_rssi
 .any.text.get_value
                0x0000834e       0xa8 contiki-z1.a(cc2420.o)
 .any.text.cc2420_set_cca_threshold
                0x000083f6       0x16 contiki-z1.a(cc2420.o)
                0x000083f6                cc2420_set_cca_threshold
 .any.text.set_value
                0x0000840c       0x80 contiki-z1.a(cc2420.o)
 .any.text.cc2420_init
                0x0000848c       0xd8 contiki-z1.a(cc2420.o)
                0x0000848c                cc2420_init
 .any.text.cc2420_arch_init
                0x00008564       0x1a contiki-z1.a(cc2420-arch.o)
                0x00008564                cc2420_arch_init
 .any.text.node_id_restore
                0x0000857e       0x4c contiki-z1.a(node-id.o)
                0x0000857e                node_id_restore
 .any.text.process_thread_sensors_process
                0x000085ca       0xc2 contiki-z1.a(sensors.o)
 .any.text.sensors_changed
                0x0000868c       0x2a contiki-z1.a(sensors.o)
                0x0000868c                sensors_changed
 .any.text.status
                0x000086b6       0x18 contiki-z1.a(button-sensor.o)
 .any.text.value
                0x000086ce       0x20 contiki-z1.a(button-sensor.o)
 .any.text.configure
                0x000086ee       0x4e contiki-z1.a(button-sensor.o)
 .any.text.uart0_active
                0x0000873c        0xe contiki-z1.a(uart0.o)
                0x0000873c                uart0_active
 .any.text.uart0_writeb
                0x0000874a       0x16 contiki-z1.a(uart0.o)
                0x0000874a                uart0_writeb
 .any.text.uart0_init
                0x00008760       0x40 contiki-z1.a(uart0.o)
                0x00008760                uart0_init
 .any.text.putchar
                0x000087a0       0x10 contiki-z1.a(uart0-putchar.o)
                0x000087a0                putchar
 .any.text.value
                0x000087b0       0x36 contiki-z1.a(z1-phidgets.o)
 .any.text.status
                0x000087e6       0x12 contiki-z1.a(z1-phidgets.o)
 .any.text.configure
                0x000087f8       0xa4 contiki-z1.a(z1-phidgets.o)
 .any.text.status
                0x0000889c       0x14 contiki-z1.a(sht11-sensor.o)
 .any.text.value
                0x000088b0       0x28 contiki-z1.a(sht11-sensor.o)
 .any.text.configure
                0x000088d8       0x3e contiki-z1.a(sht11-sensor.o)
 .any.text.relay_enable
                0x00008916       0x2a contiki-z1.a(relay-phidget.o)
                0x00008916                relay_enable
 .any.text.relay_toggle
                0x00008940       0x20 contiki-z1.a(relay-phidget.o)
                0x00008940                relay_toggle
 .any.text.accm_write_reg
                0x00008960       0x2e contiki-z1.a(adxl345.o)
                0x00008960                accm_write_reg
 .any.text.accm_write_stream
                0x0000898e       0x2a contiki-z1.a(adxl345.o)
                0x0000898e                accm_write_stream
 .any.text.accm_read_reg
                0x000089b8       0x54 contiki-z1.a(adxl345.o)
                0x000089b8                accm_read_reg
 .any.text.process_thread_accmeter_process
                0x00008a0c       0x56 contiki-z1.a(adxl345.o)
 .any.text.accm_init
                0x00008a62       0x8c contiki-z1.a(adxl345.o)
                0x00008a62                accm_init
 .any.text.clock_time
                0x00008aee       0x1a contiki-z1.a(clock.o)
                0x00008aee                clock_time
 .any.text.clock_init
                0x00008b08       0x28 contiki-z1.a(clock.o)
                0x00008b08                clock_init
 .any.text.clock_delay
                0x00008b30        0xc contiki-z1.a(clock.o)
                0x00008b30                clock_delay
 .any.text.clock_wait
                0x00008b3c       0x24 contiki-z1.a(clock.o)
                0x00008b3c                clock_wait
 .any.text.clock_seconds
                0x00008b60       0x1a contiki-z1.a(clock.o)
                0x00008b60                clock_seconds
 .any.text.leds_arch_init
                0x00008b7a        0xe contiki-z1.a(leds-arch.o)
                0x00008b7a                leds_arch_init
 .any.text.leds_arch_set
                0x00008b88       0x38 contiki-z1.a(leds-arch.o)
                0x00008b88                leds_arch_set
 .any.text.rtimer_arch_init
                0x00008bc0        0xe contiki-z1.a(rtimer-arch.o)
                0x00008bc0                rtimer_arch_init
 .any.text.rtimer_arch_now
                0x00008bce        0xe contiki-z1.a(rtimer-arch.o)
                0x00008bce                rtimer_arch_now
 .any.text.rtimer_arch_schedule
                0x00008bdc        0x6 contiki-z1.a(rtimer-arch.o)
                0x00008bdc                rtimer_arch_schedule
 .any.text.chksum
                0x00008be2       0x32 contiki-z1.a(uip.o)
 .any.text.upper_layer_chksum
                0x00008c14       0x40 contiki-z1.a(uip.o)
 .any.text.uip_add32
                0x00008c54       0x60 contiki-z1.a(uip.o)
                0x00008c54                uip_add32
 .any.text.uip_add_rcv_nxt
                0x00008cb4       0x2e contiki-z1.a(uip.o)
 .any.text.uip_icmp6chksum
                0x00008ce2        0xa contiki-z1.a(uip.o)
                0x00008ce2                uip_icmp6chksum
 .any.text.uip_tcpchksum
                0x00008cec        0xa contiki-z1.a(uip.o)
                0x00008cec                uip_tcpchksum
 .any.text.uip_udpchksum
                0x00008cf6        0xa contiki-z1.a(uip.o)
                0x00008cf6                uip_udpchksum
 .any.text.uip_init
                0x00008d00       0x56 contiki-z1.a(uip.o)
                0x00008d00                uip_init
 .any.text.uip_udp_new
                0x00008d56       0xb8 contiki-z1.a(uip.o)
                0x00008d56                uip_udp_new
 .any.text.uip_unlisten
                0x00008e0e       0x2a contiki-z1.a(uip.o)
                0x00008e0e                uip_unlisten
 .any.text.uip_process
                0x00008e38      0xc52 contiki-z1.a(uip.o)
                0x00008e38                uip_process
 .any.text.uip_neighbor_add
                0x00009a8a       0x82 contiki-z1.a(uip-neighbor.o)
                0x00009a8a                uip_neighbor_add
 .any.text.set_packet_attrs
                0x00009b0c       0x46 contiki-z1.a(sicslowpan.o)
 .any.text.addr_context_lookup_by_number
                0x00009b52       0x30 contiki-z1.a(sicslowpan.o)
 .any.text.compress_addr_64
                0x00009b82       0x9a contiki-z1.a(sicslowpan.o)
 .any.text.uncompress_addr
                0x00009c1c       0x96 contiki-z1.a(sicslowpan.o)
 .any.text.input
                0x00009cb2      0x5e2 contiki-z1.a(sicslowpan.o)
 .any.text.sicslowpan_init
                0x0000a294       0x26 contiki-z1.a(sicslowpan.o)
                0x0000a294                sicslowpan_init
 .any.text.addr_context_lookup_by_prefix
                0x0000a2ba       0x4a contiki-z1.a(sicslowpan.o)
 .any.text.packet_sent
                0x0000a304       0x22 contiki-z1.a(sicslowpan.o)
 .any.text.send_packet
                0x0000a326       0x1a contiki-z1.a(sicslowpan.o)
 .any.text.output
                0x0000a340      0x6aa contiki-z1.a(sicslowpan.o)
 .any.text.uip_ds6_list_loop
                0x0000a9ea       0x66 contiki-z1.a(uip-ds6.o)
                0x0000a9ea                uip_ds6_list_loop
 .any.text.uip_ds6_is_addr_onlink
                0x0000aa50       0x42 contiki-z1.a(uip-ds6.o)
                0x0000aa50                uip_ds6_is_addr_onlink
 .any.text.uip_ds6_addr_lookup
                0x0000aa92       0x2a contiki-z1.a(uip-ds6.o)
                0x0000aa92                uip_ds6_addr_lookup
 .any.text.uip_ds6_get_link_local
                0x0000aabc       0x3e contiki-z1.a(uip-ds6.o)
                0x0000aabc                uip_ds6_get_link_local
 .any.text.uip_ds6_maddr_add
                0x0000aafa       0x48 contiki-z1.a(uip-ds6.o)
                0x0000aafa                uip_ds6_maddr_add
 .any.text.uip_ds6_addr_add
                0x0000ab42       0xb4 contiki-z1.a(uip-ds6.o)
                0x0000ab42                uip_ds6_addr_add
 .any.text.uip_ds6_maddr_rm
                0x0000abf6        0xa contiki-z1.a(uip-ds6.o)
                0x0000abf6                uip_ds6_maddr_rm
 .any.text.uip_ds6_maddr_lookup
                0x0000ac00       0x2a contiki-z1.a(uip-ds6.o)
                0x0000ac00                uip_ds6_maddr_lookup
 .any.text.uip_ds6_addr_rm
                0x0000ac2a       0x54 contiki-z1.a(uip-ds6.o)
                0x0000ac2a                uip_ds6_addr_rm
 .any.text.uip_ds6_periodic
                0x0000ac7e       0x4a contiki-z1.a(uip-ds6.o)
                0x0000ac7e                uip_ds6_periodic
 .any.text.uip_ds6_set_addr_iid
                0x0000acc8       0x14 contiki-z1.a(uip-ds6.o)
                0x0000acc8                uip_ds6_set_addr_iid
 .any.text.get_match_length
                0x0000acdc       0x3c contiki-z1.a(uip-ds6.o)
                0x0000acdc                get_match_length
 .any.text.uip_ds6_select_src
                0x0000ad18       0x9a contiki-z1.a(uip-ds6.o)
                0x0000ad18                uip_ds6_select_src
 .any.text.uip_ds6_nbr_rm
                0x0000adb2       0x1a contiki-z1.a(uip-ds6-nbr.o)
                0x0000adb2                uip_ds6_nbr_rm
 .any.text.uip_ds6_nbr_add
                0x0000adcc       0x54 contiki-z1.a(uip-ds6-nbr.o)
                0x0000adcc                uip_ds6_nbr_add
 .any.text.uip_ds6_nbr_get_ll
                0x0000ae20        0xc contiki-z1.a(uip-ds6-nbr.o)
                0x0000ae20                uip_ds6_nbr_get_ll
 .any.text.uip_ds6_nbr_lookup
                0x0000ae2c       0x3e contiki-z1.a(uip-ds6-nbr.o)
                0x0000ae2c                uip_ds6_nbr_lookup
 .any.text.uip_ds6_nbr_ll_lookup
                0x0000ae6a        0xc contiki-z1.a(uip-ds6-nbr.o)
                0x0000ae6a                uip_ds6_nbr_ll_lookup
 .any.text.uip_ds6_nbr_ipaddr_from_lladdr
                0x0000ae76        0x6 contiki-z1.a(uip-ds6-nbr.o)
                0x0000ae76                uip_ds6_nbr_ipaddr_from_lladdr
 .any.text.uip_ds6_nbr_lladdr_from_ipaddr
                0x0000ae7c       0x12 contiki-z1.a(uip-ds6-nbr.o)
                0x0000ae7c                uip_ds6_nbr_lladdr_from_ipaddr
 .any.text.uip_ds6_link_neighbor_callback
                0x0000ae8e       0x26 contiki-z1.a(uip-ds6-nbr.o)
                0x0000ae8e                uip_ds6_link_neighbor_callback
 .any.text.uip_ds6_neighbor_periodic
                0x0000aeb4      0x11e contiki-z1.a(uip-ds6-nbr.o)
                0x0000aeb4                uip_ds6_neighbor_periodic
 .any.text.call_route_callback
                0x0000afd2       0x40 contiki-z1.a(uip-ds6-route.o)
 .any.text.uip_ds6_route_nexthop
                0x0000b012       0x1a contiki-z1.a(uip-ds6-route.o)
                0x0000b012                uip_ds6_route_nexthop
 .any.text.uip_ds6_route_head
                0x0000b02c        0xa contiki-z1.a(uip-ds6-route.o)
                0x0000b02c                uip_ds6_route_head
 .any.text.uip_ds6_route_next
                0x0000b036        0xe contiki-z1.a(uip-ds6-route.o)
                0x0000b036                uip_ds6_route_next
 .any.text.uip_ds6_route_lookup
                0x0000b044       0x6e contiki-z1.a(uip-ds6-route.o)
                0x0000b044                uip_ds6_route_lookup
 .any.text.uip_ds6_route_rm
                0x0000b0b2       0xa2 contiki-z1.a(uip-ds6-route.o)
                0x0000b0b2                uip_ds6_route_rm
 .any.text.uip_ds6_route_add
                0x0000b154       0xf8 contiki-z1.a(uip-ds6-route.o)
                0x0000b154                uip_ds6_route_add
 .any.text.uip_ds6_defrt_rm
                0x0000b24c       0x44 contiki-z1.a(uip-ds6-route.o)
                0x0000b24c                uip_ds6_defrt_rm
 .any.text.uip_ds6_defrt_lookup
                0x0000b290       0x32 contiki-z1.a(uip-ds6-route.o)
                0x0000b290                uip_ds6_defrt_lookup
 .any.text.uip_ds6_defrt_add
                0x0000b2c2       0x68 contiki-z1.a(uip-ds6-route.o)
                0x0000b2c2                uip_ds6_defrt_add
 .any.text.uip_ds6_defrt_choose
                0x0000b32a       0x36 contiki-z1.a(uip-ds6-route.o)
                0x0000b32a                uip_ds6_defrt_choose
 .any.text.uip_ds6_defrt_periodic
                0x0000b360       0x38 contiki-z1.a(uip-ds6-route.o)
                0x0000b360                uip_ds6_defrt_periodic
 .any.text.uip_icmp6_register_input_handler
                0x0000b398        0xc contiki-z1.a(uip-icmp6.o)
                0x0000b398                uip_icmp6_register_input_handler
 .any.text.uip_icmp6_send
                0x0000b3a4       0x84 contiki-z1.a(uip-icmp6.o)
                0x0000b3a4                uip_icmp6_send
 .any.text.uip_nd6_ns_output
                0x0000b428      0x176 contiki-z1.a(uip-nd6.o)
                0x0000b428                uip_nd6_ns_output
 .any.text.start_periodic_tcp_timer
                0x0000b59e       0x16 contiki-z1.a(tcpip.o)
 .any.text.tcpip_output
                0x0000b5b4       0x10 contiki-z1.a(tcpip.o)
                0x0000b5b4                tcpip_output
 .any.text.tcpip_set_outputfunc
                0x0000b5c4        0x6 contiki-z1.a(tcpip.o)
                0x0000b5c4                tcpip_set_outputfunc
 .any.text.udp_new
                0x0000b5ca       0x1a contiki-z1.a(tcpip.o)
                0x0000b5ca                udp_new
 .any.text.tcpip_input
                0x0000b5e4       0x16 contiki-z1.a(tcpip.o)
                0x0000b5e4                tcpip_input
 .any.text.tcpip_ipv6_output
                0x0000b5fa      0x14e contiki-z1.a(tcpip.o)
                0x0000b5fa                tcpip_ipv6_output
 .any.text.process_thread_tcpip_process
                0x0000b748      0x1ba contiki-z1.a(tcpip.o)
 .any.text.tcpip_uipcall
                0x0000b902       0x70 contiki-z1.a(tcpip.o)
                0x0000b902                tcpip_uipcall
 .any.text.uip_debug_ipaddr_print
                0x0000b972       0x72 contiki-z1.a(uip-debug.o)
                0x0000b972                uip_debug_ipaddr_print
 .any.text.uip_udp_packet_send
                0x0000b9e4       0x2e contiki-z1.a(uip-udp-packet.)
                0x0000b9e4                uip_udp_packet_send
 .any.text.create_frame.isra.0
                0x0000ba12      0x104 contiki-z1.a(framer-802154.o)
 .any.text.create
                0x0000bb16        0x8 contiki-z1.a(framer-802154.o)
 .any.text.hdr_length
                0x0000bb1e        0x8 contiki-z1.a(framer-802154.o)
 .any.text.parse
                0x0000bb26       0xa4 contiki-z1.a(framer-802154.o)
 .any.text.framer_canonical_create_and_secure
                0x0000bbca       0x20 contiki-z1.a(framer.o)
                0x0000bbca                framer_canonical_create_and_secure
 .any.text.send_packet
                0x0000bbea        0x6 contiki-z1.a(nullmac.o)
 .any.text.packet_input
                0x0000bbf0        0x6 contiki-z1.a(nullmac.o)
 .any.text.on   0x0000bbf6        0x6 contiki-z1.a(nullmac.o)
 .any.text.off  0x0000bbfc        0x6 contiki-z1.a(nullmac.o)
 .any.text.channel_check_interval
                0x0000bc02        0x4 contiki-z1.a(nullmac.o)
 .any.text.init
                0x0000bc06        0x2 contiki-z1.a(nullmac.o)
 .any.text.on   0x0000bc08        0x6 contiki-z1.a(nullrdc.o)
 .any.text.channel_check_interval
                0x0000bc0e        0x4 contiki-z1.a(nullrdc.o)
 .any.text.init
                0x0000bc12        0x6 contiki-z1.a(nullrdc.o)
 .any.text.off  0x0000bc18       0x10 contiki-z1.a(nullrdc.o)
 .any.text.packet_input
                0x0000bc28       0x28 contiki-z1.a(nullrdc.o)
 .any.text.send_one_packet
                0x0000bc50       0x62 contiki-z1.a(nullrdc.o)
 .any.text.send_list
                0x0000bcb2       0x28 contiki-z1.a(nullrdc.o)
 .any.text.send_packet
                0x0000bcda        0x6 contiki-z1.a(nullrdc.o)
 .any.text.linkaddr_copy
                0x0000bce0        0x8 contiki-z1.a(linkaddr.o)
                0x0000bce0                linkaddr_copy
 .any.text.linkaddr_cmp
                0x0000bce8       0x12 contiki-z1.a(linkaddr.o)
                0x0000bce8                linkaddr_cmp
 .any.text.linkaddr_set_node_addr
                0x0000bcfa        0xc contiki-z1.a(linkaddr.o)
                0x0000bcfa                linkaddr_set_node_addr
 .any.text.item_from_index
                0x0000bd06       0x2a contiki-z1.a(nbr-table.o)
 .any.text.index_from_key
                0x0000bd30       0x26 contiki-z1.a(nbr-table.o)
 .any.text.index_from_item
                0x0000bd56       0x1e contiki-z1.a(nbr-table.o)
 .any.text.nbr_set_bit
                0x0000bd74       0x50 contiki-z1.a(nbr-table.o)
 .any.text.index_from_lladdr
                0x0000bdc4       0x3e contiki-z1.a(nbr-table.o)
 .any.text.nbr_get_bit.constprop.0
                0x0000be02       0x2c contiki-z1.a(nbr-table.o)
 .any.text.nbr_table_register
                0x0000be2e       0x26 contiki-z1.a(nbr-table.o)
                0x0000be2e                nbr_table_register
 .any.text.nbr_table_next
                0x0000be54       0x4c contiki-z1.a(nbr-table.o)
                0x0000be54                nbr_table_next
 .any.text.nbr_table_head
                0x0000bea0       0x36 contiki-z1.a(nbr-table.o)
                0x0000bea0                nbr_table_head
 .any.text.nbr_table_add_lladdr
                0x0000bed6      0x110 contiki-z1.a(nbr-table.o)
                0x0000bed6                nbr_table_add_lladdr
 .any.text.nbr_table_get_from_lladdr
                0x0000bfe6       0x28 contiki-z1.a(nbr-table.o)
                0x0000bfe6                nbr_table_get_from_lladdr
 .any.text.nbr_table_remove
                0x0000c00e       0x2a contiki-z1.a(nbr-table.o)
                0x0000c00e                nbr_table_remove
 .any.text.nbr_table_lock
                0x0000c038       0x10 contiki-z1.a(nbr-table.o)
                0x0000c038                nbr_table_lock
 .any.text.nbr_table_unlock
                0x0000c048       0x10 contiki-z1.a(nbr-table.o)
                0x0000c048                nbr_table_unlock
 .any.text.nbr_table_get_lladdr
                0x0000c058       0x20 contiki-z1.a(nbr-table.o)
                0x0000c058                nbr_table_get_lladdr
 .any.text.packetbuf_compact
                0x0000c078       0x2e contiki-z1.a(packetbuf.o)
                0x0000c078                packetbuf_compact
 .any.text.packetbuf_copyto
                0x0000c0a6       0x46 contiki-z1.a(packetbuf.o)
                0x0000c0a6                packetbuf_copyto
 .any.text.packetbuf_hdrreduce
                0x0000c0ec       0x1a contiki-z1.a(packetbuf.o)
                0x0000c0ec                packetbuf_hdrreduce
 .any.text.packetbuf_set_datalen
                0x0000c106        0x6 contiki-z1.a(packetbuf.o)
                0x0000c106                packetbuf_set_datalen
 .any.text.packetbuf_dataptr
                0x0000c10c        0xe contiki-z1.a(packetbuf.o)
                0x0000c10c                packetbuf_dataptr
 .any.text.packetbuf_hdrptr
                0x0000c11a        0xa contiki-z1.a(packetbuf.o)
                0x0000c11a                packetbuf_hdrptr
 .any.text.packetbuf_datalen
                0x0000c124        0x6 contiki-z1.a(packetbuf.o)
                0x0000c124                packetbuf_datalen
 .any.text.packetbuf_hdrlen
                0x0000c12a       0x10 contiki-z1.a(packetbuf.o)
                0x0000c12a                packetbuf_hdrlen
 .any.text.packetbuf_totlen
                0x0000c13a        0xc contiki-z1.a(packetbuf.o)
                0x0000c13a                packetbuf_totlen
 .any.text.packetbuf_hdralloc
                0x0000c146       0x2a contiki-z1.a(packetbuf.o)
                0x0000c146                packetbuf_hdralloc
 .any.text.packetbuf_attr_clear
                0x0000c170       0x2c contiki-z1.a(packetbuf.o)
                0x0000c170                packetbuf_attr_clear
 .any.text.packetbuf_clear
                0x0000c19c       0x1a contiki-z1.a(packetbuf.o)
                0x0000c19c                packetbuf_clear
 .any.text.packetbuf_copyfrom
                0x0000c1b6       0x2a contiki-z1.a(packetbuf.o)
                0x0000c1b6                packetbuf_copyfrom
 .any.text.packetbuf_attr_copyto
                0x0000c1e0       0x22 contiki-z1.a(packetbuf.o)
                0x0000c1e0                packetbuf_attr_copyto
 .any.text.packetbuf_attr_copyfrom
                0x0000c202       0x24 contiki-z1.a(packetbuf.o)
                0x0000c202                packetbuf_attr_copyfrom
 .any.text.packetbuf_holds_broadcast
                0x0000c226        0xe contiki-z1.a(packetbuf.o)
                0x0000c226                packetbuf_holds_broadcast
 .any.text.queuebuf_init
                0x0000c234       0x12 contiki-z1.a(queuebuf.o)
                0x0000c234                queuebuf_init
 .any.text.queuebuf_numfree
                0x0000c246        0xa contiki-z1.a(queuebuf.o)
                0x0000c246                queuebuf_numfree
 .any.text.queuebuf_new_from_packetbuf
                0x0000c250       0x4e contiki-z1.a(queuebuf.o)
                0x0000c250                queuebuf_new_from_packetbuf
 .any.text.queuebuf_free
                0x0000c29e       0x2a contiki-z1.a(queuebuf.o)
                0x0000c29e                queuebuf_free
 .any.text.queuebuf_to_packetbuf
                0x0000c2c8       0x32 contiki-z1.a(queuebuf.o)
                0x0000c2c8                queuebuf_to_packetbuf
 .any.text.rpl_get_mode
                0x0000c2fa        0x6 contiki-z1.a(rpl.o)
                0x0000c2fa                rpl_get_mode
 .any.text.rpl_purge_routes
                0x0000c300       0x96 contiki-z1.a(rpl.o)
                0x0000c300                rpl_purge_routes
 .any.text.rpl_remove_routes
                0x0000c396       0x22 contiki-z1.a(rpl.o)
                0x0000c396                rpl_remove_routes
 .any.text.rpl_remove_routes_by_nexthop
                0x0000c3b8       0x3e contiki-z1.a(rpl.o)
                0x0000c3b8                rpl_remove_routes_by_nexthop
 .any.text.rpl_add_route
                0x0000c3f6       0x48 contiki-z1.a(rpl.o)
                0x0000c3f6                rpl_add_route
 .any.text.rpl_link_neighbor_callback
                0x0000c43e       0x74 contiki-z1.a(rpl.o)
                0x0000c43e                rpl_link_neighbor_callback
 .any.text.rpl_ipv6_neighbor_callback
                0x0000c4b2       0x1e contiki-z1.a(rpl.o)
                0x0000c4b2                rpl_ipv6_neighbor_callback
 .any.text.rpl_init
                0x0000c4d0       0x4a contiki-z1.a(rpl.o)
                0x0000c4d0                rpl_init
 .any.text.lollipop_greater_than
                0x0000c51a       0x3c contiki-z1.a(rpl-dag.o)
 .any.text.find_parent_any_dag_any_instance
                0x0000c556       0x14 contiki-z1.a(rpl-dag.o)
 .any.text.rpl_set_preferred_parent
                0x0000c56a       0x2c contiki-z1.a(rpl-dag.o)
 .any.text.set_ip_from_prefix
                0x0000c596       0x30 contiki-z1.a(rpl-dag.o)
 .any.text.check_prefix
                0x0000c5c6       0x70 contiki-z1.a(rpl-dag.o)
 .any.text.rpl_get_nbr
                0x0000c636       0x1e contiki-z1.a(rpl-dag.o)
                0x0000c636                rpl_get_nbr
 .any.text.rpl_dag_init
                0x0000c654        0xe contiki-z1.a(rpl-dag.o)
                0x0000c654                rpl_dag_init
 .any.text.rpl_get_parent_ipaddr
                0x0000c662       0x10 contiki-z1.a(rpl-dag.o)
                0x0000c662                rpl_get_parent_ipaddr
 .any.text.rpl_set_prefix
                0x0000c672       0x74 contiki-z1.a(rpl-dag.o)
                0x0000c672                rpl_set_prefix
 .any.text.rpl_set_default_route
                0x0000c6e6       0x60 contiki-z1.a(rpl-dag.o)
                0x0000c6e6                rpl_set_default_route
 .any.text.rpl_alloc_instance
                0x0000c746       0x34 contiki-z1.a(rpl-dag.o)
                0x0000c746                rpl_alloc_instance
 .any.text.rpl_add_parent
                0x0000c77a       0x4e contiki-z1.a(rpl-dag.o)
                0x0000c77a                rpl_add_parent
 .any.text.rpl_find_parent
                0x0000c7c8       0x1c contiki-z1.a(rpl-dag.o)
                0x0000c7c8                rpl_find_parent
 .any.text.rpl_find_parent_any_dag
                0x0000c7e4       0x24 contiki-z1.a(rpl-dag.o)
                0x0000c7e4                rpl_find_parent_any_dag
 .any.text.rpl_select_parent
                0x0000c808       0x76 contiki-z1.a(rpl-dag.o)
                0x0000c808                rpl_select_parent
 .any.text.rpl_select_dag
                0x0000c87e      0x196 contiki-z1.a(rpl-dag.o)
                0x0000c87e                rpl_select_dag
 .any.text.rpl_nullify_parent
                0x0000ca14       0x50 contiki-z1.a(rpl-dag.o)
                0x0000ca14                rpl_nullify_parent
 .any.text.rpl_remove_parent
                0x0000ca64       0x16 contiki-z1.a(rpl-dag.o)
                0x0000ca64                rpl_remove_parent
 .any.text.nbr_callback
                0x0000ca7a        0x6 contiki-z1.a(rpl-dag.o)
 .any.text.remove_parents.constprop.5
                0x0000ca80       0x2e contiki-z1.a(rpl-dag.o)
 .any.text.rpl_move_parent
                0x0000caae       0x52 contiki-z1.a(rpl-dag.o)
                0x0000caae                rpl_move_parent
 .any.text.rpl_get_any_dag
                0x0000cb00       0x16 contiki-z1.a(rpl-dag.o)
                0x0000cb00                rpl_get_any_dag
 .any.text.rpl_get_instance
                0x0000cb16       0x16 contiki-z1.a(rpl-dag.o)
                0x0000cb16                rpl_get_instance
 .any.text.rpl_alloc_dag
                0x0000cb2c       0x60 contiki-z1.a(rpl-dag.o)
                0x0000cb2c                rpl_alloc_dag
 .any.text.rpl_repair_root
                0x0000cb8c       0x4c contiki-z1.a(rpl-dag.o)
                0x0000cb8c                rpl_repair_root
 .any.text.rpl_find_of
                0x0000cbd8       0x10 contiki-z1.a(rpl-dag.o)
                0x0000cbd8                rpl_find_of
 .any.text.rpl_join_instance
                0x0000cbe8      0x128 contiki-z1.a(rpl-dag.o)
                0x0000cbe8                rpl_join_instance
 .any.text.rpl_local_repair
                0x0000cd10       0x68 contiki-z1.a(rpl-dag.o)
                0x0000cd10                rpl_local_repair
 .any.text.rpl_process_parent_event
                0x0000cd78       0x6c contiki-z1.a(rpl-dag.o)
                0x0000cd78                rpl_process_parent_event
 .any.text.rpl_recalculate_ranks
                0x0000cde4       0x46 contiki-z1.a(rpl-dag.o)
                0x0000cde4                rpl_recalculate_ranks
 .any.text.rpl_add_dag
                0x0000ce2a      0x102 contiki-z1.a(rpl-dag.o)
                0x0000ce2a                rpl_add_dag
 .any.text.rpl_process_dio
                0x0000cf2c      0x2e0 contiki-z1.a(rpl-dag.o)
                0x0000cf2c                rpl_process_dio
 .any.text.rpl_lock_parent
                0x0000d20c        0xc contiki-z1.a(rpl-dag.o)
                0x0000d20c                rpl_lock_parent
 .any.text.rpl_update_header_final
                0x0000d218       0x90 contiki-z1.a(rpl-ext-header.)
                0x0000d218                rpl_update_header_final
 .any.text.get32
                0x0000d2a8       0x3e contiki-z1.a(rpl-icmp6.o)
 .any.text.set32
                0x0000d2e6       0x2a contiki-z1.a(rpl-icmp6.o)
 .any.text.get16
                0x0000d310        0xe contiki-z1.a(rpl-icmp6.o)
 .any.text.set16
                0x0000d31e       0x10 contiki-z1.a(rpl-icmp6.o)
 .any.text.dao_ack_input
                0x0000d32e        0x6 contiki-z1.a(rpl-icmp6.o)
 .any.text.dio_input
                0x0000d334      0x2b0 contiki-z1.a(rpl-icmp6.o)
 .any.text.dis_output
                0x0000d5e4       0x50 contiki-z1.a(rpl-icmp6.o)
                0x0000d5e4                dis_output
 .any.text.dio_output
                0x0000d634      0x242 contiki-z1.a(rpl-icmp6.o)
                0x0000d634                dio_output
 .any.text.dis_input
                0x0000d876       0x28 contiki-z1.a(rpl-icmp6.o)
 .any.text.dao_output_target
                0x0000d89e       0xd0 contiki-z1.a(rpl-icmp6.o)
                0x0000d89e                dao_output_target
 .any.text.dao_output
                0x0000d96e       0x68 contiki-z1.a(rpl-icmp6.o)
                0x0000d96e                dao_output
 .any.text.dao_ack_output
                0x0000d9d6       0x32 contiki-z1.a(rpl-icmp6.o)
                0x0000d9d6                dao_ack_output
 .any.text.dao_input
                0x0000da08      0x288 contiki-z1.a(rpl-icmp6.o)
 .any.text.rpl_icmp6_register_handlers
                0x0000dc90       0x22 contiki-z1.a(rpl-icmp6.o)
                0x0000dc90                rpl_icmp6_register_handlers
 .any.text.reset
                0x0000dcb2        0x2 contiki-z1.a(rpl-mrhof.o)
 .any.text.update_metric_container
                0x0000dcb4        0x6 contiki-z1.a(rpl-mrhof.o)
 .any.text.calculate_rank
                0x0000dcba       0x3e contiki-z1.a(rpl-mrhof.o)
 .any.text.neighbor_link_callback
                0x0000dcf8       0x8c contiki-z1.a(rpl-mrhof.o)
 .any.text.best_dag
                0x0000dd84       0x2e contiki-z1.a(rpl-mrhof.o)
 .any.text.best_parent
                0x0000ddb2       0x68 contiki-z1.a(rpl-mrhof.o)
 .any.text.new_dio_interval
                0x0000de1a       0x8a contiki-z1.a(rpl-timers.o)
 .any.text.set_dao_lifetime_timer
                0x0000dea4       0x66 contiki-z1.a(rpl-timers.o)
 .any.text.handle_periodic_timer
                0x0000df0a       0x2e contiki-z1.a(rpl-timers.o)
 .any.text.schedule_dao
                0x0000df38       0x72 contiki-z1.a(rpl-timers.o)
 .any.text.handle_dio_timer
                0x0000dfaa       0x88 contiki-z1.a(rpl-timers.o)
 .any.text.handle_dao_timer
                0x0000e032       0x64 contiki-z1.a(rpl-timers.o)
 .any.text.rpl_reset_periodic_timer
                0x0000e096       0x54 contiki-z1.a(rpl-timers.o)
                0x0000e096                rpl_reset_periodic_timer
 .any.text.rpl_reset_dio_timer
                0x0000e0ea       0x18 contiki-z1.a(rpl-timers.o)
                0x0000e0ea                rpl_reset_dio_timer
 .any.text.rpl_schedule_dao
                0x0000e102        0xc contiki-z1.a(rpl-timers.o)
                0x0000e102                rpl_schedule_dao
 .any.text.rpl_schedule_probing
                0x0000e10e       0x34 contiki-z1.a(rpl-timers.o)
                0x0000e10e                rpl_schedule_probing
 .any.text.handle_probing_timer
                0x0000e142      0x112 contiki-z1.a(rpl-timers.o)
 .any.text.autostart_start
                0x0000e254       0x16 contiki-z1.a(autostart.o)
                0x0000e254                autostart_start
 .any.text.process_thread_ctimer_process
                0x0000e26a       0xa0 contiki-z1.a(ctimer.o)
 .any.text.ctimer_init
                0x0000e30a       0x18 contiki-z1.a(ctimer.o)
                0x0000e30a                ctimer_init
 .any.text.ctimer_set
                0x0000e322       0x48 contiki-z1.a(ctimer.o)
                0x0000e322                ctimer_set
 .any.text.ctimer_reset
                0x0000e36a       0x2c contiki-z1.a(ctimer.o)
                0x0000e36a                ctimer_reset
 .any.text.ctimer_stop
                0x0000e396       0x28 contiki-z1.a(ctimer.o)
                0x0000e396                ctimer_stop
 .any.text.energest_init
                0x0000e3be       0x24 contiki-z1.a(energest.o)
                0x0000e3be                energest_init
 .any.text.energest_type_time
                0x0000e3e2       0x3c contiki-z1.a(energest.o)
                0x0000e3e2                energest_type_time
 .any.text.energest_type_set
                0x0000e41e        0xc contiki-z1.a(energest.o)
                0x0000e41e                energest_type_set
 .any.text.energest_flush
                0x0000e42a       0x38 contiki-z1.a(energest.o)
                0x0000e42a                energest_flush
 .any.text.update_time
                0x0000e462       0x70 contiki-z1.a(etimer.o)
 .any.text.etimer_request_poll
                0x0000e4d2        0xa contiki-z1.a(etimer.o)
                0x0000e4d2                etimer_request_poll
 .any.text.process_thread_etimer_process
                0x0000e4dc       0xc4 contiki-z1.a(etimer.o)
 .any.text.add_timer
                0x0000e5a0       0x40 contiki-z1.a(etimer.o)
 .any.text.etimer_set
                0x0000e5e0       0x12 contiki-z1.a(etimer.o)
                0x0000e5e0                etimer_set
 .any.text.etimer_reset
                0x0000e5f2       0x12 contiki-z1.a(etimer.o)
                0x0000e5f2                etimer_reset
 .any.text.etimer_restart
                0x0000e604       0x12 contiki-z1.a(etimer.o)
                0x0000e604                etimer_restart
 .any.text.etimer_expired
                0x0000e616        0xe contiki-z1.a(etimer.o)
                0x0000e616                etimer_expired
 .any.text.etimer_expiration_time
                0x0000e624       0x14 contiki-z1.a(etimer.o)
                0x0000e624                etimer_expiration_time
 .any.text.etimer_pending
                0x0000e638        0xc contiki-z1.a(etimer.o)
                0x0000e638                etimer_pending
 .any.text.etimer_next_expiration_time
                0x0000e644       0x16 contiki-z1.a(etimer.o)
                0x0000e644                etimer_next_expiration_time
 .any.text.etimer_stop
                0x0000e65a       0x3e contiki-z1.a(etimer.o)
                0x0000e65a                etimer_stop
 .any.text.call_process
                0x0000e698       0x40 contiki-z1.a(process.o)
 .any.text.exit_process
                0x0000e6d8       0x88 contiki-z1.a(process.o)
 .any.text.do_poll
                0x0000e760       0x30 contiki-z1.a(process.o)
 .any.text.process_alloc_event
                0x0000e790        0xe contiki-z1.a(process.o)
                0x0000e790                process_alloc_event
 .any.text.process_init
                0x0000e79e       0x1c contiki-z1.a(process.o)
                0x0000e79e                process_init
 .any.text.process_run
                0x0000e7ba       0xa4 contiki-z1.a(process.o)
                0x0000e7ba                process_run
 .any.text.process_nevents
                0x0000e85e        0xe contiki-z1.a(process.o)
                0x0000e85e                process_nevents
 .any.text.process_post
                0x0000e86c       0x50 contiki-z1.a(process.o)
                0x0000e86c                process_post
 .any.text.process_post_synch
                0x0000e8bc       0x12 contiki-z1.a(process.o)
                0x0000e8bc                process_post_synch
 .any.text.process_start
                0x0000e8ce       0x36 contiki-z1.a(process.o)
                0x0000e8ce                process_start
 .any.text.process_poll
                0x0000e904       0x18 contiki-z1.a(process.o)
                0x0000e904                process_poll
 .any.text.rtimer_init
                0x0000e91c        0x6 contiki-z1.a(rtimer.o)
                0x0000e91c                rtimer_init
 .any.text.rtimer_run_next
                0x0000e922       0x26 contiki-z1.a(rtimer.o)
                0x0000e922                rtimer_run_next
 .any.text.stimer_set
                0x0000e948       0x1c contiki-z1.a(stimer.o)
                0x0000e948                stimer_set
 .any.text.stimer_expired
                0x0000e964       0x30 contiki-z1.a(stimer.o)
                0x0000e964                stimer_expired
 .any.text.timer_set
                0x0000e994       0x1c contiki-z1.a(timer.o)
                0x0000e994                timer_set
 .any.text.timer_reset
                0x0000e9b0        0xe contiki-z1.a(timer.o)
                0x0000e9b0                timer_reset
 .any.text.timer_restart
                0x0000e9be       0x14 contiki-z1.a(timer.o)
                0x0000e9be                timer_restart
 .any.text.timer_expired
                0x0000e9d2       0x2a contiki-z1.a(timer.o)
                0x0000e9d2                timer_expired
 .any.text.list_init
                0x0000e9fc        0x6 contiki-z1.a(list.o)
                0x0000e9fc                list_init
 .any.text.list_head
                0x0000ea02        0x4 contiki-z1.a(list.o)
                0x0000ea02                list_head
 .any.text.list_tail
                0x0000ea06       0x12 contiki-z1.a(list.o)
                0x0000ea06                list_tail
 .any.text.list_remove
                0x0000ea18       0x34 contiki-z1.a(list.o)
                0x0000ea18                list_remove
 .any.text.list_push
                0x0000ea4c       0x16 contiki-z1.a(list.o)
                0x0000ea4c                list_push
 .any.text.list_add
                0x0000ea62       0x26 contiki-z1.a(list.o)
                0x0000ea62                list_add
 .any.text.list_length
                0x0000ea88       0x10 contiki-z1.a(list.o)
                0x0000ea88                list_length
 .any.text.list_item_next
                0x0000ea98        0xc contiki-z1.a(list.o)
                0x0000ea98                list_item_next
 .any.text.memb_init
                0x0000eaa4       0x36 contiki-z1.a(memb.o)
                0x0000eaa4                memb_init
 .any.text.memb_alloc
                0x0000eada       0x3e contiki-z1.a(memb.o)
                0x0000eada                memb_alloc
 .any.text.memb_free
                0x0000eb18       0x3a contiki-z1.a(memb.o)
                0x0000eb18                memb_free
 .any.text.memb_inmemb
                0x0000eb52       0x2a contiki-z1.a(memb.o)
                0x0000eb52                memb_inmemb
 .any.text.memb_numfree
                0x0000eb7c       0x26 contiki-z1.a(memb.o)
                0x0000eb7c                memb_numfree
 .any.text.random_rand
                0x0000eba2        0x6 contiki-z1.a(random.o)
                0x0000eba2                random_rand
 .any.text.bootstrap
                0x0000eba8        0x4 contiki-z1.a(nullsec.o)
 .any.text.send
                0x0000ebac        0xa contiki-z1.a(nullsec.o)
 .any.text.on_frame_created
                0x0000ebb6        0x4 contiki-z1.a(nullsec.o)
 .any.text.input
                0x0000ebba        0x6 contiki-z1.a(nullsec.o)
 .any.text.get_overhead
                0x0000ebc0        0x4 contiki-z1.a(nullsec.o)
 .any.text.crc8_add
                0x0000ebc4       0x1c contiki-z1.a(sht11.o)
 .any.text.sstart
                0x0000ebe0       0x2e contiki-z1.a(sht11.o)
 .any.text.swrite
                0x0000ec0e       0x42 contiki-z1.a(sht11.o)
 .any.text.sread
                0x0000ec50       0x3c contiki-z1.a(sht11.o)
 .any.text.sreset
                0x0000ec8c       0x22 contiki-z1.a(sht11.o)
 .any.text.scmd.part.0
                0x0000ecae       0xa0 contiki-z1.a(sht11.o)
 .any.text.sht11_init
                0x0000ed4e       0x1e contiki-z1.a(sht11.o)
                0x0000ed4e                sht11_init
 .any.text.sht11_off
                0x0000ed6c       0x12 contiki-z1.a(sht11.o)
                0x0000ed6c                sht11_off
 .any.text.sht11_temp
                0x0000ed7e        0xa contiki-z1.a(sht11.o)
                0x0000ed7e                sht11_temp
 .any.text.sht11_humidity
                0x0000ed88        0xa contiki-z1.a(sht11.o)
                0x0000ed88                sht11_humidity
 .any.text.sht11_sreg
                0x0000ed92       0x76 contiki-z1.a(sht11.o)
                0x0000ed92                sht11_sreg
 .any.text.i2c_receiveinit
                0x0000ee08       0x36 contiki-z1.a(i2cmaster.o)
                0x0000ee08                i2c_receiveinit
 .any.text.i2c_transmitinit
                0x0000ee3e       0x30 contiki-z1.a(i2cmaster.o)
                0x0000ee3e                i2c_transmitinit
 .any.text.i2c_receive_n
                0x0000ee6e       0x3e contiki-z1.a(i2cmaster.o)
                0x0000ee6e                i2c_receive_n
 .any.text.i2c_busy
                0x0000eeac        0xa contiki-z1.a(i2cmaster.o)
                0x0000eeac                i2c_busy
 .any.text.i2c_enable
                0x0000eeb6       0x22 contiki-z1.a(i2cmaster.o)
                0x0000eeb6                i2c_enable
 .any.text.i2c_transmit_n
                0x0000eed8       0x14 contiki-z1.a(i2cmaster.o)
                0x0000eed8                i2c_transmit_n
 .any.text.field_len
                0x0000eeec       0x8c contiki-z1.a(frame802154.o)
 .any.text.frame802154_hdrlen
                0x0000ef78       0x2e contiki-z1.a(frame802154.o)
                0x0000ef78                frame802154_hdrlen
 .any.text.frame802154_create
                0x0000efa6      0x112 contiki-z1.a(frame802154.o)
                0x0000efa6                frame802154_create
 .any.text.frame802154_parse
                0x0000f0b8      0x16c contiki-z1.a(frame802154.o)
                0x0000f0b8                frame802154_parse
 .any.text.mac_call_sent_callback
                0x0000f224       0x14 contiki-z1.a(mac.o)
                0x0000f224                mac_call_sent_callback

.rodata         0x0000f238      0xb85
                0x0000f238                . = ALIGN (0x2)
 *(.rodata .rodata.* .gnu.linkonce.r.*)
 .rodata.process_thread_er_example_server
                0x0000f238       0x42 er-example-server.co
 .rodata.autostart_processes
                0x0000f27a        0x4 er-example-server.co
                0x0000f27a                autostart_processes
 .rodata        0x0000f27e       0x16 er-example-server.co
 .rodata.res_put_handler
                0x0000f294       0x5f obj_z1/res-sht11.o
 .rodata.res_get_handler
                0x0000f2f3       0xc9 obj_z1/res-sht11.o
 .rodata        0x0000f3bc       0x2c obj_z1/res-sht11.o
 .rodata.res_get_handler
                0x0000f3e8        0xa obj_z1/res-event.o
 .rodata        0x0000f3f2       0x17 obj_z1/res-event.o
 .rodata.res_post_handler
                0x0000f409       0x7b obj_z1/res-light-bulb.o
 .rodata.res_get_handler
                0x0000f484       0x12 obj_z1/res-light-bulb.o
 .rodata        0x0000f496       0x27 obj_z1/res-light-bulb.o
 .rodata.res_post_handler
                0x0000f4bd       0x7b obj_z1/res-alarm.o
 .rodata.res_get_handler
                0x0000f538       0x12 obj_z1/res-alarm.o
 .rodata        0x0000f54a       0x22 obj_z1/res-alarm.o
 .rodata.res_get_handler
                0x0000f56c       0x82 obj_z1/res-motion.o
 .rodata        0x0000f5ee       0x2c obj_z1/res-motion.o
 .rodata.res_get_handler
                0x0000f61a        0xb obj_z1/res-separate.o
 .rodata        0x0000f625       0x16 obj_z1/res-separate.o
 .rodata        0x0000f63b      0x106 obj_z1/contiki-z1-main.o
 .rodata.coap_serialize_message
                0x0000f741       0x2f contiki-z1.a(er-coap.o)
 .rodata.coap_parse_message
                0x0000f770       0x5a contiki-z1.a(er-coap.o)
 .rodata        0x0000f7ca        0x1 contiki-z1.a(er-coap.o)
 .rodata.process_thread_coap_engine
                0x0000f7cb       0x52 contiki-z1.a(er-coap-engine.)
 .rodata        0x0000f81d       0x14 contiki-z1.a(er-coap-engine.)
 *fill*         0x0000f831        0x1 00
 .rodata.coap_rest_implementation
                0x0000f832       0xb6 contiki-z1.a(er-coap-engine.)
                0x0000f832                coap_rest_implementation
 .rodata.coap_observe_handler
                0x0000f8e8       0x11 contiki-z1.a(er-coap-observe)
 .rodata.coap_separate_reject
                0x0000f8f9        0xd contiki-z1.a(er-coap-separat)
 .rodata.well_known_core_get_handler
                0x0000f906       0x13 contiki-z1.a(er-coap-res-wel)
 .rodata        0x0000f919        0x6 contiki-z1.a(er-coap-res-wel)
 .rodata.classify_notification
                0x0000f91f       0x4f contiki-z1.a(er-coap-observe)
 .rodata.coap_get_obs_subject_by_token
                0x0000f96e       0x1e contiki-z1.a(er-coap-observe)
 .rodata.coap_handle_notification
                0x0000f98c       0xe0 contiki-z1.a(er-coap-observe)
 .rodata        0x0000fa6c        0xc contiki-z1.a(rest-engine.o)
 .rodata.get_value
                0x0000fa78       0x38 contiki-z1.a(cc2420.o)
 .rodata.cc2420_driver
                0x0000fab0       0x38 contiki-z1.a(cc2420.o)
                0x0000fab0                cc2420_driver
 .rodata        0x0000fae8        0xe contiki-z1.a(cc2420.o)
 .rodata.output_power
                0x0000faf6       0x10 contiki-z1.a(cc2420.o)
 .rodata        0x0000fb06        0x8 contiki-z1.a(sensors.o)
 .rodata        0x0000fb0e        0x7 contiki-z1.a(button-sensor.o)
 *fill*         0x0000fb15        0x1 00
 .rodata.button_sensor
                0x0000fb16        0xe contiki-z1.a(button-sensor.o)
                0x0000fb16                button_sensor
 .rodata        0x0000fb24        0x9 contiki-z1.a(z1-phidgets.o)
 *fill*         0x0000fb2d        0x1 00
 .rodata.phidgets
                0x0000fb2e        0xe contiki-z1.a(z1-phidgets.o)
                0x0000fb2e                phidgets
 .rodata        0x0000fb3c        0x6 contiki-z1.a(sht11-sensor.o)
 .rodata.sht11_sensor
                0x0000fb42        0xe contiki-z1.a(sht11-sensor.o)
                0x0000fb42                sht11_sensor
 .rodata        0x0000fb50       0x16 contiki-z1.a(adxl345.o)
 *fill*         0x0000fb66        0x2 00
 .rodata.uip_process
                0x0000fb68       0x40 contiki-z1.a(uip.o)
 .rodata.uip_all_zeroes_addr
                0x0000fba8       0x10 contiki-z1.a(uip.o)
                0x0000fba8                uip_all_zeroes_addr
 .rodata.uip_broadcast_addr
                0x0000fbb8       0x10 contiki-z1.a(uip.o)
                0x0000fbb8                uip_broadcast_addr
 .rodata        0x0000fbc8        0xb contiki-z1.a(sicslowpan.o)
 *fill*         0x0000fbd3        0x1 00
 .rodata.sicslowpan_driver
                0x0000fbd4        0xa contiki-z1.a(sicslowpan.o)
                0x0000fbd4                sicslowpan_driver
 .rodata.llprefix
                0x0000fbde        0x2 contiki-z1.a(sicslowpan.o)
                0x0000fbde                llprefix
 .rodata.unc_mxconf
                0x0000fbe0        0x4 contiki-z1.a(sicslowpan.o)
                0x0000fbe0                unc_mxconf
 .rodata.unc_ctxconf
                0x0000fbe4        0x4 contiki-z1.a(sicslowpan.o)
                0x0000fbe4                unc_ctxconf
 .rodata.unc_llconf
                0x0000fbe8        0x4 contiki-z1.a(sicslowpan.o)
                0x0000fbe8                unc_llconf
 .rodata.ttl_values
                0x0000fbec        0x4 contiki-z1.a(sicslowpan.o)
 .rodata        0x0000fbf0        0xd contiki-z1.a(tcpip.o)
 .rodata.uip_debug_ipaddr_print
                0x0000fbfd       0x15 contiki-z1.a(uip-debug.o)
 .rodata.framer_802154
                0x0000fc12       0x10 contiki-z1.a(framer-802154.o)
                0x0000fc12                framer_802154
 .rodata        0x0000fc22        0x8 contiki-z1.a(nullmac.o)
 .rodata.nullmac_driver
                0x0000fc2a       0x1a contiki-z1.a(nullmac.o)
                0x0000fc2a                nullmac_driver
 .rodata        0x0000fc44        0x8 contiki-z1.a(nullrdc.o)
 .rodata.nullrdc_driver
                0x0000fc4c       0x1e contiki-z1.a(nullrdc.o)
                0x0000fc4c                nullrdc_driver
 .rodata.linkaddr_null
                0x0000fc6a        0x8 contiki-z1.a(linkaddr.o)
                0x0000fc6a                linkaddr_null
 .rodata        0x0000fc72        0xf contiki-z1.a(ctimer.o)
 .rodata        0x0000fc81        0xc contiki-z1.a(etimer.o)
 .rodata        0x0000fc8d        0x8 contiki-z1.a(nullsec.o)
 *fill*         0x0000fc95        0x1 00
 .rodata.nullsec_driver
                0x0000fc96       0x16 contiki-z1.a(nullsec.o)
                0x0000fc96                nullsec_driver
 .rodata.CSWTCH.5
                0x0000fcac        0x2 contiki-z1.a(frame802154.o)
 .rodata        0x0000fcae        0x8 /usr/local/msp430/bin/../lib/gcc/msp430/4.7.0/mcpu-430x/mmpy-16/msr20/mc20/libgcc.a(_thenan_sf.o)
                0x0000fcae                __thenan_sf
 .rodata        0x0000fcb6      0x100 /usr/local/msp430/bin/../lib/gcc/msp430/4.7.0/mcpu-430x/mmpy-16/msr20/mc20/libgcc.a(_clz.o)
                0x0000fcb6                __clz_tab
 .rodata.vuprintf
                0x0000fdb6        0x7 /usr/local/msp430/bin/../lib/gcc/msp430/4.7.0/../../../../msp430/lib/mcpu-430x/mmpy-16/msr20/mc20/libc.a(vuprintf.o)
 *(.near.rodata .near.rodata.*)
                0x0000fdbe                . = ALIGN (0x2)
                0x0000fdbe                _etext = .

.data           0x00001100      0x1f6 load address 0x0000fdbe
                0x00001100                . = ALIGN (0x2)